 Project2

 Timestamp is 678a8a35 (Fri Jan 17 18:49:57 2025)

 Preferred load address is 0000000140000000

 Start         Length     Name                   Class
 0001:00000000 00002220H .text                   CODE
 0001:00002220 0000073aH .text$_ZN7PozitieC2Ev   CODE
 0001:00002960 00000005H .text$_ZN7PozitieC1Ev   CODE
 0001:00002970 0000000eH .text$_ZN7Pozitie13adaugaPozitieEPN3Vcl8Extctrls6TShapeEi CODE
 0001:00002980 0000007fH .text$_ZN7Pozitie11adaugaLabelEPN3Vcl8Stdctrls6TLabelEi CODE
 0001:00002a00 0000000fH .text$_ZN7Pozitie10getPozitieEi CODE
 0001:00002a10 00000013H .text$_ZN7Pozitie8getLabelEi CODE
 0001:00002a30 0000000cH .text$_ZN7Pozitie6getZarEv CODE
 0001:00002a40 00000023H .text$_ZN7Pozitie4mutaEii CODE
 0001:00002a70 00000089H .text$_ZN7Pozitie17actualizeazaLabelEiiN6System13UnicodeStringE CODE
 0001:00002afc 00000000H .text                   CODE
 0001:00002b00 0000011eH .text$wWinMain          CODE
 0001:00002c20 0000000eH .text$__clang_call_terminate CODE
 0001:00002c30 00000000H .text                   CODE
 0001:00002c30 000007dcH .text$_ZN16TNuTeSuparaFrateC3EPN6System7Classes10TComponentE CODE
 0001:00003410 0000004aH .text$_ZN3Vcl5Forms5TFormC3EPN6System7Classes10TComponentE CODE
 0001:00003460 00000034H .text$_ZN3Vcl5Forms5TFormD0Ev CODE
 0001:000034a0 0000013dH .text$_ZN16TNuTeSuparaFrate14zarButtonClickEPN6System7TObjectE CODE
 0001:000035e0 000003dbH .text$_ZN16TNuTeSuparaFrate15casaButtonClickEPN6System7TObjectE CODE
 0001:000039c0 0000004aH .text$_ZN3Vcl8Stdctrls7TButtonC3EPN6System7Classes10TComponentE CODE
 0001:00003a10 00000187H .text$_ZN16TNuTeSuparaFrate9Btn1ClickEPN6System7TObjectE CODE
 0001:00003ba0 00000187H .text$_ZN16TNuTeSuparaFrate9Btn2ClickEPN6System7TObjectE CODE
 0001:00003d30 00000187H .text$_ZN16TNuTeSuparaFrate9Btn3ClickEPN6System7TObjectE CODE
 0001:00003ec0 00000187H .text$_ZN16TNuTeSuparaFrate9Btn4ClickEPN6System7TObjectE CODE
 0001:00004050 00000544H .text$_ZN16TNuTeSuparaFrate15mutaButtonClickEPN6System7TObjectE CODE
 0001:000045a0 00000715H .text$_ZN16TNuTeSuparaFrate9Btn5ClickEPN6System7TObjectE CODE
 0001:00004cc0 00000715H .text$_ZN16TNuTeSuparaFrate9Btn6ClickEPN6System7TObjectE CODE
 0001:000053e0 00000715H .text$_ZN16TNuTeSuparaFrate9Btn7ClickEPN6System7TObjectE CODE
 0001:00005b00 00000715H .text$_ZN16TNuTeSuparaFrate9Btn8ClickEPN6System7TObjectE CODE
 0001:00006220 0000003aH .text$_ZN16TNuTeSuparaFrate19normalizeazaPozitieEi CODE
 0001:00006260 00000121H .text$_ZN16TNuTeSuparaFrate16MutarePionClientEN6System13UnicodeStringEii CODE
 0001:00006390 000000ceH .text$_ZN16TNuTeSuparaFrate19ProcesareCasaClientEN6System13UnicodeStringEi CODE
 0001:00006460 00000971H .text$_ZN16TNuTeSuparaFrate17ClientSocket1ReadEPN6System7TObjectEPNS0_3Win8Scktcomp16TCustomWinSocketE CODE
 0001:00006de0 00000233H .text$_ZN16TNuTeSuparaFrate16buttonStartClickEPN6System7TObjectE CODE
 0001:00007020 0000004aH .text$_ZN16TNuTeSuparaFrateD0Ev CODE
 0001:00007070 00000055H .text$_ZN3Vcl5Forms5TFormC3EPN6System7Classes10TComponentEi CODE
 0001:000070d0 00000063H .text$_ZN3Vcl5Forms5TFormC3EPN6System7Classes10TComponentEii CODE
 0001:00007140 000001f5H .text$_ZN7PozitieD2Ev   CODE
 0001:00007340 000000b2H .text$_ZN6System11AnsiStringTILt0EED2Ev CODE
 0001:00007400 0000000cH .text$__dtor__ZZN6System11AnsiStringTILt0EED1EvE13__force_inst1 CODE
 0001:00007410 0000000cH .text$__dtor__ZZN6System11AnsiStringTILt0EED1EvE13__force_inst2 CODE
 0001:0000741c 00000000H .text                   CODE
 0001:00007420 0000001cH .text$_ZN3ZarC2Ev       CODE
 0001:00007440 0000001cH .text$_ZN3ZarC1Ev       CODE
 0001:00007460 00000036H .text$_ZN3Zar6aruncaEv  CODE
 0001:000074a0 00000036H .text$_ZN3Zar10getValoareEv CODE
 0001:000074e0 0000347cH .text                   CODE
 0001:0000a960 000000d5H .text$_ZN6System8Sysutils11ERangeErrorC3ENS_13UnicodeStringE CODE
 0001:0000aa40 00000048H .text$_ZN6System8Sysutils11ERangeErrorD0Ev CODE
 0001:0000aa90 000000a5H .text$_ZN6System8Sysutils9EIntErrorC3ENS_13UnicodeStringE CODE
 0001:0000ab40 00000075H .text$_ZN6System8Sysutils9EExternalC3ENS_13UnicodeStringE CODE
 0001:0000abc0 0000003eH .text$_ZN6System8Sysutils9EIntErrorD0Ev CODE
 0001:0000ac00 00000034H .text$_ZN6System8Sysutils9EExternalD0Ev CODE
 0001:0000ac40 00000844H .text                   CODE
 0001:0000b490 0000042dH .text$_ZNSt3__112__hash_tableINS_17__hash_value_typeIPN6System7Typinfo9TTypeInfoEPSt9type_infoEENS_22__unordered_map_hasherIS5_S8_NS_4hashIS5_EENS_8equal_toIS5_EELb1EEENS_21__unordered_map_equalIS5_S8_SD_SB_Lb1EEENS_9allocatorIS8_EEE25__emplace_unique_key_argsIS5_JRKNS_21piecewise_construct_tENS_5tupleIJRKS5_EEENSO_IJEEEEEENS_4pairINS_15__hash_iteratorIPNS_11__hash_nodeIS8_PvEEEEbEERKT_DpOT0_ CODE
 0001:0000b8c0 00000031H .text$_ZSt28__throw_bad_array_new_lengthB6v15007v CODE
 0001:0000b900 00000233H .text$_ZNSt3__112__hash_tableINS_17__hash_value_typeIPN6System7Typinfo9TTypeInfoEPSt9type_infoEENS_22__unordered_map_hasherIS5_S8_NS_4hashIS5_EENS_8equal_toIS5_EELb1EEENS_21__unordered_map_equalIS5_S8_SD_SB_Lb1EEENS_9allocatorIS8_EEE11__do_rehashILb1EEEvy CODE
 0001:0000bb40 000035fcH .text                   CODE
 0002:00000000 00000008H .rdata$.refptr._MINGW_INSTALL_DEBUG_MATHERR DATA
 0002:00000008 00000008H .rdata$.refptr.__dyn_tls_init_callback DATA
 0002:00000010 00000008H .rdata$.refptr.__globallocalestatus DATA
 0002:00000018 00000008H .rdata$.refptr.__image_base__ DATA
 0002:00000020 00000008H .rdata$.refptr.__imp___winitenv DATA
 0002:00000028 00000008H .rdata$.refptr.__mingw_app_type DATA
 0002:00000030 00000008H .rdata$.refptr.__mingw_initltsdrot_force DATA
 0002:00000038 00000008H .rdata$.refptr.__mingw_initltsdyn_force DATA
 0002:00000040 00000008H .rdata$.refptr.__mingw_initltssuo_force DATA
 0002:00000048 00000008H .rdata$.refptr.__mingw_oldexcpt_handler DATA
 0002:00000050 00000008H .rdata$.refptr.__native_startup_lock DATA
 0002:00000058 00000008H .rdata$.refptr.__native_startup_state DATA
 0002:00000060 00000008H .rdata$.refptr.__xc_a   DATA
 0002:00000068 00000008H .rdata$.refptr.__xc_z   DATA
 0002:00000070 00000008H .rdata$.refptr.__xi_a   DATA
 0002:00000078 00000008H .rdata$.refptr.__xi_z   DATA
 0002:00000080 00000008H .rdata$.refptr._commode DATA
 0002:00000088 00000008H .rdata$.refptr._dowildcard DATA
 0002:00000090 00000008H .rdata$.refptr._fmode   DATA
 0002:00000098 00000008H .rdata$.refptr._hInstance DATA
 0002:000000a0 00000008H .rdata$.refptr._newmode DATA
 0002:000000a8 00000542H .rdata                  DATA
 0002:000005f0 00000008H .rdata$.refptr.NuTeSuparaFrate DATA
 0002:000005f8 00000008H .rdata$.refptr._ZTRN6System8Sysutils9ExceptionE DATA
 0002:00000600 00000008H .rdata$.refptr._ZTV16TNuTeSuparaFrate DATA
 0002:00000608 00000008H .rdata$.refptr._ZTVN6System8Sysutils9ExceptionE DATA
 0002:00000610 00000440H .rdata$_ZTV16TNuTeSuparaFrate DATA
 0002:00000a50 0000037aH .rdata                  DATA
 0002:00000dd0 0000003cH .rdata$_ZTR16TNuTeSuparaFrate DATA
 0002:00000e10 00000032H .rdata$_ZTX16TNuTeSuparaFrate DATA
 0002:00000e50 0000088aH .rdata$_ZTF16TNuTeSuparaFrate DATA
 0002:000016e0 000000c1H .rdata$_ZTM16TNuTeSuparaFrate DATA
 0002:000017a1 00000019H .rdata                  DATA
 0002:000017c0 00000008H .rdata$.refptr._ZN6System10_init_instE DATA
 0002:000017c8 00000008H .rdata$.refptr._ZTVN3Vcl5Forms5TFormE DATA
 0002:000017d0 00000008H .rdata$.refptr._ZTVN3Vcl8Stdctrls7TButtonE DATA
 0002:000017d8 00000008H .rdata$.refptr._ZTVN6System7Classes11TStringListE DATA
 0002:000017e0 0000007eH .rdata                  DATA
 0002:00001860 00000008H .rdata$.refptr.__imp__tzset DATA
 0002:00001868 00000008H .rdata$.refptr.__mingw_module_is_dll DATA
 0002:00001870 00000008H .rdata$.refptr.__CTOR_LIST__ DATA
 0002:00001878 00000038H .rdata                  DATA
 0002:000018b0 00000008H .rdata$.refptr._CRT_MT  DATA
 0002:000018b8 00000255H .rdata                  DATA
 0002:00001b10 00000008H .rdata$.refptr.__RUNTIME_PSEUDO_RELOC_LIST_END__ DATA
 0002:00001b18 00000008H .rdata$.refptr.__RUNTIME_PSEUDO_RELOC_LIST__ DATA
 0002:00001b20 00000001H .rdata                  DATA
 0002:00001b28 00000008H .rdata$.refptr._ZTRN6System8Sysutils11ERangeErrorE DATA
 0002:00001b30 00000008H .rdata$.refptr._ZTVN6System8Sysutils11ERangeErrorE DATA
 0002:00001b38 00000151H .rdata                  DATA
 0002:00001c89 00000019H .rdata$_ZTSSt20bad_array_new_length DATA
 0002:00001ca2 0000000dH .rdata$_ZTSSt9bad_alloc DATA
 0002:00001caf 0000000dH .rdata$_ZTSSt9exception DATA
 0002:00001cc0 00000010H .rdata$_ZTISt9exception DATA
 0002:00001cd0 00000018H .rdata$_ZTISt9bad_alloc DATA
 0002:00001ce8 00000018H .rdata$_ZTISt20bad_array_new_length DATA
 0002:00001d00 00000008H .rdata$.refptr.__EMBT_INIT_LIST_BEGIN__ DATA
 0002:00001d08 00000008H .rdata$.refptr.__EMBT_INIT_LIST_END__ DATA
 0002:00001d10 00000008H .rdata$.refptr.__isDLL  DATA
 0002:00001d18 00000008H .rdata$.refptr.__isGUI  DATA
 0002:00001d20 00000008H .rdata$.refptr.__isVCLPackage DATA
 0002:00001d28 000003a0H .rdata                  DATA
 0002:00002128 00000008H .CRT$XCA                DATA
 0002:00002130 00000008H .CRT$XCAA               DATA
 0002:00002138 00000008H .CRT$XCZ                DATA
 0002:00002140 00000008H .CRT$XDA                DATA
 0002:00002148 00000008H .CRT$XDZ                DATA
 0002:00002150 00000008H .CRT$XIA                DATA
 0002:00002158 00000008H .CRT$XIAA               DATA
 0002:00002160 00000008H .CRT$XIZ                DATA
 0002:00002168 00000008H .CRT$XLA                DATA
 0002:00002170 00000008H .CRT$XLC                DATA
 0002:00002178 00000008H .CRT$XLD                DATA
 0002:00002180 00000008H .CRT$XLZ                DATA
 0002:00002190 00000008H .ctors.65435            DATA
 0002:00002198 00000010H .ctors.65534            DATA
 0002:000021b8 00000008H .dtors.65435            DATA
 0002:000085d0 000001ecH .xdata                  DATA
 0002:000087bc 00000040H .xdata$_ZN7PozitieC2Ev  DATA
 0002:000087fc 00000024H .xdata$_ZN7Pozitie11adaugaLabelEPN3Vcl8Stdctrls6TLabelEi DATA
 0002:00008820 00000020H .xdata$_ZN7Pozitie17actualizeazaLabelEiiN6System13UnicodeStringE DATA
 0002:00008840 00000040H .xdata$_ZN7PozitieC2Ev  DATA
 0002:00008880 00000024H .xdata$_ZN7Pozitie11adaugaLabelEPN3Vcl8Stdctrls6TLabelEi DATA
 0002:000088a4 00000020H .xdata$_ZN7Pozitie17actualizeazaLabelEiiN6System13UnicodeStringE DATA
 0002:000088c4 000000d0H .xdata$wWinMain         DATA
 0002:00008994 00000034H .xdata$_ZN16TNuTeSuparaFrateC3EPN6System7Classes10TComponentE DATA
 0002:000089c8 0000002cH .xdata$_ZN16TNuTeSuparaFrate14zarButtonClickEPN6System7TObjectE DATA
 0002:000089f4 00000058H .xdata$_ZN16TNuTeSuparaFrate15casaButtonClickEPN6System7TObjectE DATA
 0002:00008a4c 0000003cH .xdata$_ZN16TNuTeSuparaFrate9Btn1ClickEPN6System7TObjectE DATA
 0002:00008a88 0000003cH .xdata$_ZN16TNuTeSuparaFrate9Btn2ClickEPN6System7TObjectE DATA
 0002:00008ac4 0000003cH .xdata$_ZN16TNuTeSuparaFrate9Btn3ClickEPN6System7TObjectE DATA
 0002:00008b00 0000003cH .xdata$_ZN16TNuTeSuparaFrate9Btn4ClickEPN6System7TObjectE DATA
 0002:00008b3c 0000005cH .xdata$_ZN16TNuTeSuparaFrate15mutaButtonClickEPN6System7TObjectE DATA
 0002:00008b98 000000b4H .xdata$_ZN16TNuTeSuparaFrate9Btn5ClickEPN6System7TObjectE DATA
 0002:00008c4c 000000b4H .xdata$_ZN16TNuTeSuparaFrate9Btn6ClickEPN6System7TObjectE DATA
 0002:00008d00 000000b4H .xdata$_ZN16TNuTeSuparaFrate9Btn7ClickEPN6System7TObjectE DATA
 0002:00008db4 000000b4H .xdata$_ZN16TNuTeSuparaFrate9Btn8ClickEPN6System7TObjectE DATA
 0002:00008e68 0000002cH .xdata$_ZN16TNuTeSuparaFrate16MutarePionClientEN6System13UnicodeStringEii DATA
 0002:00008e94 00000034H .xdata$_ZN16TNuTeSuparaFrate19ProcesareCasaClientEN6System13UnicodeStringEi DATA
 0002:00008ec8 0000014cH .xdata$_ZN16TNuTeSuparaFrate17ClientSocket1ReadEPN6System7TObjectEPNS0_3Win8Scktcomp16TCustomWinSocketE DATA
 0002:00009014 00000054H .xdata$_ZN16TNuTeSuparaFrate16buttonStartClickEPN6System7TObjectE DATA
 0002:00009068 00000020H .xdata$_ZN6System11AnsiStringTILt0EED2Ev DATA
 0002:00009088 00000034H .xdata$_ZN16TNuTeSuparaFrateC3EPN6System7Classes10TComponentE DATA
 0002:000090bc 0000000cH .xdata$_ZN3Vcl5Forms5TFormC3EPN6System7Classes10TComponentE DATA
 0002:000090c8 0000000cH .xdata$_ZN3Vcl5Forms5TFormD0Ev DATA
 0002:000090d4 0000002cH .xdata$_ZN16TNuTeSuparaFrate14zarButtonClickEPN6System7TObjectE DATA
 0002:00009100 00000058H .xdata$_ZN16TNuTeSuparaFrate15casaButtonClickEPN6System7TObjectE DATA
 0002:00009158 0000000cH .xdata$_ZN3Vcl8Stdctrls7TButtonC3EPN6System7Classes10TComponentE DATA
 0002:00009164 0000003cH .xdata$_ZN16TNuTeSuparaFrate9Btn1ClickEPN6System7TObjectE DATA
 0002:000091a0 0000003cH .xdata$_ZN16TNuTeSuparaFrate9Btn2ClickEPN6System7TObjectE DATA
 0002:000091dc 0000003cH .xdata$_ZN16TNuTeSuparaFrate9Btn3ClickEPN6System7TObjectE DATA
 0002:00009218 0000003cH .xdata$_ZN16TNuTeSuparaFrate9Btn4ClickEPN6System7TObjectE DATA
 0002:00009254 0000005cH .xdata$_ZN16TNuTeSuparaFrate15mutaButtonClickEPN6System7TObjectE DATA
 0002:000092b0 000000b4H .xdata$_ZN16TNuTeSuparaFrate9Btn5ClickEPN6System7TObjectE DATA
 0002:00009364 000000b4H .xdata$_ZN16TNuTeSuparaFrate9Btn6ClickEPN6System7TObjectE DATA
 0002:00009418 000000b4H .xdata$_ZN16TNuTeSuparaFrate9Btn7ClickEPN6System7TObjectE DATA
 0002:000094cc 000000b4H .xdata$_ZN16TNuTeSuparaFrate9Btn8ClickEPN6System7TObjectE DATA
 0002:00009580 0000002cH .xdata$_ZN16TNuTeSuparaFrate16MutarePionClientEN6System13UnicodeStringEii DATA
 0002:000095ac 00000034H .xdata$_ZN16TNuTeSuparaFrate19ProcesareCasaClientEN6System13UnicodeStringEi DATA
 0002:000095e0 0000014cH .xdata$_ZN16TNuTeSuparaFrate17ClientSocket1ReadEPN6System7TObjectEPNS0_3Win8Scktcomp16TCustomWinSocketE DATA
 0002:0000972c 00000054H .xdata$_ZN16TNuTeSuparaFrate16buttonStartClickEPN6System7TObjectE DATA
 0002:00009780 0000000cH .xdata$_ZN16TNuTeSuparaFrateD0Ev DATA
 0002:0000978c 0000000cH .xdata$_ZN3Vcl5Forms5TFormC3EPN6System7Classes10TComponentEi DATA
 0002:00009798 00000010H .xdata$_ZN3Vcl5Forms5TFormC3EPN6System7Classes10TComponentEii DATA
 0002:000097a8 0000000cH .xdata$_ZN7PozitieD2Ev  DATA
 0002:000097b4 00000020H .xdata$_ZN6System11AnsiStringTILt0EED2Ev DATA
 0002:000097d4 00000008H .xdata$_ZN3ZarC2Ev      DATA
 0002:000097dc 00000008H .xdata$_ZN3ZarC1Ev      DATA
 0002:000097e4 00000008H .xdata$_ZN3Zar6aruncaEv DATA
 0002:000097ec 00000008H .xdata$_ZN3Zar10getValoareEv DATA
 0002:000097f4 0000083cH .xdata                  DATA
 0002:0000a030 0000002cH .xdata$_ZN6System8Sysutils11ERangeErrorC3ENS_13UnicodeStringE DATA
 0002:0000a05c 00000028H .xdata$_ZN6System11AnsiStringTILt0EED2Ev DATA
 0002:0000a084 00000028H .xdata$_ZN6System8Sysutils9EIntErrorC3ENS_13UnicodeStringE DATA
 0002:0000a0ac 00000020H .xdata$_ZN6System8Sysutils9EExternalC3ENS_13UnicodeStringE DATA
 0002:0000a0cc 0000002cH .xdata$_ZN6System8Sysutils11ERangeErrorC3ENS_13UnicodeStringE DATA
 0002:0000a0f8 0000000cH .xdata$_ZN6System8Sysutils11ERangeErrorD0Ev DATA
 0002:0000a104 00000028H .xdata$_ZN6System8Sysutils9EIntErrorC3ENS_13UnicodeStringE DATA
 0002:0000a12c 00000020H .xdata$_ZN6System8Sysutils9EExternalC3ENS_13UnicodeStringE DATA
 0002:0000a14c 0000000cH .xdata$_ZN6System8Sysutils9EIntErrorD0Ev DATA
 0002:0000a158 0000000cH .xdata$_ZN6System8Sysutils9EExternalD0Ev DATA
 0002:0000a164 000000d0H .xdata                  DATA
 0002:0000a234 00000078H .xdata$_ZNSt3__112__hash_tableINS_17__hash_value_typeIPN6System7Typinfo9TTypeInfoEPSt9type_infoEENS_22__unordered_map_hasherIS5_S8_NS_4hashIS5_EENS_8equal_toIS5_EELb1EEENS_21__unordered_map_equalIS5_S8_SD_SB_Lb1EEENS_9allocatorIS8_EEE25__emplace_unique_key_argsIS5_JRKNS_21piecewise_construct_tENS_5tupleIJRKS5_EEENSO_IJEEEEEENS_4pairINS_15__hash_iteratorIPNS_11__hash_nodeIS8_PvEEEEbEERKT_DpOT0_ DATA
 0002:0000a2ac 00000008H .xdata$_ZSt28__throw_bad_array_new_lengthB6v15007v DATA
 0002:0000a2b4 00000010H .xdata$_ZNSt3__112__hash_tableINS_17__hash_value_typeIPN6System7Typinfo9TTypeInfoEPSt9type_infoEENS_22__unordered_map_hasherIS5_S8_NS_4hashIS5_EENS_8equal_toIS5_EELb1EEENS_21__unordered_map_equalIS5_S8_SD_SB_Lb1EEENS_9allocatorIS8_EEE11__do_rehashILb1EEEvy DATA
 0002:0000a2c4 000007e4H .xdata                  DATA
 0002:0000aaa8 00000038H .xdata$_ZN6System8Sysutils11ERangeErrorC3ENS_13UnicodeStringE DATA
 0002:0000aae0 00000020H .xdata$_ZN6System11AnsiStringTILt0EED2Ev DATA
 0002:0000ab00 0000004cH .xdata$_ZN6System8Sysutils9EIntErrorC3ENS_13UnicodeStringE DATA
 0002:0000ab4c 00000038H .xdata$_ZN6System8Sysutils9EExternalC3ENS_13UnicodeStringE DATA
 0002:0000ab84 0000027cH .xdata                  DATA
 0003:00000000 0000022cH .data                   DATA
 0003:00000230 00000198H .bss                    DATA
 0003:000003c8 00000008H .bss$NuTeSuparaFrate    DATA
 0003:000003d0 00000008H .bss$_ZGVZN6System11AnsiStringTILt0EED1EvE13__force_inst1 DATA
 0003:000003d8 00000008H .bss$_ZGVZN6System11AnsiStringTILt0EED1EvE13__force_inst2 DATA
 0003:000003e0 00000008H .bss$_ZZN6System11AnsiStringTILt0EED1EvE13__force_inst1 DATA
 0003:000003e8 00000008H .bss$_ZZN6System11AnsiStringTILt0EED1EvE13__force_inst2 DATA
 0004:00000000 0000021cH .pdata                  DATA
 0004:0000021c 0000000cH .pdata$_ZN7PozitieC2Ev  DATA
 0004:00000228 0000000cH .pdata$_ZN7Pozitie11adaugaLabelEPN3Vcl8Stdctrls6TLabelEi DATA
 0004:00000234 0000000cH .pdata$_ZN7Pozitie17actualizeazaLabelEiiN6System13UnicodeStringE DATA
 0004:00000240 0000000cH .pdata$wWinMain         DATA
 0004:0000024c 0000000cH .pdata$_ZN16TNuTeSuparaFrateC3EPN6System7Classes10TComponentE DATA
 0004:00000258 0000000cH .pdata$_ZN3Vcl5Forms5TFormC3EPN6System7Classes10TComponentE DATA
 0004:00000264 0000000cH .pdata$_ZN3Vcl5Forms5TFormD0Ev DATA
 0004:00000270 0000000cH .pdata$_ZN16TNuTeSuparaFrate14zarButtonClickEPN6System7TObjectE DATA
 0004:0000027c 0000000cH .pdata$_ZN16TNuTeSuparaFrate15casaButtonClickEPN6System7TObjectE DATA
 0004:00000288 0000000cH .pdata$_ZN3Vcl8Stdctrls7TButtonC3EPN6System7Classes10TComponentE DATA
 0004:00000294 0000000cH .pdata$_ZN16TNuTeSuparaFrate9Btn1ClickEPN6System7TObjectE DATA
 0004:000002a0 0000000cH .pdata$_ZN16TNuTeSuparaFrate9Btn2ClickEPN6System7TObjectE DATA
 0004:000002ac 0000000cH .pdata$_ZN16TNuTeSuparaFrate9Btn3ClickEPN6System7TObjectE DATA
 0004:000002b8 0000000cH .pdata$_ZN16TNuTeSuparaFrate9Btn4ClickEPN6System7TObjectE DATA
 0004:000002c4 0000000cH .pdata$_ZN16TNuTeSuparaFrate15mutaButtonClickEPN6System7TObjectE DATA
 0004:000002d0 0000000cH .pdata$_ZN16TNuTeSuparaFrate9Btn5ClickEPN6System7TObjectE DATA
 0004:000002dc 0000000cH .pdata$_ZN16TNuTeSuparaFrate9Btn6ClickEPN6System7TObjectE DATA
 0004:000002e8 0000000cH .pdata$_ZN16TNuTeSuparaFrate9Btn7ClickEPN6System7TObjectE DATA
 0004:000002f4 0000000cH .pdata$_ZN16TNuTeSuparaFrate9Btn8ClickEPN6System7TObjectE DATA
 0004:00000300 0000000cH .pdata$_ZN16TNuTeSuparaFrate16MutarePionClientEN6System13UnicodeStringEii DATA
 0004:0000030c 0000000cH .pdata$_ZN16TNuTeSuparaFrate19ProcesareCasaClientEN6System13UnicodeStringEi DATA
 0004:00000318 0000000cH .pdata$_ZN16TNuTeSuparaFrate17ClientSocket1ReadEPN6System7TObjectEPNS0_3Win8Scktcomp16TCustomWinSocketE DATA
 0004:00000324 0000000cH .pdata$_ZN16TNuTeSuparaFrate16buttonStartClickEPN6System7TObjectE DATA
 0004:00000330 0000000cH .pdata$_ZN16TNuTeSuparaFrateD0Ev DATA
 0004:0000033c 0000000cH .pdata$_ZN3Vcl5Forms5TFormC3EPN6System7Classes10TComponentEi DATA
 0004:00000348 0000000cH .pdata$_ZN3Vcl5Forms5TFormC3EPN6System7Classes10TComponentEii DATA
 0004:00000354 0000000cH .pdata$_ZN7PozitieD2Ev  DATA
 0004:00000360 0000000cH .pdata$_ZN6System11AnsiStringTILt0EED2Ev DATA
 0004:0000036c 0000000cH .pdata$_ZN3ZarC2Ev      DATA
 0004:00000378 0000000cH .pdata$_ZN3ZarC1Ev      DATA
 0004:00000384 0000000cH .pdata$_ZN3Zar6aruncaEv DATA
 0004:00000390 0000000cH .pdata$_ZN3Zar10getValoareEv DATA
 0004:0000039c 0000060cH .pdata                  DATA
 0004:000009a8 0000000cH .pdata$_ZN6System8Sysutils11ERangeErrorC3ENS_13UnicodeStringE DATA
 0004:000009b4 0000000cH .pdata$_ZN6System8Sysutils11ERangeErrorD0Ev DATA
 0004:000009c0 0000000cH .pdata$_ZN6System8Sysutils9EIntErrorC3ENS_13UnicodeStringE DATA
 0004:000009cc 0000000cH .pdata$_ZN6System8Sysutils9EExternalC3ENS_13UnicodeStringE DATA
 0004:000009d8 0000000cH .pdata$_ZN6System8Sysutils9EIntErrorD0Ev DATA
 0004:000009e4 0000000cH .pdata$_ZN6System8Sysutils9EExternalD0Ev DATA
 0004:000009f0 0000009cH .pdata                  DATA
 0004:00000a8c 0000000cH .pdata$_ZNSt3__112__hash_tableINS_17__hash_value_typeIPN6System7Typinfo9TTypeInfoEPSt9type_infoEENS_22__unordered_map_hasherIS5_S8_NS_4hashIS5_EENS_8equal_toIS5_EELb1EEENS_21__unordered_map_equalIS5_S8_SD_SB_Lb1EEENS_9allocatorIS8_EEE25__emplace_unique_key_argsIS5_JRKNS_21piecewise_construct_tENS_5tupleIJRKS5_EEENSO_IJEEEEEENS_4pairINS_15__hash_iteratorIPNS_11__hash_nodeIS8_PvEEEEbEERKT_DpOT0_ DATA
 0004:00000a98 0000000cH .pdata$_ZSt28__throw_bad_array_new_lengthB6v15007v DATA
 0004:00000aa4 0000000cH .pdata$_ZNSt3__112__hash_tableINS_17__hash_value_typeIPN6System7Typinfo9TTypeInfoEPSt9type_infoEENS_22__unordered_map_hasherIS5_S8_NS_4hashIS5_EENS_8equal_toIS5_EELb1EEENS_21__unordered_map_equalIS5_S8_SD_SB_Lb1EEENS_9allocatorIS8_EEE11__do_rehashILb1EEEvy DATA
 0004:00000ab0 00000630H .pdata                  DATA
 0005:00000000 0000002cH .embtexi                DATA
 0006:00000000 00000008H .embti$x                DATA
 0006:00000008 00000080H .embti$y                DATA
 0006:00000088 00000008H .embti$z                DATA
 0007:00000000 0000002cH .embtini                DATA
 0008:00000000 00000108H .embtinit               DATA
 0009:00000000 00000008H .tls                    DATA
 0009:00000008 00000008H .tls$ZZZ                DATA
 0009:00000010 00000001H .tls$zzz                DATA
 000a:00000000 0000037cH .rsrc$01                DATA
 000a:00000380 00023f10H .rsrc$02                DATA

  Address         Publics by Value              Rva+Base               Lib:Object

 0000:00000000       .absolut                   0000000000000000     <absolute>
 0000:ffffffb0       vtAfterConstruction        00000000ffffffb0     <absolute>
 0000:ffffffb8       vtBeforeDestruction        00000000ffffffb8     <absolute>
 0000:ffffffd0       vtNewInstance              00000000ffffffd0     <absolute>
 0000:ffffffd8       vtFreeInstance             00000000ffffffd8     <absolute>
 0000:00000000       __ImageBase                0000000140000000     <linker-defined>
 0000:00000000       __ImageBase                0000000140000000     <linker-defined>
 0000:00000000       __ImageBase                0000000140000000     <linker-defined>
 0001:00000100       WinMainCRTStartup          0000000140001100     crt2u.o
 0001:00000350       mainCRTStartup             0000000140001350     crt2u.o
 0001:00000380       atexit                     0000000140001380     crt2u.o
 0001:00000620       __System__GetTls           0000000140001620     crtbegin.o
 0001:00000636       _ZN7Sysinit7_GetTlsEv      0000000140001636     crtbegin.o
 0001:00000650       .weak._ZN7Sysinit7_GetTlsEv.default 0000000140001650     sysinit.o
 0001:000006b0       _ZN7Sysinit17SetDliNotifyHook2EPFPv15dliNotificationP13DelayLoadInfoE 00000001400016b0     sysinit.o
 0001:000006c0       _ZN7Sysinit14DliNotifyHook2Ev 00000001400016c0     sysinit.o
 0001:000006d0       _ZN7Sysinit18SetDliFailureHook2EPFPv15dliNotificationP13DelayLoadInfoE 00000001400016d0     sysinit.o
 0001:000006e0       _ZN7Sysinit15DliFailureHook2Ev 00000001400016e0     sysinit.o
 0001:000006f0       _ZN7Sysinit17_DelayLoadHelper2ERPvS0_ 00000001400016f0     sysinit.o
 0001:00000700       _ZN7Sysinit21UnloadDelayLoadedDLL2EPc 0000000140001700     sysinit.o
 0001:00000710       _ZN7Sysinit20LoadAllImportsForDllEPc 0000000140001710     sysinit.o
 0001:00000720       _ZN7Sysinit7VclInitEbbyb   0000000140001720     sysinit.o
 0001:00000800       _ZN7Sysinit7VclExitEv      0000000140001800     sysinit.o
 0001:00000850       _ZN7Sysinit8_InitPkgEyiPv  0000000140001850     sysinit.o
 0001:000008d0       _ZN7Sysinit12_PackageLoadEPN6System16PackageInfoTableE 00000001400018d0     sysinit.o
 0001:000008f0       _ZN7Sysinit14_PackageUnloadEPN6System16PackageInfoTableE 00000001400018f0     sysinit.o
 0001:00000910       _ZN7Sysinit8_InitLibEPN6System12TInitContextEPNS0_16PackageInfoTableEyjPv 0000000140001910     sysinit.o
 0001:000009c0       _ZN7Sysinit8_InitExeEPv    00000001400019c0     sysinit.o
 0001:00000a50       _ZN7Sysinit18__delayLoadHelper2Ev 0000000140001a50     sysinit.o
 0001:00000d30       _ZN7Sysinit24__FUnloadDelayLoadedDLL2Ev 0000000140001d30     sysinit.o
 0001:000013e0       _ZN7Sysinit24__HrLoadAllImportsForDllEv 00000001400023e0     sysinit.o
 0001:00001870       _ZN7Sysinit12FinalizationEv 0000000140002870     sysinit.o
 0001:00001890       _ZN7Sysinit14initializationEv 0000000140002890     sysinit.o
 0001:00002220       _ZN7PozitieC2Ev            0000000140003220     Pozitie.o
 0001:00002960       _ZN7PozitieC1Ev            0000000140003960     Pozitie.o
 0001:00002970       _ZN7Pozitie13adaugaPozitieEPN3Vcl8Extctrls6TShapeEi 0000000140003970     Pozitie.o
 0001:00002980       _ZN7Pozitie11adaugaLabelEPN3Vcl8Stdctrls6TLabelEi 0000000140003980     Pozitie.o
 0001:00002a00       _ZN7Pozitie10getPozitieEi  0000000140003a00     Pozitie.o
 0001:00002a10       _ZN7Pozitie8getLabelEi     0000000140003a10     Pozitie.o
 0001:00002a30       _ZN7Pozitie6getZarEv       0000000140003a30     Pozitie.o
 0001:00002a40       _ZN7Pozitie4mutaEii        0000000140003a40     Pozitie.o
 0001:00002a70       _ZN7Pozitie17actualizeazaLabelEiiN6System13UnicodeStringE 0000000140003a70     Pozitie.o
 0001:00002b00       wWinMain                   0000000140003b00     Project2.o
 0001:00002c20       __clang_call_terminate     0000000140003c20     Project2.o
 0001:00002c30       _ZN16TNuTeSuparaFrateC3EPN6System7Classes10TComponentE 0000000140003c30     Unit1.o
 0001:00003410       _ZN3Vcl5Forms5TFormC3EPN6System7Classes10TComponentE 0000000140004410     Unit1.o
 0001:00003460       _ZN3Vcl5Forms5TFormD0Ev    0000000140004460     Unit1.o
 0001:000034a0       _ZN16TNuTeSuparaFrate14zarButtonClickEPN6System7TObjectE 00000001400044a0     Unit1.o
 0001:000035e0       _ZN16TNuTeSuparaFrate15casaButtonClickEPN6System7TObjectE 00000001400045e0     Unit1.o
 0001:000039c0       _ZN3Vcl8Stdctrls7TButtonC3EPN6System7Classes10TComponentE 00000001400049c0     Unit1.o
 0001:00003a10       _ZN16TNuTeSuparaFrate9Btn1ClickEPN6System7TObjectE 0000000140004a10     Unit1.o
 0001:00003ba0       _ZN16TNuTeSuparaFrate9Btn2ClickEPN6System7TObjectE 0000000140004ba0     Unit1.o
 0001:00003d30       _ZN16TNuTeSuparaFrate9Btn3ClickEPN6System7TObjectE 0000000140004d30     Unit1.o
 0001:00003ec0       _ZN16TNuTeSuparaFrate9Btn4ClickEPN6System7TObjectE 0000000140004ec0     Unit1.o
 0001:00004050       _ZN16TNuTeSuparaFrate15mutaButtonClickEPN6System7TObjectE 0000000140005050     Unit1.o
 0001:000045a0       _ZN16TNuTeSuparaFrate9Btn5ClickEPN6System7TObjectE 00000001400055a0     Unit1.o
 0001:00004cc0       _ZN16TNuTeSuparaFrate9Btn6ClickEPN6System7TObjectE 0000000140005cc0     Unit1.o
 0001:000053e0       _ZN16TNuTeSuparaFrate9Btn7ClickEPN6System7TObjectE 00000001400063e0     Unit1.o
 0001:00005b00       _ZN16TNuTeSuparaFrate9Btn8ClickEPN6System7TObjectE 0000000140006b00     Unit1.o
 0001:00006220       _ZN16TNuTeSuparaFrate19normalizeazaPozitieEi 0000000140007220     Unit1.o
 0001:00006260       _ZN16TNuTeSuparaFrate16MutarePionClientEN6System13UnicodeStringEii 0000000140007260     Unit1.o
 0001:00006390       _ZN16TNuTeSuparaFrate19ProcesareCasaClientEN6System13UnicodeStringEi 0000000140007390     Unit1.o
 0001:00006460       _ZN16TNuTeSuparaFrate17ClientSocket1ReadEPN6System7TObjectEPNS0_3Win8Scktcomp16TCustomWinSocketE 0000000140007460     Unit1.o
 0001:00006de0       _ZN16TNuTeSuparaFrate16buttonStartClickEPN6System7TObjectE 0000000140007de0     Unit1.o
 0001:00007020       _ZN16TNuTeSuparaFrateD0Ev  0000000140008020     Unit1.o
 0001:00007070       _ZN3Vcl5Forms5TFormC3EPN6System7Classes10TComponentEi 0000000140008070     Unit1.o
 0001:000070d0       _ZN3Vcl5Forms5TFormC3EPN6System7Classes10TComponentEii 00000001400080d0     Unit1.o
 0001:00007140       _ZN7PozitieD2Ev            0000000140008140     Unit1.o
 0001:00007340       _ZN6System11AnsiStringTILt0EED2Ev 0000000140008340     Unit1.o
 0001:00007420       _ZN3ZarC2Ev                0000000140008420     Zar.o
 0001:00007440       _ZN3ZarC1Ev                0000000140008440     Zar.o
 0001:00007460       _ZN3Zar6aruncaEv           0000000140008460     Zar.o
 0001:000074a0       _ZN3Zar10getValoareEv      00000001400084a0     Zar.o
 0001:000074e0       _ZN6System8Internal7Strhlpr15UnicodeFromAnsiERNS_13UnicodeStringERNS_11AnsiStringTILt65535EEE 00000001400084e0     rtl:System.Internal.StrHlpr.o
 0001:00007500       _ZN6System8Internal7Strhlpr16UnicodeFromPCharERNS_13UnicodeStringEPcb 0000000140008500     rtl:System.Internal.StrHlpr.o
 0001:00007590       _ZN6System8Internal7Strhlpr15UnicodeFromUTF8ERNS_13UnicodeStringEPKc 0000000140008590     rtl:System.Internal.StrHlpr.o
 0001:000075a0       _ZN6System8Internal7Strhlpr20UnicodeFromPWideCharERNS_13UnicodeStringEPw 00000001400085a0     rtl:System.Internal.StrHlpr.o
 0001:000075c0       _ZN6System8Internal7Strhlpr13UnicodeAppendERNS_13UnicodeStringES3_ 00000001400085c0     rtl:System.Internal.StrHlpr.o
 0001:000075e0       _ZN6System8Internal7Strhlpr10UnicodeCatERNS_13UnicodeStringES3_ 00000001400085e0     rtl:System.Internal.StrHlpr.o
 0001:00007600       _ZN6System8Internal7Strhlpr13UnicodeDeleteERNS_13UnicodeStringEii 0000000140008600     rtl:System.Internal.StrHlpr.o
 0001:00007610       _ZN6System8Internal7Strhlpr16UnicodeSetLengthERNS_13UnicodeStringEi 0000000140008610     rtl:System.Internal.StrHlpr.o
 0001:00007620       _ZN6System8Internal7Strhlpr10UnicodePosERNS_13UnicodeStringES3_ 0000000140008620     rtl:System.Internal.StrHlpr.o
 0001:00007640       _ZN6System8Internal7Strhlpr11UnicodeCopyERNS_13UnicodeStringEii 0000000140008640     rtl:System.Internal.StrHlpr.o
 0001:00007660       _ZN6System8Internal7Strhlpr13UnicodeInsertERNS_13UnicodeStringES3_i 0000000140008660     rtl:System.Internal.StrHlpr.o
 0001:00007680       _ZN6System8Internal7Strhlpr13UnicodeAssignERNS_13UnicodeStringES3_ 0000000140008680     rtl:System.Internal.StrHlpr.o
 0001:000076a0       _ZN6System8Internal7Strhlpr11UnicodeFreeERNS_13UnicodeStringE 00000001400086a0     rtl:System.Internal.StrHlpr.o
 0001:000076b0       _ZN6System8Internal7Strhlpr12UnicodeEqualERNS_13UnicodeStringES3_ 00000001400086b0     rtl:System.Internal.StrHlpr.o
 0001:000076d0       _ZN6System8Internal7Strhlpr11UnicodeLessERNS_13UnicodeStringES3_ 00000001400086d0     rtl:System.Internal.StrHlpr.o
 0001:000076f0       _ZN6System8Internal7Strhlpr14UnicodeGreaterERNS_13UnicodeStringES3_ 00000001400086f0     rtl:System.Internal.StrHlpr.o
 0001:00007710       _ZN6System8Internal7Strhlpr10AnsiAppendERNS_11AnsiStringTILt65535EEES4_ 0000000140008710     rtl:System.Internal.StrHlpr.o
 0001:00007730       _ZN6System8Internal7Strhlpr7AnsiCatERNS_11AnsiStringTILt65535EEES4_ 0000000140008730     rtl:System.Internal.StrHlpr.o
 0001:00007750       _ZN6System8Internal7Strhlpr10AnsiDeleteERNS_11AnsiStringTILt65535EEEii 0000000140008750     rtl:System.Internal.StrHlpr.o
 0001:00007760       _ZN6System8Internal7Strhlpr13AnsiSetLengthERNS_11AnsiStringTILt65535EEEi 0000000140008760     rtl:System.Internal.StrHlpr.o
 0001:00007780       _ZN6System8Internal7Strhlpr7AnsiPosERNS_11AnsiStringTILt65535EEES4_ 0000000140008780     rtl:System.Internal.StrHlpr.o
 0001:000077a0       _ZN6System8Internal7Strhlpr8AnsiCopyERNS_11AnsiStringTILt65535EEEii 00000001400087a0     rtl:System.Internal.StrHlpr.o
 0001:000077c0       _ZN6System8Internal7Strhlpr10AnsiInsertERNS_11AnsiStringTILt65535EEES4_i 00000001400087c0     rtl:System.Internal.StrHlpr.o
 0001:000077e0       _ZN6System8Internal7Strhlpr9AnsiEqualERNS_11AnsiStringTILt65535EEES4_ 00000001400087e0     rtl:System.Internal.StrHlpr.o
 0001:00007800       _ZN6System8Internal7Strhlpr11AnsiGreaterERNS_11AnsiStringTILt65535EEES4_ 0000000140008800     rtl:System.Internal.StrHlpr.o
 0001:00007820       _ZN6System8Internal7Strhlpr8AnsiLessERNS_11AnsiStringTILt65535EEES4_ 0000000140008820     rtl:System.Internal.StrHlpr.o
 0001:00007840       _ZN6System8Internal7Strhlpr10AnsiAssignERNS_11AnsiStringTILt65535EEES4_ 0000000140008840     rtl:System.Internal.StrHlpr.o
 0001:00007860       _ZN6System8Internal7Strhlpr8AnsiFreeERNS_11AnsiStringTILt65535EEE 0000000140008860     rtl:System.Internal.StrHlpr.o
 0001:00007870       _ZN6System8Internal7Strhlpr10WideAssignERNS_10WideStringES3_ 0000000140008870     rtl:System.Internal.StrHlpr.o
 0001:00007890       _ZN6System8Internal7Strhlpr8WideFreeERNS_10WideStringE 0000000140008890     rtl:System.Internal.StrHlpr.o
 0001:000078a0       _ZN6System8Internal7Strhlpr12WideFromAnsiERNS_10WideStringERNS_11AnsiStringTILt65535EEE 00000001400088a0     rtl:System.Internal.StrHlpr.o
 0001:000078c0       _ZN6System8Internal7Strhlpr15WideFromUnicodeERNS_10WideStringERNS_13UnicodeStringE 00000001400088c0     rtl:System.Internal.StrHlpr.o
 0001:000078e0       _ZN6System8Internal7Strhlpr13WideFromPCharERNS_10WideStringEPcb 00000001400088e0     rtl:System.Internal.StrHlpr.o
 0001:00007970       _ZN6System8Internal7Strhlpr9WideEqualERNS_10WideStringES3_ 0000000140008970     rtl:System.Internal.StrHlpr.o
 0001:00007990       _ZN6System8Internal7Strhlpr8WideLessERNS_10WideStringES3_ 0000000140008990     rtl:System.Internal.StrHlpr.o
 0001:000079b0       _ZN6System8Internal7Strhlpr11WideGreaterERNS_10WideStringES3_ 00000001400089b0     rtl:System.Internal.StrHlpr.o
 0001:000079d0       _ZN6System8Internal7Strhlpr7WideCatERNS_10WideStringES3_ 00000001400089d0     rtl:System.Internal.StrHlpr.o
 0001:000079f0       _ZN6System8Internal7Strhlpr10WideLengthERNS_10WideStringE 00000001400089f0     rtl:System.Internal.StrHlpr.o
 0001:00007a10       _ZN6System8Internal7Strhlpr7WidePosERNS_10WideStringES3_ 0000000140008a10     rtl:System.Internal.StrHlpr.o
 0001:00007a30       _ZN6System8Internal7Strhlpr13WideSetLengthERNS_10WideStringEi 0000000140008a30     rtl:System.Internal.StrHlpr.o
 0001:00007a40       _ZN6System8Internal7Strhlpr10WideDeleteERNS_10WideStringEii 0000000140008a40     rtl:System.Internal.StrHlpr.o
 0001:00007a50       _ZN6System8Internal7Strhlpr10WideInsertERNS_10WideStringES3_i 0000000140008a50     rtl:System.Internal.StrHlpr.o
 0001:00007a70       _ZN6System8Internal7Strhlpr8WideCopyERNS_10WideStringEii 0000000140008a70     rtl:System.Internal.StrHlpr.o
 0001:00007a90       _ZN6System8Internal7Strhlpr10WideAppendERNS_10WideStringES3_ 0000000140008a90     rtl:System.Internal.StrHlpr.o
 0001:00007ab0       _ZN6System8Internal7Strhlpr12WideFromUTF8ERNS_10WideStringEPKc 0000000140008ab0     rtl:System.Internal.StrHlpr.o
 0001:00007b20       _ZN6System8Internal7Strhlpr15UnicodeFromWideERNS_13UnicodeStringERNS_10WideStringE 0000000140008b20     rtl:System.Internal.StrHlpr.o
 0001:00007b40       _ZN6System8Internal7Strhlpr12FinalizationEv 0000000140008b40     rtl:System.Internal.StrHlpr.o
 0001:00007b50       _ZN6System8Internal7Strhlpr14initializationEv 0000000140008b50     rtl:System.Internal.StrHlpr.o
 0001:00007b60       __getmainargs              0000000140008b60     libucrt:lib64_libucrt_extra_a-ucrtbase_compat.o
 0001:00007bf0       __wgetmainargs             0000000140008bf0     libucrt:lib64_libucrt_extra_a-ucrtbase_compat.o
 0001:00007c80       _onexit                    0000000140008c80     libucrt:lib64_libucrt_extra_a-ucrtbase_compat.o
 0001:00007cd0       at_quick_exit              0000000140008cd0     libucrt:lib64_libucrt_extra_a-ucrtbase_compat.o
 0001:00007d10       _amsg_exit                 0000000140008d10     libucrt:lib64_libucrt_extra_a-ucrtbase_compat.o
 0001:00007d50       _get_output_format         0000000140008d50     libucrt:lib64_libucrt_extra_a-ucrtbase_compat.o
 0001:00007d60       _tzset                     0000000140008d60     libucrt:lib64_libucrt_extra_a-ucrtbase_compat.o
 0001:00007da0       tzset                      0000000140008da0     libucrt:lib64_libucrt_extra_a-ucrtbase_compat.o
 0001:00007db0       __ms_fwprintf              0000000140008db0     libucrt:lib64_libucrt_extra_a-ucrtbase_compat.o
 0001:00007e10       __do_global_dtors          0000000140008e10     libmingw32:lib64_libmingw32_a-gccmain.o
 0001:00007e50       __do_global_ctors          0000000140008e50     libmingw32:lib64_libmingw32_a-gccmain.o
 0001:00007f00       __main                     0000000140008f00     libmingw32:lib64_libmingw32_a-gccmain.o
 0001:00007f30       wmain                      0000000140008f30     libmingw32:lib64_libmingw32_a-ucrtexewin.o
 0001:00008120       __dyn_tls_init             0000000140009120     libmingw32:lib64_libmingw32_a-tlssup.o
 0001:00008200       __tlregdtor                0000000140009200     libmingw32:lib64_libmingw32_a-tlssup.o
 0001:000082a0       _matherr                   00000001400092a0     libmingw32:lib64_libmingw32_a-merr.o
 0001:000083c0       _wsetargv                  00000001400093c0     libmingw32:lib64_libmingw32_a-udllargc.o
 0001:000083d0       _fpreset                   00000001400093d0     libmingw32:lib64_libmingw32_a-CRT_fp10.o
 0001:000083d0       fpreset                    00000001400093d0     libmingw32:lib64_libmingw32_a-CRT_fp10.o
 0001:000083e0       _pei386_runtime_relocator  00000001400093e0     libmingw32:lib64_libmingw32_a-pseudo-reloc.o
 0001:00008cc0       __mingw_raise_matherr      0000000140009cc0     libmingw32:lib64_libmingw32_a-usermatherr.o
 0001:00008d40       __mingw_setusermatherr     0000000140009d40     libmingw32:lib64_libmingw32_a-usermatherr.o
 0001:00008d70       _gnu_exception_handler     0000000140009d70     libmingw32:lib64_libmingw32_a-crt_handler.o
 0001:00009050       _ZNK6System14AnsiStringBase6GetRecEv 000000014000a050     rtle:dstring.o
 0001:00009060       _ZN6System14AnsiStringBase6GetRecEv 000000014000a060     rtle:dstring.o
 0001:00009070       _ZNK6System14AnsiStringBase6LengthEv 000000014000a070     rtle:dstring.o
 0001:00009080       _ZNK6System14AnsiStringBase17ThrowIfOutOfRangeEi 000000014000a080     rtle:dstring.o
 0001:00009110       _ZN6System14AnsiStringBaseC2EPKci 000000014000a110     rtle:dstring.o
 0001:00009110       _ZN6System14AnsiStringBaseC1EPKci 000000014000a110     rtle:dstring.o
 0001:00009130       _ZN6System14AnsiStringBaseC2ERKS0_ 000000014000a130     rtle:dstring.o
 0001:00009130       _ZN6System14AnsiStringBaseC1ERKS0_ 000000014000a130     rtle:dstring.o
 0001:00009160       _ZN6System14AnsiStringBaseC2ERKNS_10WideStringEi 000000014000a160     rtle:dstring.o
 0001:00009160       _ZN6System14AnsiStringBaseC1ERKNS_10WideStringEi 000000014000a160     rtle:dstring.o
 0001:00009180       _ZN6System14AnsiStringBaseC2ERKNS_13UnicodeStringEi 000000014000a180     rtle:dstring.o
 0001:00009180       _ZN6System14AnsiStringBaseC1ERKNS_13UnicodeStringEi 000000014000a180     rtle:dstring.o
 0001:000091a0       _ZN6System14AnsiStringBaseC2EPKcii 000000014000a1a0     rtle:dstring.o
 0001:000091a0       _ZN6System14AnsiStringBaseC1EPKcii 000000014000a1a0     rtle:dstring.o
 0001:00009210       _ZN6System14AnsiStringBase9SetLengthEii 000000014000a210     rtle:dstring.o
 0001:00009240       _ZN6System14AnsiStringBase15_AnsiFromPWCharERS0_PKwii 000000014000a240     rtle:dstring.o
 0001:00009260       _ZN6System14AnsiStringBaseC2EPKwii 000000014000a260     rtle:dstring.o
 0001:00009260       _ZN6System14AnsiStringBaseC1EPKwii 000000014000a260     rtle:dstring.o
 0001:000092b0       _ZN6System14AnsiStringBaseC2EPKDsii 000000014000a2b0     rtle:dstring.o
 0001:000092b0       _ZN6System14AnsiStringBaseC1EPKDsii 000000014000a2b0     rtle:dstring.o
 0001:00009300       _ZN6System14AnsiStringBaseC2EPKDiii 000000014000a300     rtle:dstring.o
 0001:00009300       _ZN6System14AnsiStringBaseC1EPKDiii 000000014000a300     rtle:dstring.o
 0001:000093c0       _ZN6System14AnsiStringBaseaSERKS0_ 000000014000a3c0     rtle:dstring.o
 0001:000093e0       _ZN6System14AnsiStringBaseC2Ewi 000000014000a3e0     rtle:dstring.o
 0001:000093e0       _ZN6System14AnsiStringBaseC1Ewi 000000014000a3e0     rtle:dstring.o
 0001:00009400       _ZN6System14AnsiStringBaseC2EDii 000000014000a400     rtle:dstring.o
 0001:00009400       _ZN6System14AnsiStringBaseC1EDii 000000014000a400     rtle:dstring.o
 0001:000094c0       _ZN6System14AnsiStringBaseC2Edi 000000014000a4c0     rtle:dstring.o
 0001:000094c0       _ZN6System14AnsiStringBaseC1Edi 000000014000a4c0     rtle:dstring.o
 0001:00009590       _ZN6System14AnsiStringBaseD2Ev 000000014000a590     rtle:dstring.o
 0001:00009590       _ZN6System14AnsiStringBaseD1Ev 000000014000a590     rtle:dstring.o
 0001:000095b0       _ZN6System14AnsiStringBase8_AnsiCatERS0_RKS0_ 000000014000a5b0     rtle:dstring.o
 0001:000095c0       _ZN6System14AnsiStringBase8_AnsiCatERS0_RKS0_S3_ 000000014000a5c0     rtle:dstring.o
 0001:000095d0       _ZNK6System14AnsiStringBaseeqERKS0_ 000000014000a5d0     rtle:dstring.o
 0001:00009600       _ZNK6System14AnsiStringBase11AnsiCompareERKS0_ 000000014000a600     rtle:dstring.o
 0001:00009640       _ZNK6System14AnsiStringBaseneERKS0_ 000000014000a640     rtle:dstring.o
 0001:00009670       _ZNK6System14AnsiStringBaseltERKS0_ 000000014000a670     rtle:dstring.o
 0001:000096a0       _ZNK6System14AnsiStringBasegtERKS0_ 000000014000a6a0     rtle:dstring.o
 0001:000096d0       _ZNK6System14AnsiStringBase13AnsiCompareICERKS0_ 000000014000a6d0     rtle:dstring.o
 0001:000096e0       _ZN6System14AnsiStringBase12StringOfCharEci 000000014000a6e0     rtle:dstring.o
 0001:00009740       _ZN6System14AnsiStringBase7LoadStrEii 000000014000a740     rtle:dstring.o
 0001:000097d0       _ZN6System14AnsiStringBase7LoadStrEP11HINSTANCE__ii 000000014000a7d0     rtle:dstring.o
 0001:00009810       _ZN6System14AnsiStringBase11LoadStringAEP11HINSTANCE__ii 000000014000a810     rtle:dstring.o
 0001:000099b0       _ZN6System14AnsiStringBase10FmtLoadStrEiPKNS_7TVarRecEii 000000014000a9b0     rtle:dstring.o
 0001:00009a50       _ZN6System14AnsiStringBase6FormatERKS0_PKNS_7TVarRecEii 000000014000aa50     rtle:dstring.o
 0001:00009ac0       _ZN6System14AnsiStringBase11FormatFloatERKS0_RKei 000000014000aac0     rtle:dstring.o
 0001:00009b80       _ZN6System14AnsiStringBase7vprintfEiPKcPc 000000014000ab80     rtle:dstring.o
 0001:00009bf0       _ZN6System14AnsiStringBase11cat_vprintfEiPKcPc 000000014000abf0     rtle:dstring.o
 0001:00009c70       _ZN6System14AnsiStringBase11FloatToStrFEeNS0_18TStringFloatFormatEiii 000000014000ac70     rtle:dstring.o
 0001:00009d20       _ZN6System14AnsiStringBase8IntToHexEiii 000000014000ad20     rtle:dstring.o
 0001:00009db0       _ZN6System14AnsiStringBase9CurrToStrERKNS_8CurrencyEi 000000014000adb0     rtle:dstring.o
 0001:00009e40       _ZN6System14AnsiStringBase10CurrToStrFERKNS_8CurrencyENS0_18TStringFloatFormatEii 000000014000ae40     rtle:dstring.o
 0001:00009ee0       _ZNK6System14AnsiStringBase15WideCharBufSizeEi 000000014000aee0     rtle:dstring.o
 0001:00009f20       _ZNK6System14AnsiStringBase8WideCharEPwii 000000014000af20     rtle:dstring.o
 0001:00009f60       _ZN6System14AnsiStringBase7Insert1ERKS0_i 000000014000af60     rtle:dstring.o
 0001:00009f80       _ZN6System14AnsiStringBase7Insert0ERKS0_i 000000014000af80     rtle:dstring.o
 0001:0000a0d0       _ZN6System14AnsiStringBase4swapERS0_ 000000014000b0d0     rtle:dstring.o
 0001:0000a100       _ZN6System14AnsiStringBase7Delete1Eii 000000014000b100     rtle:dstring.o
 0001:0000a120       _ZN6System14AnsiStringBase7Delete0Eii 000000014000b120     rtle:dstring.o
 0001:0000a240       _ZNK6System14AnsiStringBase4Pos1ERKS0_ 000000014000b240     rtle:dstring.o
 0001:0000a260       _ZNK6System14AnsiStringBase4Pos0ERKS0_ 000000014000b260     rtle:dstring.o
 0001:0000a280       _ZNK6System14AnsiStringBase9LowerCaseEi 000000014000b280     rtle:dstring.o
 0001:0000a2e0       _ZNK6System14AnsiStringBase9UpperCaseEi 000000014000b2e0     rtle:dstring.o
 0001:0000a340       _ZNK6System14AnsiStringBase4TrimEi 000000014000b340     rtle:dstring.o
 0001:0000a3a0       _ZNK6System14AnsiStringBase8TrimLeftEi 000000014000b3a0     rtle:dstring.o
 0001:0000a400       _ZNK6System14AnsiStringBase9TrimRightEi 000000014000b400     rtle:dstring.o
 0001:0000a460       _ZNK6System14AnsiStringBase10SubString1Eii 000000014000b460     rtle:dstring.o
 0001:0000a510       _ZNK6System14AnsiStringBase10SubString0Eii 000000014000b510     rtle:dstring.o
 0001:0000a5b0       _ZNK6System14AnsiStringBase5ToIntEv 000000014000b5b0     rtle:dstring.o
 0001:0000a600       _ZNK6System14AnsiStringBase8ToIntDefEi 000000014000b600     rtle:dstring.o
 0001:0000a660       _ZNK6System14AnsiStringBase8ToDoubleEv 000000014000b660     rtle:dstring.o
 0001:0000a6c0       _ZNK6System14AnsiStringBase12IsDelimiter1ERKS0_i 000000014000b6c0     rtle:dstring.o
 0001:0000a6d0       _ZNK6System14AnsiStringBase12IsDelimiter0ERKS0_i 000000014000b6d0     rtle:dstring.o
 0001:0000a760       _ZNK6System14AnsiStringBase8AnsiPos1ERKS0_ 000000014000b760     rtle:dstring.o
 0001:0000a770       _ZNK6System14AnsiStringBase8AnsiPos0ERKS0_ 000000014000b770     rtle:dstring.o
 0001:0000a790       _ZNK6System14AnsiStringBase16IsPathDelimiter1Ei 000000014000b790     rtle:dstring.o
 0001:0000a7a0       _ZNK6System14AnsiStringBase16IsPathDelimiter0Ei 000000014000b7a0     rtle:dstring.o
 0001:0000a7b0       _ZNK6System14AnsiStringBase14LastDelimiter1ERKS0_ 000000014000b7b0     rtle:dstring.o
 0001:0000a7c0       _ZNK6System14AnsiStringBase14LastDelimiter0ERKS0_ 000000014000b7c0     rtle:dstring.o
 0001:0000a850       _ZNK6System14AnsiStringBase9ByteType1Ei 000000014000b850     rtle:dstring.o
 0001:0000a870       _ZNK6System14AnsiStringBase9ByteType0Ei 000000014000b870     rtle:dstring.o
 0001:0000a890       _ZNK6System14AnsiStringBase11IsLeadByte1Ei 000000014000b890     rtle:dstring.o
 0001:0000a8b0       _ZNK6System14AnsiStringBase11IsLeadByte0Ei 000000014000b8b0     rtle:dstring.o
 0001:0000a8d0       _ZNK6System14AnsiStringBase12IsTrailByte1Ei 000000014000b8d0     rtle:dstring.o
 0001:0000a8f0       _ZNK6System14AnsiStringBase12IsTrailByte0Ei 000000014000b8f0     rtle:dstring.o
 0001:0000a910       _ZNK6System14AnsiStringBase7BytesOfEv 000000014000b910     rtle:dstring.o
 0001:0000a930       _ZNK6System14AnsiStringBase12AnsiLastCharEv 000000014000b930     rtle:dstring.o
 0001:0000a960       _ZN6System8Sysutils11ERangeErrorC3ENS_13UnicodeStringE 000000014000b960     rtle:dstring.o
 0001:0000aa40       _ZN6System8Sysutils11ERangeErrorD0Ev 000000014000ba40     rtle:dstring.o
 0001:0000aa90       _ZN6System8Sysutils9EIntErrorC3ENS_13UnicodeStringE 000000014000ba90     rtle:dstring.o
 0001:0000ab40       _ZN6System8Sysutils9EExternalC3ENS_13UnicodeStringE 000000014000bb40     rtle:dstring.o
 0001:0000abc0       _ZN6System8Sysutils9EIntErrorD0Ev 000000014000bbc0     rtle:dstring.o
 0001:0000ac00       _ZN6System8Sysutils9EExternalD0Ev 000000014000bc00     rtle:dstring.o
 0001:0000ac40       _ZN6System18LoadResourceStringEPKNS_13TResStringRecE 000000014000bc40     rtle:syssupp.o
 0001:0000ac60       _ZN6System19CheckSafecallResultEl 000000014000bc60     rtle:syssupp.o
 0001:0000ac70       _ZN6System16InterLockedExchgEPPvS0_ 000000014000bc70     rtle:syssupp.o
 0001:0000ac80       .weak._ZN6System17TAggregatedObject13GetControllerEv.default._ZN6System18LoadResourceStringEPKNS_13TResStringRecE 000000014000bc80     rtle:syssupp.o
 0001:0000ac80       .weak._ZN6System17TAggregatedObject13GetControllerEv.default._ZN6System18LoadResourceStringEPKNS_13TResStringRecE 000000014000bc80     rtle:syssupp.o
 0001:0000ac90       __dynamic_delphi_cast      000000014000bc90     rtle:syssupp.o
 0001:0000ad00       __delphi_type_info         000000014000bd00     rtle:syssupp.o
 0001:0000b070       __dynamic_delphi_type_info 000000014000c070     rtle:syssupp.o
 0001:0000b0b0       System_InstWeakClear       000000014000c0b0     rtle:syssupp.o
 0001:0000b0c0       System_InstWeakCopy        000000014000c0c0     rtle:syssupp.o
 0001:0000b0d0       System_AsgClosureObj       000000014000c0d0     rtle:syssupp.o
 0001:0000b0e0       System_ClosureAddWeakRef   000000014000c0e0     rtle:syssupp.o
 0001:0000b0f0       System_ClosureRemoveWeakRef 000000014000c0f0     rtle:syssupp.o
 0001:0000b100       System_CopyClosure         000000014000c100     rtle:syssupp.o
 0001:0000b110       bcp_storeStrong            000000014000c110     rtle:syssupp.o
 0001:0000b190       bcp_initStrong             000000014000c190     rtle:syssupp.o
 0001:0000b210       bcp_addref                 000000014000c210     rtle:syssupp.o
 0001:0000b260       bcp_release                000000014000c260     rtle:syssupp.o
 0001:0000b2d0       bcp_initWeak               000000014000c2d0     rtle:syssupp.o
 0001:0000b350       bcp_releaseWeak            000000014000c350     rtle:syssupp.o
 0001:0000b3c0       bcp_storeWeak              000000014000c3c0     rtle:syssupp.o
 0001:0000b430       bcp_closureAddref          000000014000c430     rtle:syssupp.o
 0001:0000b440       bcp_closureRelease         000000014000c440     rtle:syssupp.o
 0001:0000b450       bcp_closureCopy            000000014000c450     rtle:syssupp.o
 0001:0000b460       bcp_closureAsg             000000014000c460     rtle:syssupp.o
 0001:0000b470       _Z17DebugHlpr_HRCHECKIKcEllPT_S2_i 000000014000c470     rtle:syssupp.o
 0001:0000b490       _ZNSt3__112__hash_tableINS_17__hash_value_typeIPN6System7Typinfo9TTypeInfoEPSt9type_infoEENS_22__unordered_map_hasherIS5_S8_NS_4hashIS5_EENS_8equal_toIS5_EELb1EEENS_21__unordered_map_equalIS5_S8_SD_SB_Lb1EEENS_9allocatorIS8_EEE25__emplace_unique_key_argsIS5_JRKNS_21piecewise_construct_tENS_5tupleIJRKS5_EEENSO_IJEEEEEENS_4pairINS_15__hash_iteratorIPNS_11__hash_nodeIS8_PvEEEEbEERKT_DpOT0_ 000000014000c490     rtle:syssupp.o
 0001:0000b8c0       _ZSt28__throw_bad_array_new_lengthB6v15007v 000000014000c8c0     rtle:syssupp.o
 0001:0000b900       _ZNSt3__112__hash_tableINS_17__hash_value_typeIPN6System7Typinfo9TTypeInfoEPSt9type_infoEENS_22__unordered_map_hasherIS5_S8_NS_4hashIS5_EENS_8equal_toIS5_EELb1EEENS_21__unordered_map_equalIS5_S8_SD_SB_Lb1EEENS_9allocatorIS8_EEE11__do_rehashILb1EEEvy 000000014000c900     rtle:syssupp.o
 0001:0000bb40       _ZNK6System13UnicodeString6GetRecEv 000000014000cb40     rtle:ustring.o
 0001:0000bb50       _ZN6System13UnicodeString6GetRecEv 000000014000cb50     rtle:ustring.o
 0001:0000bb60       _ZNK6System13UnicodeString6LengthEv 000000014000cb60     rtle:ustring.o
 0001:0000bb70       _ZNK6System13UnicodeString17ThrowIfOutOfRangeEi 000000014000cb70     rtle:ustring.o
 0001:0000bc00       _ZN6System13UnicodeStringC1Ev 000000014000cc00     rtle:ustring.o
 0001:0000bc00       _ZN6System13UnicodeStringC2Ev 000000014000cc00     rtle:ustring.o
 0001:0000bc10       _ZN6System13UnicodeStringC1EPKc 000000014000cc10     rtle:ustring.o
 0001:0000bc10       _ZN6System13UnicodeStringC2EPKc 000000014000cc10     rtle:ustring.o
 0001:0000bc20       _ZN6System13UnicodeStringC1ERKS0_ 000000014000cc20     rtle:ustring.o
 0001:0000bc20       _ZN6System13UnicodeStringC2ERKS0_ 000000014000cc20     rtle:ustring.o
 0001:0000bc50       _ZN6System13UnicodeStringC2ERKNS_10WideStringE 000000014000cc50     rtle:ustring.o
 0001:0000bc50       _ZN6System13UnicodeStringC1ERKNS_10WideStringE 000000014000cc50     rtle:ustring.o
 0001:0000bc60       _ZN6System13UnicodeStringC2EPKwi 000000014000cc60     rtle:ustring.o
 0001:0000bc60       _ZN6System13UnicodeStringC1EPKwi 000000014000cc60     rtle:ustring.o
 0001:0000bce0       _ZN6System13UnicodeString9SetLengthEi 000000014000cce0     rtle:ustring.o
 0001:0000bd00       _ZN6System13UnicodeStringC2EPKw 000000014000cd00     rtle:ustring.o
 0001:0000bd00       _ZN6System13UnicodeStringC1EPKw 000000014000cd00     rtle:ustring.o
 0001:0000bd70       _ZN6System13UnicodeStringC2EPKDsi 000000014000cd70     rtle:ustring.o
 0001:0000bd70       _ZN6System13UnicodeStringC1EPKDsi 000000014000cd70     rtle:ustring.o
 0001:0000bde0       _ZN6System13UnicodeStringC1EPKDii 000000014000cde0     rtle:ustring.o
 0001:0000bde0       _ZN6System13UnicodeStringC2EPKDii 000000014000cde0     rtle:ustring.o
 0001:0000bef0       _ZN6System13UnicodeStringC2EPKci 000000014000cef0     rtle:ustring.o
 0001:0000bef0       _ZN6System13UnicodeStringC1EPKci 000000014000cef0     rtle:ustring.o
 0001:0000bf50       _ZN6System13UnicodeStringC2Ed 000000014000cf50     rtle:ustring.o
 0001:0000bf50       _ZN6System13UnicodeStringC1Ed 000000014000cf50     rtle:ustring.o
 0001:0000bfc0       _ZN6System13UnicodeStringaSERKS0_ 000000014000cfc0     rtle:ustring.o
 0001:0000bfe0       _ZN6System13UnicodeStringD1Ev 000000014000cfe0     rtle:ustring.o
 0001:0000bfe0       _ZN6System13UnicodeStringD2Ev 000000014000cfe0     rtle:ustring.o
 0001:0000c000       _ZN6System13UnicodeStringpLERKS0_ 000000014000d000     rtle:ustring.o
 0001:0000c020       _ZNK6System13UnicodeStringplERKS0_ 000000014000d020     rtle:ustring.o
 0001:0000c090       _ZNK6System13UnicodeStringeqERKS0_ 000000014000d090     rtle:ustring.o
 0001:0000c0a0       _ZNK6System13UnicodeStringneERKS0_ 000000014000d0a0     rtle:ustring.o
 0001:0000c0b0       _ZNK6System13UnicodeStringltERKS0_ 000000014000d0b0     rtle:ustring.o
 0001:0000c0c0       _ZNK6System13UnicodeStringgtERKS0_ 000000014000d0c0     rtle:ustring.o
 0001:0000c0d0       _ZNK6System13UnicodeStringleERKS0_ 000000014000d0d0     rtle:ustring.o
 0001:0000c0e0       _ZNK6System13UnicodeStringgeERKS0_ 000000014000d0e0     rtle:ustring.o
 0001:0000c0f0       _ZNK6System13UnicodeString7CompareERKS0_ 000000014000d0f0     rtle:ustring.o
 0001:0000c140       _ZNK6System13UnicodeString9CompareICERKS0_ 000000014000d140     rtle:ustring.o
 0001:0000c1a0       _ZN6System13UnicodeString12StringOfCharEwi 000000014000d1a0     rtle:ustring.o
 0001:0000c2d0       _ZN6System13UnicodeString7LoadStrEi 000000014000d2d0     rtle:ustring.o
 0001:0000c2f0       _ZN6System13UnicodeString7LoadStrEP11HINSTANCE__i 000000014000d2f0     rtle:ustring.o
 0001:0000c330       _ZN6System13UnicodeString11LoadStringAEP11HINSTANCE__i 000000014000d330     rtle:ustring.o
 0001:0000c5d0       _ZN6System13UnicodeString10FmtLoadStrEiPKNS_7TVarRecEi 000000014000d5d0     rtle:ustring.o
 0001:0000c5f0       _ZN6System13UnicodeString6FormatERKS0_PKNS_7TVarRecEi 000000014000d5f0     rtle:ustring.o
 0001:0000c610       _ZN6System13UnicodeString11FormatFloatERKS0_RKe 000000014000d610     rtle:ustring.o
 0001:0000c630       _ZN6System13UnicodeString7vprintfEPKwPc 000000014000d630     rtle:ustring.o
 0001:0000c6c0       _ZN6System13UnicodeString11cat_vprintfEPKwPc 000000014000d6c0     rtle:ustring.o
 0001:0000c760       _ZN6System13UnicodeString6printfEPKwz 000000014000d760     rtle:ustring.o
 0001:0000c810       _ZN6System13UnicodeString7sprintfEPKwz 000000014000d810     rtle:ustring.o
 0001:0000c8a0       _ZN6System13UnicodeString10cat_printfEPKwz 000000014000d8a0     rtle:ustring.o
 0001:0000c960       _ZN6System13UnicodeString11cat_sprintfEPKwz 000000014000d960     rtle:ustring.o
 0001:0000ca10       _ZN6System13UnicodeString11FloatToStrFEeNS0_18TStringFloatFormatEii 000000014000da10     rtle:ustring.o
 0001:0000ca30       _ZN6System13UnicodeString8IntToHexEii 000000014000da30     rtle:ustring.o
 0001:0000ca50       _ZN6System13UnicodeString9CurrToStrENS_8CurrencyE 000000014000da50     rtle:ustring.o
 0001:0000ca70       _ZN6System13UnicodeString10CurrToStrFENS_8CurrencyENS0_18TStringFloatFormatEi 000000014000da70     rtle:ustring.o
 0001:0000ca90       _ZN6System13UnicodeString6UniqueEv 000000014000da90     rtle:ustring.o
 0001:0000cab0       _ZN6System13UnicodeString7Insert1ERKS0_i 000000014000dab0     rtle:ustring.o
 0001:0000cad0       _ZN6System13UnicodeString7Insert0ERKS0_i 000000014000dad0     rtle:ustring.o
 0001:0000caf0       _ZN6System13UnicodeString7Delete1Eii 000000014000daf0     rtle:ustring.o
 0001:0000cb10       _ZN6System13UnicodeString7Delete0Eii 000000014000db10     rtle:ustring.o
 0001:0000cb30       _ZNK6System13UnicodeString4Pos1ERKS0_ 000000014000db30     rtle:ustring.o
 0001:0000cb40       _ZNK6System13UnicodeString4Pos0ERKS0_ 000000014000db40     rtle:ustring.o
 0001:0000cb50       _ZNK6System13UnicodeString9LowerCaseEv 000000014000db50     rtle:ustring.o
 0001:0000cb70       _ZNK6System13UnicodeString9UpperCaseEv 000000014000db70     rtle:ustring.o
 0001:0000cb90       _ZNK6System13UnicodeString4TrimEv 000000014000db90     rtle:ustring.o
 0001:0000cbb0       _ZNK6System13UnicodeString8TrimLeftEv 000000014000dbb0     rtle:ustring.o
 0001:0000cbd0       _ZNK6System13UnicodeString9TrimRightEv 000000014000dbd0     rtle:ustring.o
 0001:0000cbf0       _ZNK6System13UnicodeString10SubString1Eii 000000014000dbf0     rtle:ustring.o
 0001:0000cca0       _ZNK6System13UnicodeString10SubString0Eii 000000014000dca0     rtle:ustring.o
 0001:0000cd50       _ZNK6System13UnicodeString5ToIntEv 000000014000dd50     rtle:ustring.o
 0001:0000cd60       _ZNK6System13UnicodeString8ToIntDefEi 000000014000dd60     rtle:ustring.o
 0001:0000cd70       _ZNK6System13UnicodeString8ToDoubleEv 000000014000dd70     rtle:ustring.o
 0001:0000cd80       _ZNK6System13UnicodeString12IsDelimiter1ERKS0_i 000000014000dd80     rtle:ustring.o
 0001:0000cd90       _ZNK6System13UnicodeString12IsDelimiter0ERKS0_i 000000014000dd90     rtle:ustring.o
 0001:0000cdb0       _ZNK6System13UnicodeString16IsPathDelimiter1Ei 000000014000ddb0     rtle:ustring.o
 0001:0000cdc0       _ZNK6System13UnicodeString16IsPathDelimiter0Ei 000000014000ddc0     rtle:ustring.o
 0001:0000cdd0       _ZNK6System13UnicodeString14LastDelimiter1ERKS0_ 000000014000ddd0     rtle:ustring.o
 0001:0000cde0       _ZNK6System13UnicodeString14LastDelimiter0ERKS0_ 000000014000dde0     rtle:ustring.o
 0001:0000ce00       _ZNK6System13UnicodeString9ByteType1Ei 000000014000de00     rtle:ustring.o
 0001:0000ce20       _ZNK6System13UnicodeString9ByteType0Ei 000000014000de20     rtle:ustring.o
 0001:0000ce40       _ZNK6System13UnicodeString16IsLeadSurrogate1Ei 000000014000de40     rtle:ustring.o
 0001:0000ce60       _ZNK6System13UnicodeString16IsLeadSurrogate0Ei 000000014000de60     rtle:ustring.o
 0001:0000ce80       _ZNK6System13UnicodeString17IsTrailSurrogate1Ei 000000014000de80     rtle:ustring.o
 0001:0000cea0       _ZNK6System13UnicodeString17IsTrailSurrogate0Ei 000000014000dea0     rtle:ustring.o
 0001:0000cec0       _ZNK6System13UnicodeString7BytesOfEv 000000014000dec0     rtle:ustring.o
 0001:0000cee0       _ZN6SystemplEPKcRKNS_13UnicodeStringE 000000014000dee0     rtle:ustring.o
 0001:0000cf50       _ZN6SystemplEPKwRKNS_13UnicodeStringE 000000014000df50     rtle:ustring.o
 0001:0000d000       _ZN6SystemplEPKDsRKNS_13UnicodeStringE 000000014000e000     rtle:ustring.o
 0001:0000d0b0       _ZN6SystemplEPKDiRKNS_13UnicodeStringE 000000014000e0b0     rtle:ustring.o
 0001:0000d200       _ZNK6System13UnicodeString9FirstCharEv 000000014000e200     rtle:ustring.o
 0001:0000d210       _ZNK6System13UnicodeString8LastCharEv 000000014000e210     rtle:ustring.o
 0001:0000d220       _ZN6System13UnicodeString9FirstCharEv 000000014000e220     rtle:ustring.o
 0001:0000d230       _ZN6System13UnicodeString8LastCharEv 000000014000e230     rtle:ustring.o
 0001:0000d240       _ZN6System13UnicodeString4swapERS0_ 000000014000e240     rtle:ustring.o
 0001:0000d270       _ZN6System9to_stringERNS_13UnicodeStringEb 000000014000e270     rtle:ustring.o
 0001:0000d2e0       _ZN6System9to_stringERNS_13UnicodeStringEc 000000014000e2e0     rtle:ustring.o
 0001:0000d380       _ZN6System9to_stringERNS_13UnicodeStringEa 000000014000e380     rtle:ustring.o
 0001:0000d3f0       _ZN6System9to_stringERNS_13UnicodeStringEh 000000014000e3f0     rtle:ustring.o
 0001:0000d460       _ZN6System9to_stringERNS_13UnicodeStringEs 000000014000e460     rtle:ustring.o
 0001:0000d4d0       _ZN6System9to_stringERNS_13UnicodeStringEt 000000014000e4d0     rtle:ustring.o
 0001:0000d540       _ZN6System9to_stringERNS_13UnicodeStringEi 000000014000e540     rtle:ustring.o
 0001:0000d5b0       _ZN6System9to_stringERNS_13UnicodeStringEj 000000014000e5b0     rtle:ustring.o
 0001:0000d620       _ZN6System9to_stringERNS_13UnicodeStringEl 000000014000e620     rtle:ustring.o
 0001:0000d690       _ZN6System9to_stringERNS_13UnicodeStringEm 000000014000e690     rtle:ustring.o
 0001:0000d700       _ZN6System9to_stringERNS_13UnicodeStringEw 000000014000e700     rtle:ustring.o
 0001:0000d770       _ZN6System9to_stringERNS_13UnicodeStringEx 000000014000e770     rtle:ustring.o
 0001:0000d7e0       _ZN6System9to_stringERNS_13UnicodeStringEy 000000014000e7e0     rtle:ustring.o
 0001:0000d850       _ZN6System9to_stringERNS_13UnicodeStringEf 000000014000e850     rtle:ustring.o
 0001:0000d8c0       _ZN6System9to_stringERNS_13UnicodeStringEfRKNS_8Sysutils15TFormatSettingsE 000000014000e8c0     rtle:ustring.o
 0001:0000d930       _ZN6System9to_stringERNS_13UnicodeStringEd 000000014000e930     rtle:ustring.o
 0001:0000d9a0       _ZN6System9to_stringERNS_13UnicodeStringEdRKNS_8Sysutils15TFormatSettingsE 000000014000e9a0     rtle:ustring.o
 0001:0000da10       _ZN6System9to_stringERNS_13UnicodeStringEe 000000014000ea10     rtle:ustring.o
 0001:0000da80       _ZN6System9to_stringERNS_13UnicodeStringEeRKNS_8Sysutils15TFormatSettingsE 000000014000ea80     rtle:ustring.o
 0001:0000daf0       _ZN6System11from_stringERKNS_13UnicodeStringERb 000000014000eaf0     rtle:ustring.o
 0001:0000db00       _ZN6System11from_stringERKNS_13UnicodeStringERe 000000014000eb00     rtle:ustring.o
 0001:0000db10       _ZN6System11from_stringERKNS_13UnicodeStringERKNS_8Sysutils15TFormatSettingsERe 000000014000eb10     rtle:ustring.o
 0001:0000db30       _ZN6System11from_stringERKNS_13UnicodeStringERi 000000014000eb30     rtle:ustring.o
 0001:0000db40       _ZN6System11from_stringERKNS_13UnicodeStringERx 000000014000eb40     rtle:ustring.o
 0001:0000db50       _ZN6System11from_stringERKNS_13UnicodeStringERj 000000014000eb50     rtle:ustring.o
 0001:0000db60       _ZN6System11from_stringERKNS_13UnicodeStringERy 000000014000eb60     rtle:ustring.o
 0001:0000db90       __ClassCreate              000000014000eb90     rtle:classcre64.o
 0001:0000db9b       __ClassDestroy             000000014000eb9b     rtle:classcre64.o
 0001:0000dba1       __AfterConstruction        000000014000eba1     rtle:classcre64.o
 0001:0000dbaa       __BeforeDestruction        000000014000ebaa     rtle:classcre64.o
 0001:0000dbbc       __currMul__                000000014000ebbc     rtle:classcre64.o
 0001:0000dbe0       fprintf                    000000014000ebe0     libucrt:lib64_libucrt_extra_a-ucrt_fprintf.o
 0001:0000dc40       ___w64_mingwthr_add_key_dtor 000000014000ec40     libmingw32:lib64_libmingw32_a-tlsthrd.o
 0001:0000dd00       ___w64_mingwthr_remove_key_dtor 000000014000ed00     libmingw32:lib64_libmingw32_a-tlsthrd.o
 0001:0000dde0       __mingw_TLScallback        000000014000ede0     libmingw32:lib64_libmingw32_a-tlsthrd.o
 0001:0000dfa0       _ValidateImageBase         000000014000efa0     libmingw32:lib64_libmingw32_a-pesect.o
 0001:0000e050       _FindPESection             000000014000f050     libmingw32:lib64_libmingw32_a-pesect.o
 0001:0000e130       _FindPESectionByName       000000014000f130     libmingw32:lib64_libmingw32_a-pesect.o
 0001:0000e240       __mingw_GetSectionForAddress 000000014000f240     libmingw32:lib64_libmingw32_a-pesect.o
 0001:0000e2b0       __mingw_GetSectionCount    000000014000f2b0     libmingw32:lib64_libmingw32_a-pesect.o
 0001:0000e310       _FindPESectionExec         000000014000f310     libmingw32:lib64_libmingw32_a-pesect.o
 0001:0000e410       _GetPEImageBase            000000014000f410     libmingw32:lib64_libmingw32_a-pesect.o
 0001:0000e460       _IsNonwritableInCurrentImage 000000014000f460     libmingw32:lib64_libmingw32_a-pesect.o
 0001:0000e500       __mingw_enum_import_library_names 000000014000f500     libmingw32:lib64_libmingw32_a-pesect.o
 0001:0000e64c       ___chkstk_ms               000000014000f64c     libclang_rt.builtins-x86_64:chkstk.S.obj
 0001:0000e680       vfprintf                   000000014000f680     libucrt:lib64_libucrt_extra_a-ucrt_vfprintf.o
 0001:0000e6c0       vsnprintf                  000000014000f6c0     libucrt:lib64_libucrt_extra_a-ucrt_vsnprintf.o
 0001:0000e710       sprintf                    000000014000f710     libucrt:lib64_libucrt_extra_a-ucrt_sprintf.o
 0001:0000e920       _ZN6System8Internal7Initcpp15InitializeUnitsEPNS1_20TUnitDescriptorBlockES3_ 000000014000f920     rtl:System.Internal.InitCPP.o
 0001:0000e970       _ZN6System8Internal7Initcpp13FinalizeUnitsEPNS1_20TUnitDescriptorBlockES3_ 000000014000f970     rtl:System.Internal.InitCPP.o
 0001:0000e9c0       _ZN6System8Internal7Initcpp15InitializeUnitsEPPNS1_20TUnitDescriptorBlockES4_ 000000014000f9c0     rtl:System.Internal.InitCPP.o
 0001:0000ea10       _ZN6System8Internal7Initcpp13FinalizeUnitsEPPNS1_20TUnitDescriptorBlockES4_ 000000014000fa10     rtl:System.Internal.InitCPP.o
 0001:0000ea60       _ZN6System8Internal7Initcpp15InitializeUnitsEPNS1_15TUnitDescriptorES3_ 000000014000fa60     rtl:System.Internal.InitCPP.o
 0001:0000ea70       _ZN6System8Internal7Initcpp13FinalizeUnitsEPNS1_15TUnitDescriptorES3_ 000000014000fa70     rtl:System.Internal.InitCPP.o
 0001:0000ea80       _ZN6System8Internal7Initcpp15CalculateDegreeEPNS1_20TUnitDescriptorBlockES3_ 000000014000fa80     rtl:System.Internal.InitCPP.o
 0001:0000eab0       _ZN6System8Internal7Initcpp15CalculateDegreeEPPNS1_20TUnitDescriptorBlockES4_ 000000014000fab0     rtl:System.Internal.InitCPP.o
 0001:0000eae0       _ZN6System8Internal7Initcpp18InitializeRootUnitEPNS1_15TUnitDescriptorE 000000014000fae0     rtl:System.Internal.InitCPP.o
 0001:0000ecc0       _ZN6System8Internal7Initcpp16FinalizeRootUnitEPNS1_15TUnitDescriptorE 000000014000fcc0     rtl:System.Internal.InitCPP.o
 0001:0000ed90       _ZN6System8Internal7Initcpp12FinalizationEv 000000014000fd90     rtl:System.Internal.InitCPP.o
 0001:0000eda0       _ZN6System8Internal7Initcpp14initializationEv 000000014000fda0     rtl:System.Internal.InitCPP.o
 0001:0000ee80       _Z15__hook_delphiehv       000000014000fe80     libmingw32:lib64_libmingw32_a-hook_delphieh.o
 0001:0000efa0       _internal_malloc           000000014000ffa0     libmingw32:lib64_libmingw32_a-hook_delphimm.o
 0001:0000efc0       _internal_allocmem         000000014000ffc0     libmingw32:lib64_libmingw32_a-hook_delphimm.o
 0001:0000efe0       _internal_free             000000014000ffe0     libmingw32:lib64_libmingw32_a-hook_delphimm.o
 0001:0000f010       _internal_realloc          0000000140010010     libmingw32:lib64_libmingw32_a-hook_delphimm.o
 0001:0000f0a0       _internal_free_heaps       00000001400100a0     libmingw32:lib64_libmingw32_a-hook_delphimm.o
 0001:0000f0b0       _internal_regmem           00000001400100b0     libmingw32:lib64_libmingw32_a-hook_delphimm.o
 0001:0000f0c0       _internal_unreg_mem        00000001400100c0     libmingw32:lib64_libmingw32_a-hook_delphimm.o
 0001:0000f0d0       _Z15__hook_delphimmv       00000001400100d0     libmingw32:lib64_libmingw32_a-hook_delphimm.o
 0001:0000f140       _ZN6System23_DelphiExceptionHandlerEPNS_16TExceptionRecordEyPvS2_ 0000000140010140     rtl:rtl290.bpl
 0001:0000f150       _ZN6System9_RunErrorEh     0000000140010150     rtl:rtl290.bpl
 0001:0000f160       _ZN6System14RegisterModuleEPNS_10TLibModuleE 0000000140010160     rtl:rtl290.bpl
 0001:0000f170       _ZN6System16UnregisterModuleEPNS_10TLibModuleE 0000000140010170     rtl:rtl290.bpl
 0001:0000f180       _ZN6System13FindHInstanceEPv 0000000140010180     rtl:rtl290.bpl
 0001:0000f190       _ZN6System11_DoneExceptEv  0000000140010190     rtl:rtl290.bpl
 0001:0000f1a0       _ZN6System17_DestroyExceptionEP18TExceptionPointersy 00000001400101a0     rtl:rtl290.bpl
 0001:0000f1b0       _ZN6System12_PackageLoadEPNS_16PackageInfoTableEPNS_10TLibModuleE 00000001400101b0     rtl:rtl290.bpl
 0001:0000f1c0       _ZN6System14_PackageUnloadEPNS_16PackageInfoTableEPNS_10TLibModuleE 00000001400101c0     rtl:rtl290.bpl
 0001:0000f1d0       _ZN6System9_StartLibEPNS_12TInitContextEPNS_16PackageInfoTableEPNS_10TLibModuleEPvPFviS6_EyjS6_ 00000001400101d0     rtl:rtl290.bpl
 0001:0000f1e0       _ZN6System9_StartExeEPNS_16PackageInfoTableEPNS_10TLibModuleE 00000001400101e0     rtl:rtl290.bpl
 0001:0000f1f0       _ZN6System14initializationEv 00000001400101f0     rtl:rtl290.bpl
 0001:0000f200       _ZN3Vcl8Controls8TControl7GetTextEv 0000000140010200     vcl:vcl290.bpl
 0001:0000f210       _ZN3Vcl8Controls8TControl7SetTextEN6System13UnicodeStringE 0000000140010210     vcl:vcl290.bpl
 0001:0000f220       _ZN3Vcl5Forms12TApplication10InitializeEv 0000000140010220     vcl:vcl290.bpl
 0001:0000f230       _ZN3Vcl5Forms12TApplication20SetMainFormOnTaskBarEb 0000000140010230     vcl:vcl290.bpl
 0001:0000f240       _ZN3Vcl5Forms12TApplication10CreateFormEN6System7Classes15TComponentClassEPv 0000000140010240     vcl:vcl290.bpl
 0001:0000f250       _ZN3Vcl5Forms12TApplication3RunEv 0000000140010250     vcl:vcl290.bpl
 0001:0000f260       _ZN3Vcl5Forms12TApplication13ShowExceptionEPN6System8Sysutils9ExceptionE 0000000140010260     vcl:vcl290.bpl
 0001:0000f270       _ZN6System8Sysutils9ExceptionC3ENS_13UnicodeStringE 0000000140010270     rtl:rtl290.bpl
 0001:0000f280       _ZN6System8Sysutils9ExceptionD0Ev 0000000140010280     rtl:rtl290.bpl
 0001:0000f290       _ZN3Vcl5Forms11TCustomFormC3EPN6System7Classes10TComponentE 0000000140010290     vcl:vcl290.bpl
 0001:0000f2a0       _ZN3Vcl5Forms11TCustomFormD0Ev 00000001400102a0     vcl:vcl290.bpl
 0001:0000f2b0       _ZN6System8Sysutils8IntToStrEi 00000001400102b0     rtl:rtl290.bpl
 0001:0000f2c0       _ZN3Vcl5Forms11TCustomForm4ShowEv 00000001400102c0     vcl:vcl290.bpl
 0001:0000f2d0       _ZN3Vcl8Controls8TControl8SetWidthEi 00000001400102d0     vcl:vcl290.bpl
 0001:0000f2e0       _ZN3Vcl8Controls8TControl9SetHeightEi 00000001400102e0     vcl:vcl290.bpl
 0001:0000f2f0       _ZN3Vcl5Forms11TCustomForm11SetPositionENS0_9TPositionE 00000001400102f0     vcl:vcl290.bpl
 0001:0000f300       _ZN3Vcl8Stdctrls13TCustomButtonC3EPN6System7Classes10TComponentE 0000000140010300     vcl:vcl290.bpl
 0001:0000f310       _ZN3Vcl8Controls8TControl7SetLeftEi 0000000140010310     vcl:vcl290.bpl
 0001:0000f320       _ZN3Vcl8Controls8TControl6SetTopEi 0000000140010320     vcl:vcl290.bpl
 0001:0000f330       _ZN3Vcl8Graphics6TBrush8GetColorEv 0000000140010330     vcl:vcl290.bpl
 0001:0000f340       _ZN3Vcl7Dialogs11ShowMessageEN6System13UnicodeStringE 0000000140010340     vcl:vcl290.bpl
 0001:0000f350       _ZN3Vcl8Graphics6TBrush8SetColorEN6System7Uitypes6TColorE 0000000140010350     vcl:vcl290.bpl
 0001:0000f360       _ZN6System3Win8Scktcomp16TCustomWinSocket8SendTextENS_11AnsiStringTILt0EEE 0000000140010360     rtl:rtl290.bpl
 0001:0000f370       _ZN3Vcl5Forms11TCustomForm4HideEv 0000000140010370     vcl:vcl290.bpl
 0001:0000f380       _ZN6System3Win8Scktcomp16TCustomWinSocket11ReceiveTextEv 0000000140010380     rtl:rtl290.bpl
 0001:0000f390       _ZN6System7Classes11TStringListC3Ev 0000000140010390     rtl:rtl290.bpl
 0001:0000f3a0       _ZN6System7Classes8TStrings16SetDelimitedTextENS_13UnicodeStringE 00000001400103a0     rtl:rtl290.bpl
 0001:0000f3b0       _ZN6System8Sysutils8StrToIntENS_13UnicodeStringE 00000001400103b0     rtl:rtl290.bpl
 0001:0000f3c0       _ZN3Vcl5Forms11TCustomFormC3EPN6System7Classes10TComponentEi 00000001400103c0     vcl:vcl290.bpl
 0001:0000f3d0       _ZN3Vcl5Forms11TCustomFormC3EPN6System7Classes10TComponentEii 00000001400103d0     vcl:vcl290.bpl
 0001:0000f3e0       _ZN6System7TObject6EqualsEPS0_ 00000001400103e0     rtl:rtl290.bpl
 0001:0000f3f0       _ZN6System7TObject11GetHashCodeEv 00000001400103f0     rtl:rtl290.bpl
 0001:0000f400       _ZN6System7TObject8ToStringEv 0000000140010400     rtl:rtl290.bpl
 0001:0000f410       _ZN6System7Classes10TComponent17SafeCallExceptionEPNS_7TObjectEPv 0000000140010410     rtl:rtl290.bpl
 0001:0000f420       _ZN3Vcl5Forms11TCustomForm17AfterConstructionEv 0000000140010420     vcl:vcl290.bpl
 0001:0000f430       _ZN3Vcl5Forms11TCustomForm17BeforeDestructionEv 0000000140010430     vcl:vcl290.bpl
 0001:0000f440       _ZN6System7TObject8DispatchEPv 0000000140010440     rtl:rtl290.bpl
 0001:0000f450       _ZN3Vcl5Forms11TCustomForm14DefaultHandlerEPv 0000000140010450     vcl:vcl290.bpl
 0001:0000f460       _ZN6System7TObject11NewInstanceEv 0000000140010460     rtl:rtl290.bpl
 0001:0000f470       _ZN6System7TObject12FreeInstanceEv 0000000140010470     rtl:rtl290.bpl
 0001:0000f480       _ZN3Vcl8Controls11TWinControl8AssignToEPN6System7Classes11TPersistentE 0000000140010480     vcl:vcl290.bpl
 0001:0000f490       _ZN3Vcl5Forms11TCustomForm16DefinePropertiesEPN6System7Classes6TFilerE 0000000140010490     vcl:vcl290.bpl
 0001:0000f4a0       _ZN6System7Classes11TPersistent6AssignEPS1_ 00000001400104a0     rtl:rtl290.bpl
 0001:0000f4b0       _ZN3Vcl8Controls11TWinControl13AsyncScheduleEPN6System7Classes16TBaseAsyncResultE 00000001400104b0     vcl:vcl290.bpl
 0001:0000f4c0       _ZN3Vcl5Forms11TCustomForm6LoadedEv 00000001400104c0     vcl:vcl290.bpl
 0001:0000f4d0       _ZN3Vcl5Forms11TCustomForm12NotificationEPN6System7Classes10TComponentENS3_10TOperationE 00000001400104d0     vcl:vcl290.bpl
 0001:0000f4e0       _ZN3Vcl5Forms11TCustomForm9ReadStateEPN6System7Classes7TReaderE 00000001400104e0     vcl:vcl290.bpl
 0001:0000f4f0       _ZN6System7Classes10TComponent10CanObserveEi 00000001400104f0     rtl:rtl290.bpl
 0001:0000f500       _ZN6System7Classes10TComponent13ObserverAddedEiNS_15DelphiInterfaceINS0_9IObserverEEE 0000000140010500     rtl:rtl290.bpl
 0001:0000f510       _ZN6System7Classes10TComponent12GetObserversEv 0000000140010510     rtl:rtl290.bpl
 0001:0000f520       _ZN3Vcl8Controls8TControl7SetNameEN6System13UnicodeStringE 0000000140010520     vcl:vcl290.bpl
 0001:0000f530       _ZN6System7Classes10TComponent14UpdateRegistryEbNS_13UnicodeStringES2_ 0000000140010530     rtl:rtl290.bpl
 0001:0000f540       _ZN3Vcl5Forms11TCustomForm14ValidateRenameEPN6System7Classes10TComponentENS2_13UnicodeStringES6_ 0000000140010540     vcl:vcl290.bpl
 0001:0000f550       _ZN6System7Classes10TComponent10WriteStateEPNS0_7TWriterE 0000000140010550     rtl:rtl290.bpl
 0001:0000f560       _ZN3Vcl5Forms11TCustomForm14QueryInterfaceERK5_GUIDPv 0000000140010560     vcl:vcl290.bpl
 0001:0000f570       _ZN6System7Classes10TComponent12UpdateActionEPNS0_12TBasicActionE 0000000140010570     rtl:rtl290.bpl
 0001:0000f580       _ZN3Vcl5Forms11TCustomForm12GetDesignDpiEv 0000000140010580     vcl:vcl290.bpl
 0001:0000f590       _ZN3Vcl8Controls8TControl19GetParentCurrentDpiEv 0000000140010590     vcl:vcl290.bpl
 0001:0000f5a0       _ZN3Vcl8Controls8TControl13GetCurrentPPIEv 00000001400105a0     vcl:vcl290.bpl
 0001:0000f5b0       _ZN3Vcl8Controls11TWinControl17GetDPIForDesignerEv 00000001400105b0     vcl:vcl290.bpl
 0001:0000f5c0       _ZN3Vcl8Controls11TWinControl9CanResizeERiS2_ 00000001400105c0     vcl:vcl290.bpl
 0001:0000f5d0       _ZN3Vcl8Controls11TWinControl11CanAutoSizeERiS2_ 00000001400105d0     vcl:vcl290.bpl
 0001:0000f5e0       _ZN3Vcl8Controls11TWinControl17ConstrainedResizeERiS2_S2_S2_ 00000001400105e0     vcl:vcl290.bpl
 0001:0000f5f0       _ZN3Vcl8Controls8TControl18CreateTouchManagerEv 00000001400105f0     vcl:vcl290.bpl
 0001:0000f600       _ZN3Vcl5Forms20TScrollingWinControl9DoGestureERKNS_8Controls17TGestureEventInfoERb 0000000140010600     vcl:vcl290.bpl
 0001:0000f610       _ZN3Vcl5Forms20TScrollingWinControl19DoGetGestureOptionsERN6System3SetINS_8Controls19TInteractiveGestureELS5_0ELS5_4EEERNS3_INS4_25TInteractiveGestureOptionELS8_0ELS8_4EEE 0000000140010610     vcl:vcl290.bpl
 0001:0000f620       _ZN3Vcl8Controls11TWinControl22DoStyleElementsChangedEv 0000000140010620     vcl:vcl290.bpl
 0001:0000f630       _ZN3Vcl8Controls8TControl9GetActionEv 0000000140010630     vcl:vcl290.bpl
 0001:0000f640       _ZN3Vcl8Controls11TWinControl15GetClientOriginEv 0000000140010640     vcl:vcl290.bpl
 0001:0000f650       _ZN3Vcl5Forms11TCustomForm13GetClientRectEv 0000000140010650     vcl:vcl290.bpl
 0001:0000f660       _ZN3Vcl8Controls11TWinControl16GetDeviceContextERP6HWND__ 0000000140010660     vcl:vcl290.bpl
 0001:0000f670       _ZN3Vcl8Controls8TControl10GetEnabledEv 0000000140010670     vcl:vcl290.bpl
 0001:0000f680       _ZN3Vcl5Forms11TCustomForm11GetFloatingEv 0000000140010680     vcl:vcl290.bpl
 0001:0000f690       _ZN3Vcl8Controls8TControl24GetFloatingDockSiteClassEv 0000000140010690     vcl:vcl290.bpl
 0001:0000f6a0       _ZN3Vcl5Forms11TCustomForm12RequestAlignEv 00000001400106a0     vcl:vcl290.bpl
 0001:0000f6b0       _ZN3Vcl8Controls8TControl19DefaultScalingFlagsEv 00000001400106b0     vcl:vcl290.bpl
 0001:0000f6c0       _ZN3Vcl8Controls8TControl11SetAutoSizeEb 00000001400106c0     vcl:vcl290.bpl
 0001:0000f6d0       _ZN3Vcl8Controls8TControl11SetDragModeEN6System7Uitypes9TDragModeE 00000001400106d0     vcl:vcl290.bpl
 0001:0000f6e0       _ZN3Vcl8Controls8TControl10SetEnabledEb 00000001400106e0     vcl:vcl290.bpl
 0001:0000f6f0       _ZN3Vcl5Forms11TCustomForm9SetParentEPNS_8Controls11TWinControlE 00000001400106f0     vcl:vcl290.bpl
 0001:0000f700       _ZN3Vcl5Forms11TCustomForm17SetParentBiDiModeEb 0000000140010700     vcl:vcl290.bpl
 0001:0000f710       _ZN3Vcl8Controls8TControl11SetBiDiModeEN6System7Classes9TBiDiModeE 0000000140010710     vcl:vcl290.bpl
 0001:0000f720       _ZN3Vcl8Controls8TControl16GetStyleElementsEv 0000000140010720     vcl:vcl290.bpl
 0001:0000f730       _ZN3Vcl8Controls8TControl16SetStyleElementsEN6System3SetINS0_13TStyleElementELS4_0ELS4_2EEE 0000000140010730     vcl:vcl290.bpl
 0001:0000f740       _ZN3Vcl8Controls8TControl12SetStyleNameEN6System13UnicodeStringE 0000000140010740     vcl:vcl290.bpl
 0001:0000f750       _ZN3Vcl5Forms11TCustomForm7WndProcERN6Winapi8Messages8TMessageE 0000000140010750     vcl:vcl290.bpl
 0001:0000f760       _ZN3Vcl5Forms11TCustomForm19UpdateStyleElementsEv 0000000140010760     vcl:vcl290.bpl
 0001:0000f770       _ZN3Vcl8Controls8TControl13GetDragImagesEv 0000000140010770     vcl:vcl290.bpl
 0001:0000f780       _ZN3Vcl8Controls11TWinControl24GetAllocatedWindowHandleEv 0000000140010780     vcl:vcl290.bpl
 0001:0000f790       _ZN3Vcl8Controls8TControl19IsCustomStyleActiveEv 0000000140010790     vcl:vcl290.bpl
 0001:0000f7a0       _ZN3Vcl8Controls8TControl17IsLightStyleColorEN6System7Uitypes6TColorE 00000001400107a0     vcl:vcl290.bpl
 0001:0000f7b0       _ZN3Vcl5Forms11TCustomForm11ScaleForPPIEi 00000001400107b0     vcl:vcl290.bpl
 0001:0000f7c0       _ZN3Vcl8Controls8TControl14InitiateActionEv 00000001400107c0     vcl:vcl290.bpl
 0001:0000f7d0       _ZN3Vcl8Controls11TWinControl10InvalidateEv 00000001400107d0     vcl:vcl290.bpl
 0001:0000f7e0       _ZN3Vcl8Controls11TWinControl7RepaintEv 00000001400107e0     vcl:vcl290.bpl
 0001:0000f7f0       _ZN3Vcl8Controls11TWinControl9SetBoundsEiiii 00000001400107f0     vcl:vcl290.bpl
 0001:0000f800       _ZN3Vcl8Controls11TWinControl6UpdateEv 0000000140010800     vcl:vcl290.bpl
 0001:0000f810       _ZN3Vcl8Controls8TControl16GetSystemMetricsEi 0000000140010810     vcl:vcl290.bpl
 0001:0000f820       _ZN3Vcl8Controls8TControl12GetStyleNameEv 0000000140010820     vcl:vcl290.bpl
 0001:0000f830       _ZN3Vcl8Controls11TWinControl21CanUseDoubleBufferingEv 0000000140010830     vcl:vcl290.bpl
 0001:0000f840       _ZN3Vcl8Controls11TWinControl17GetDoubleBufferedEv 0000000140010840     vcl:vcl290.bpl
 0001:0000f850       _ZN3Vcl5Forms11TCustomForm16AdjustClientRectERN6System5Types5TRectE 0000000140010850     vcl:vcl290.bpl
 0001:0000f860       _ZN3Vcl5Forms11TCustomForm13AlignControlsEPNS_8Controls8TControlERN6System5Types5TRectE 0000000140010860     vcl:vcl290.bpl
 0001:0000f870       _ZN3Vcl8Controls11TWinControl12CreateHandleEv 0000000140010870     vcl:vcl290.bpl
[...]
 0002:0000ab5c       GCC_except_table114        000000014001cb5c     rtle:ustring.o
 0002:0000ac34       $unwind$_ZN6System8Internal7Initcpp23SelectForInitializationEPNS1_20TUnitDescriptorBlockES3_ 000000014001cc34     rtl:System.Internal.InitCPP.o
 0002:0000ac38       $unwind$_ZN6System8Internal7Initcpp23SelectForInitializationEPPNS1_20TUnitDescriptorBlockES4_ 000000014001cc38     rtl:System.Internal.InitCPP.o
 0002:0000ac3c       $unwind$_ZN6System8Internal7Initcpp15InitializeUnitsEPNS1_20TUnitDescriptorBlockES3_ 000000014001cc3c     rtl:System.Internal.InitCPP.o
 0002:0000ac48       $unwind$_ZN6System8Internal7Initcpp13FinalizeUnitsEPNS1_20TUnitDescriptorBlockES3_ 000000014001cc48     rtl:System.Internal.InitCPP.o
 0002:0000ac50       $unwind$_ZN6System8Internal7Initcpp15InitializeUnitsEPPNS1_20TUnitDescriptorBlockES4_ 000000014001cc50     rtl:System.Internal.InitCPP.o
 0002:0000ac5c       $unwind$_ZN6System8Internal7Initcpp13FinalizeUnitsEPPNS1_20TUnitDescriptorBlockES4_ 000000014001cc5c     rtl:System.Internal.InitCPP.o
 0002:0000ac64       $unwind$_ZN6System8Internal7Initcpp15InitializeUnitsEPNS1_15TUnitDescriptorES3_ 000000014001cc64     rtl:System.Internal.InitCPP.o
 0002:0000ac6c       $unwind$_ZN6System8Internal7Initcpp13FinalizeUnitsEPNS1_15TUnitDescriptorES3_ 000000014001cc6c     rtl:System.Internal.InitCPP.o
 0002:0000ac74       $unwind$_ZN6System8Internal7Initcpp15CalculateDegreeEPNS1_20TUnitDescriptorBlockES3_ 000000014001cc74     rtl:System.Internal.InitCPP.o
 0002:0000ac78       $unwind$_ZN6System8Internal7Initcpp15CalculateDegreeEPPNS1_20TUnitDescriptorBlockES4_ 000000014001cc78     rtl:System.Internal.InitCPP.o
 0002:0000ac7c       $unwind$_ZN6System8Internal7Initcpp16FinalizeUnitListEPPPNS1_15TUnitDescriptorES5_ 000000014001cc7c     rtl:System.Internal.InitCPP.o
 0002:0000acb8       $unwind$_ZN6System8Internal7Initcpp18InitializeRootUnitEPNS1_15TUnitDescriptorE 000000014001ccb8     rtl:System.Internal.InitCPP.o
 0002:0000ad6c       $unwind$_ZN6System8Internal7Initcpp16FinalizeRootUnitEPNS1_15TUnitDescriptorE 000000014001cd6c     rtl:System.Internal.InitCPP.o
 0002:0000ada8       $unwind$_ZN6System8Internal7Initcpp12FinalizationEv 000000014001cda8     rtl:System.Internal.InitCPP.o
 0002:0000adac       $unwind$_ZN6System8Internal7Initcpp14initializationEv 000000014001cdac     rtl:System.Internal.InitCPP.o
 0003:00000000       version_string             000000014001d000     crtbegin.o
 0003:000000e8       _ZN7Sysinit6ModuleE        000000014001d0e8     sysinit.o
 0003:00000120       _ZN7Sysinit7TlsProcE       000000014001d120     sysinit.o
 0003:00000140       _ZN7Sysinit21_dtors_delayhlp_65535E 000000014001d140     sysinit.o
 0003:00000160       initial_tznames            000000014001d160     libucrt:lib64_libucrt_extra_a-ucrtbase_compat.o
 0003:00000178       initial_timezone           000000014001d178     libucrt:lib64_libucrt_extra_a-ucrtbase_compat.o
 0003:00000188       initial_daylight           000000014001d188     libucrt:lib64_libucrt_extra_a-ucrtbase_compat.o
 0003:000001c8       initial_tzname0            000000014001d1c8     libucrt:lib64_libucrt_extra_a-ucrtbase_compat.o
 0003:000001cc       initial_tzname1            000000014001d1cc     libucrt:lib64_libucrt_extra_a-ucrtbase_compat.o
 0003:000001e0       __do_global_dtors.p        000000014001d1e0     libmingw32:lib64_libmingw32_a-gccmain.o
 0003:00000234       managedapp                 000000014001d234     crt2u.o
 0003:00000238       startinfo                  000000014001d238     crt2u.o
 0003:0000023c       argc                       000000014001d23c     crt2u.o
 0003:00000240       argv                       000000014001d240     crt2u.o
 0003:00000248       envp                       000000014001d248     crt2u.o
 0003:00000250       argret                     000000014001d250     crt2u.o
 0003:00000254       has_cctor                  000000014001d254     crt2u.o
 0003:00000258       mainret                    000000014001d258     crt2u.o
 0003:000002a0       _ZN7Sysinit2_1E            000000014001d2a0     sysinit.o
 0003:000002a8       _ZN7Sysinit9tlsBufferE     000000014001d2a8     sysinit.o
 0003:000002b0       _ZN7Sysinit9UseTlsAPIE     000000014001d2b0     sysinit.o
 0003:000002b8       .bss.delayhlp              000000014001d2b8     sysinit.o
 0003:000002b8       ..__puiHead                000000014001d2b8     sysinit.o
 0003:000002c0       _ZN6System8Internal7Strhlpr2_1E 000000014001d2c0     rtl:System.Internal.StrHlpr.o
 0003:000002c8       local__initenv             000000014001d2c8     libucrt:lib64_libucrt_extra_a-__initenv.o
 0003:000002d0       local__winitenv            000000014001d2d0     libucrt:lib64_libucrt_extra_a-__initenv.o
 0003:000002d8       initialized                000000014001d2d8     libmingw32:lib64_libmingw32_a-gccmain.o
 0003:00000310       _pei386_runtime_relocator.was_init 000000014001d310     libmingw32:lib64_libmingw32_a-pseudo-reloc.o
 0003:00000318       the_secs                   000000014001d318     libmingw32:lib64_libmingw32_a-pseudo-reloc.o
 0003:00000320       maxSections                000000014001d320     libmingw32:lib64_libmingw32_a-pseudo-reloc.o
 0003:00000328       stUserMathErr              000000014001d328     libmingw32:lib64_libmingw32_a-usermatherr.o
 0003:00000348       _ZZ18__delphi_type_infoE15type_info_mutex 000000014001d348     rtle:syssupp.o
 0003:00000350       _ZZ18__delphi_type_infoE13type_info_map 000000014001d350     rtle:syssupp.o
 0003:00000378       _ZGVZ18__delphi_type_infoE13type_info_map 000000014001d378     rtle:syssupp.o
 0003:00000388       __mingwthr_cs_init         000000014001d388     libmingw32:lib64_libmingw32_a-tlsthrd.o
 0003:00000390       __mingwthr_cs              000000014001d390     libmingw32:lib64_libmingw32_a-tlsthrd.o
 0003:000003b8       key_dtor_list              000000014001d3b8     libmingw32:lib64_libmingw32_a-tlsthrd.o
 0003:000003c4       _ZN6System8Internal7Initcpp2_1E 000000014001d3c4     rtl:System.Internal.InitCPP.o
 0004:0000006c       $pdata$_ZN7Sysinit19InterlockedExchangeERii 000000014001e06c     sysinit.o
 0004:00000078       $pdata$_ZN7Sysinit26InterlockedExchangePointerERPvS0_ 000000014001e078     sysinit.o
 0004:00000084       $pdata$_ZN7Sysinit17SetDliNotifyHook2EPFPv15dliNotificationP13DelayLoadInfoE 000000014001e084     sysinit.o
 0004:00000090       $pdata$_ZN7Sysinit14DliNotifyHook2Ev 000000014001e090     sysinit.o
 0004:0000009c       $pdata$_ZN7Sysinit18SetDliFailureHook2EPFPv15dliNotificationP13DelayLoadInfoE 000000014001e09c     sysinit.o
 0004:000000a8       $pdata$_ZN7Sysinit15DliFailureHook2Ev 000000014001e0a8     sysinit.o
 0004:000000b4       $pdata$_ZN7Sysinit17_DelayLoadHelper2ERPvS0_ 000000014001e0b4     sysinit.o
 0004:000000c0       $pdata$_ZN7Sysinit21UnloadDelayLoadedDLL2EPc 000000014001e0c0     sysinit.o
 0004:000000cc       $pdata$_ZN7Sysinit20LoadAllImportsForDllEPc 000000014001e0cc     sysinit.o
 0004:000000d8       $pdata$_ZN7Sysinit14AllocTlsBufferEi 000000014001e0d8     sysinit.o
 0004:000000e4       $pdata$_ZN7Sysinit10GetTlsSizeEv 000000014001e0e4     sysinit.o
 0004:000000f0       $pdata$_ZN7Sysinit13InitThreadTLSEv 000000014001e0f0     sysinit.o
 0004:000000fc       $pdata$_ZN7Sysinit14InitProcessTLSEv 000000014001e0fc     sysinit.o
 0004:00000108       $pdata$_ZN7Sysinit13ExitThreadTLSEv 000000014001e108     sysinit.o
 0004:00000114       $pdata$_ZN7Sysinit14ExitProcessTLSEv 000000014001e114     sysinit.o
 0004:00000120       $pdata$_ZN7Sysinit6isWineEv 000000014001e120     sysinit.o
 0004:0000012c       $pdata$_ZN7Sysinit7_GetTlsEv 000000014001e12c     sysinit.o
 0004:00000138       $pdata$_ZN7Sysinit16InitializeModuleEv 000000014001e138     sysinit.o
 0004:00000144       $pdata$_ZN7Sysinit18UninitializeModuleEv 000000014001e144     sysinit.o
 0004:00000150       $pdata$_ZN7Sysinit7VclInitEbbyb 000000014001e150     sysinit.o
 0004:0000015c       $pdata$_ZN7Sysinit7VclExitEv 000000014001e15c     sysinit.o
 0004:00000168       $pdata$_ZN7Sysinit14__dbkDummyProcEv 000000014001e168     sysinit.o
 0004:00000174       $pdata$_ZN7Sysinit14__dbkFCallArgsEPvS0_S0_S0_S0_S0_S0_S0_S0_S0_S0_S0_S0_S0_S0_S0_S0_S0_S0_S0_S0_S0_S0_S0_S0_S0_S0_S0_S0_S0_ 000000014001e174     sysinit.o
 0004:00000180       $pdata$_ZN7Sysinit19__dbk_fcall_wrapperEv 000000014001e180     sysinit.o
 0004:00000198       $pdata$_ZN7Sysinit8_InitPkgEyiPv 000000014001e198     sysinit.o
 0004:000001a4       $pdata$_ZN7Sysinit12_PackageLoadEPN6System16PackageInfoTableE 000000014001e1a4     sysinit.o
 0004:000001b0       $pdata$_ZN7Sysinit14_PackageUnloadEPN6System16PackageInfoTableE 000000014001e1b0     sysinit.o
 0004:000001bc       $pdata$_ZN7Sysinit8_InitLibEPN6System12TInitContextEPNS0_16PackageInfoTableEyjPv 000000014001e1bc     sysinit.o
 0004:000001c8       $pdata$_ZN7Sysinit8_InitExeEPv 000000014001e1c8     sysinit.o
 0004:000001d4       $pdata$delayhlp            000000014001e1d4     sysinit.o
 0004:00000204       $pdata$_ZN7Sysinit12FinalizationEv 000000014001e204     sysinit.o
 0004:00000210       $pdata$_ZN7Sysinit14initializationEv 000000014001e210     sysinit.o
 0004:0000039c       $pdata$_ZN6System8Internal7Strhlpr15UnicodeFromAnsiERNS_13UnicodeStringERNS_11AnsiStringTILt65535EEE 000000014001e39c     rtl:System.Internal.StrHlpr.o
 0004:000003a8       $pdata$_ZN6System8Internal7Strhlpr16UnicodeFromPCharERNS_13UnicodeStringEPcb 000000014001e3a8     rtl:System.Internal.StrHlpr.o
 0004:000003c0       $pdata$_ZN6System8Internal7Strhlpr15UnicodeFromUTF8ERNS_13UnicodeStringEPKc 000000014001e3c0     rtl:System.Internal.StrHlpr.o
 0004:000003cc       $pdata$_ZN6System8Internal7Strhlpr20UnicodeFromPWideCharERNS_13UnicodeStringEPw 000000014001e3cc     rtl:System.Internal.StrHlpr.o
 0004:000003d8       $pdata$_ZN6System8Internal7Strhlpr13UnicodeAppendERNS_13UnicodeStringES3_ 000000014001e3d8     rtl:System.Internal.StrHlpr.o
 0004:000003e4       $pdata$_ZN6System8Internal7Strhlpr10UnicodeCatERNS_13UnicodeStringES3_ 000000014001e3e4     rtl:System.Internal.StrHlpr.o
 0004:000003f0       $pdata$_ZN6System8Internal7Strhlpr13UnicodeDeleteERNS_13UnicodeStringEii 000000014001e3f0     rtl:System.Internal.StrHlpr.o
 0004:000003fc       $pdata$_ZN6System8Internal7Strhlpr16UnicodeSetLengthERNS_13UnicodeStringEi 000000014001e3fc     rtl:System.Internal.StrHlpr.o
 0004:00000408       $pdata$_ZN6System8Internal7Strhlpr10UnicodePosERNS_13UnicodeStringES3_ 000000014001e408     rtl:System.Internal.StrHlpr.o
 0004:00000414       $pdata$_ZN6System8Internal7Strhlpr11UnicodeCopyERNS_13UnicodeStringEii 000000014001e414     rtl:System.Internal.StrHlpr.o
 0004:00000420       $pdata$_ZN6System8Internal7Strhlpr13UnicodeInsertERNS_13UnicodeStringES3_i 000000014001e420     rtl:System.Internal.StrHlpr.o
 0004:0000042c       $pdata$_ZN6System8Internal7Strhlpr13UnicodeAssignERNS_13UnicodeStringES3_ 000000014001e42c     rtl:System.Internal.StrHlpr.o
 0004:00000438       $pdata$_ZN6System8Internal7Strhlpr11UnicodeFreeERNS_13UnicodeStringE 000000014001e438     rtl:System.Internal.StrHlpr.o
 0004:00000444       $pdata$_ZN6System8Internal7Strhlpr12UnicodeEqualERNS_13UnicodeStringES3_ 000000014001e444     rtl:System.Internal.StrHlpr.o
 0004:00000450       $pdata$_ZN6System8Internal7Strhlpr11UnicodeLessERNS_13UnicodeStringES3_ 000000014001e450     rtl:System.Internal.StrHlpr.o
 0004:0000045c       $pdata$_ZN6System8Internal7Strhlpr14UnicodeGreaterERNS_13UnicodeStringES3_ 000000014001e45c     rtl:System.Internal.StrHlpr.o
 0004:00000468       $pdata$_ZN6System8Internal7Strhlpr10AnsiAppendERNS_11AnsiStringTILt65535EEES4_ 000000014001e468     rtl:System.Internal.StrHlpr.o
 0004:00000474       $pdata$_ZN6System8Internal7Strhlpr7AnsiCatERNS_11AnsiStringTILt65535EEES4_ 000000014001e474     rtl:System.Internal.StrHlpr.o
 0004:00000480       $pdata$_ZN6System8Internal7Strhlpr10AnsiDeleteERNS_11AnsiStringTILt65535EEEii 000000014001e480     rtl:System.Internal.StrHlpr.o
 0004:0000048c       $pdata$_ZN6System8Internal7Strhlpr13AnsiSetLengthERNS_11AnsiStringTILt65535EEEi 000000014001e48c     rtl:System.Internal.StrHlpr.o
 0004:00000498       $pdata$_ZN6System8Internal7Strhlpr7AnsiPosERNS_11AnsiStringTILt65535EEES4_ 000000014001e498     rtl:System.Internal.StrHlpr.o
 0004:000004a4       $pdata$_ZN6System8Internal7Strhlpr8AnsiCopyERNS_11AnsiStringTILt65535EEEii 000000014001e4a4     rtl:System.Internal.StrHlpr.o
 0004:000004b0       $pdata$_ZN6System8Internal7Strhlpr10AnsiInsertERNS_11AnsiStringTILt65535EEES4_i 000000014001e4b0     rtl:System.Internal.StrHlpr.o
 0004:000004bc       $pdata$_ZN6System8Internal7Strhlpr9AnsiEqualERNS_11AnsiStringTILt65535EEES4_ 000000014001e4bc     rtl:System.Internal.StrHlpr.o
 0004:000004c8       $pdata$_ZN6System8Internal7Strhlpr11AnsiGreaterERNS_11AnsiStringTILt65535EEES4_ 000000014001e4c8     rtl:System.Internal.StrHlpr.o
 0004:000004d4       $pdata$_ZN6System8Internal7Strhlpr8AnsiLessERNS_11AnsiStringTILt65535EEES4_ 000000014001e4d4     rtl:System.Internal.StrHlpr.o
 0004:000004e0       $pdata$_ZN6System8Internal7Strhlpr10AnsiAssignERNS_11AnsiStringTILt65535EEES4_ 000000014001e4e0     rtl:System.Internal.StrHlpr.o
 0004:000004ec       $pdata$_ZN6System8Internal7Strhlpr8AnsiFreeERNS_11AnsiStringTILt65535EEE 000000014001e4ec     rtl:System.Internal.StrHlpr.o
 0004:000004f8       $pdata$_ZN6System8Internal7Strhlpr10WideAssignERNS_10WideStringES3_ 000000014001e4f8     rtl:System.Internal.StrHlpr.o
 0004:00000504       $pdata$_ZN6System8Internal7Strhlpr8WideFreeERNS_10WideStringE 000000014001e504     rtl:System.Internal.StrHlpr.o
 0004:00000510       $pdata$_ZN6System8Internal7Strhlpr12WideFromAnsiERNS_10WideStringERNS_11AnsiStringTILt65535EEE 000000014001e510     rtl:System.Internal.StrHlpr.o
 0004:0000051c       $pdata$_ZN6System8Internal7Strhlpr15WideFromUnicodeERNS_10WideStringERNS_13UnicodeStringE 000000014001e51c     rtl:System.Internal.StrHlpr.o
 0004:00000528       $pdata$_ZN6System8Internal7Strhlpr13WideFromPCharERNS_10WideStringEPcb 000000014001e528     rtl:System.Internal.StrHlpr.o
 0004:00000540       $pdata$_ZN6System8Internal7Strhlpr9WideEqualERNS_10WideStringES3_ 000000014001e540     rtl:System.Internal.StrHlpr.o
 0004:0000054c       $pdata$_ZN6System8Internal7Strhlpr8WideLessERNS_10WideStringES3_ 000000014001e54c     rtl:System.Internal.StrHlpr.o
 0004:00000558       $pdata$_ZN6System8Internal7Strhlpr11WideGreaterERNS_10WideStringES3_ 000000014001e558     rtl:System.Internal.StrHlpr.o
 0004:00000564       $pdata$_ZN6System8Internal7Strhlpr7WideCatERNS_10WideStringES3_ 000000014001e564     rtl:System.Internal.StrHlpr.o
 0004:00000570       $pdata$_ZN6System8Internal7Strhlpr10WideLengthERNS_10WideStringE 000000014001e570     rtl:System.Internal.StrHlpr.o
 0004:0000057c       $pdata$_ZN6System8Internal7Strhlpr7WidePosERNS_10WideStringES3_ 000000014001e57c     rtl:System.Internal.StrHlpr.o
 0004:00000588       $pdata$_ZN6System8Internal7Strhlpr13WideSetLengthERNS_10WideStringEi 000000014001e588     rtl:System.Internal.StrHlpr.o
 0004:00000594       $pdata$_ZN6System8Internal7Strhlpr10WideDeleteERNS_10WideStringEii 000000014001e594     rtl:System.Internal.StrHlpr.o
 0004:000005a0       $pdata$_ZN6System8Internal7Strhlpr10WideInsertERNS_10WideStringES3_i 000000014001e5a0     rtl:System.Internal.StrHlpr.o
 0004:000005ac       $pdata$_ZN6System8Internal7Strhlpr8WideCopyERNS_10WideStringEii 000000014001e5ac     rtl:System.Internal.StrHlpr.o
 0004:000005b8       $pdata$_ZN6System8Internal7Strhlpr10WideAppendERNS_10WideStringES3_ 000000014001e5b8     rtl:System.Internal.StrHlpr.o
 0004:000005c4       $pdata$_ZN6System8Internal7Strhlpr12WideFromUTF8ERNS_10WideStringEPKc 000000014001e5c4     rtl:System.Internal.StrHlpr.o
 0004:000005dc       $pdata$_ZN6System8Internal7Strhlpr15UnicodeFromWideERNS_13UnicodeStringERNS_10WideStringE 000000014001e5dc     rtl:System.Internal.StrHlpr.o
 0004:000005e8       $pdata$_ZN6System8Internal7Strhlpr12FinalizationEv 000000014001e5e8     rtl:System.Internal.StrHlpr.o
 0004:000005f4       $pdata$_ZN6System8Internal7Strhlpr14initializationEv 000000014001e5f4     rtl:System.Internal.StrHlpr.o
 0004:00000f6c       $pdata$_ZN6System8Internal7Initcpp23SelectForInitializationEPNS1_20TUnitDescriptorBlockES3_ 000000014001ef6c     rtl:System.Internal.InitCPP.o
 0004:00000f78       $pdata$_ZN6System8Internal7Initcpp23SelectForInitializationEPPNS1_20TUnitDescriptorBlockES4_ 000000014001ef78     rtl:System.Internal.InitCPP.o
 0004:00000f84       $pdata$_ZN6System8Internal7Initcpp15InitializeUnitsEPNS1_20TUnitDescriptorBlockES3_ 000000014001ef84     rtl:System.Internal.InitCPP.o
 0004:00000f90       $pdata$_ZN6System8Internal7Initcpp13FinalizeUnitsEPNS1_20TUnitDescriptorBlockES3_ 000000014001ef90     rtl:System.Internal.InitCPP.o
 0004:00000f9c       $pdata$_ZN6System8Internal7Initcpp15InitializeUnitsEPPNS1_20TUnitDescriptorBlockES4_ 000000014001ef9c     rtl:System.Internal.InitCPP.o
 0004:00000fa8       $pdata$_ZN6System8Internal7Initcpp13FinalizeUnitsEPPNS1_20TUnitDescriptorBlockES4_ 000000014001efa8     rtl:System.Internal.InitCPP.o
 0004:00000fb4       $pdata$_ZN6System8Internal7Initcpp15InitializeUnitsEPNS1_15TUnitDescriptorES3_ 000000014001efb4     rtl:System.Internal.InitCPP.o
 0004:00000fc0       $pdata$_ZN6System8Internal7Initcpp13FinalizeUnitsEPNS1_15TUnitDescriptorES3_ 000000014001efc0     rtl:System.Internal.InitCPP.o
 0004:00000fcc       $pdata$_ZN6System8Internal7Initcpp15CalculateDegreeEPNS1_20TUnitDescriptorBlockES3_ 000000014001efcc     rtl:System.Internal.InitCPP.o
 0004:00000fd8       $pdata$_ZN6System8Internal7Initcpp15CalculateDegreeEPPNS1_20TUnitDescriptorBlockES4_ 000000014001efd8     rtl:System.Internal.InitCPP.o
 0004:00000fe4       $pdata$_ZN6System8Internal7Initcpp16FinalizeUnitListEPPPNS1_15TUnitDescriptorES5_ 000000014001efe4     rtl:System.Internal.InitCPP.o
 0004:00000ffc       $pdata$_ZN6System8Internal7Initcpp18InitializeRootUnitEPNS1_15TUnitDescriptorE 000000014001effc     rtl:System.Internal.InitCPP.o
 0004:00001038       $pdata$_ZN6System8Internal7Initcpp16FinalizeRootUnitEPNS1_15TUnitDescriptorE 000000014001f038     rtl:System.Internal.InitCPP.o
 0004:00001050       $pdata$_ZN6System8Internal7Initcpp12FinalizationEv 000000014001f050     rtl:System.Internal.InitCPP.o
 0004:0000105c       $pdata$_ZN6System8Internal7Initcpp14initializationEv 000000014001f05c     rtl:System.Internal.InitCPP.o
 000a:00000380       $R000000                   0000000140025380     internal .obj file created from .res files
 000a:00004910       $R000001                   0000000140029910     internal .obj file created from .res files
 000a:00004b10       $R000002                   0000000140029b10     internal .obj file created from .res files
 000a:00006138       $R000003                   000000014002b138     internal .obj file created from .res files
 000a:00006fe0       $R000004                   000000014002bfe0     internal .obj file created from .res files
 000a:00007888       $R000005                   000000014002c888     internal .obj file created from .res files
 000a:00007df0       $R000006                   000000014002cdf0     internal .obj file created from .res files
 000a:0000e2b0       $R000007                   00000001400332b0     internal .obj file created from .res files
 000a:0001ead8       $R000008                   0000000140043ad8     internal .obj file created from .res files
 000a:00022d00       $R000009                   0000000140047d00     internal .obj file created from .res files
 000a:00023688       $R00000A                   0000000140048688     internal .obj file created from .res files
 000a:00023af0       $R00000B                   0000000140048af0     internal .obj file created from .res files
 000a:00023b78       $R00000C                   0000000140048b78     internal .obj file created from .res files
 000a:00024288       $R00000D                   0000000140049288     internal .obj file created from .res files
