 Project1

 Timestamp is 6788a9c3 (Thu Jan 16 08:40:03 2025)

 Preferred load address is 0000000140000000

 Start         Length     Name                   Class
 0001:00000000 00002220H .text                   CODE
 0001:00002220 0000073aH .text$_ZN7PozitieC2Ev   CODE
 0001:00002960 00000005H .text$_ZN7PozitieC1Ev   CODE
 0001:00002970 0000000eH .text$_ZN7Pozitie13adaugaPozitieEPN3Vcl8Extctrls6TShapeEi CODE
 0001:00002980 0000007fH .text$_ZN7Pozitie11adaugaLabelEPN3Vcl8Stdctrls6TLabelEi CODE
 0001:00002a00 0000000fH .text$_ZN7Pozitie10getPozitieEi CODE
 0001:00002a10 00000013H .text$_ZN7Pozitie8getLabelEi CODE
 0001:00002a30 0000000cH .text$_ZN7Pozitie6getZarEv CODE
 0001:00002a40 00000023H .text$_ZN7Pozitie4mutaEii CODE
 0001:00002a70 00000089H .text$_ZN7Pozitie17actualizeazaLabelEiiN6System13UnicodeStringE CODE
 0001:00002afc 00000000H .text                   CODE
 0001:00002b00 0000011eH .text$wWinMain          CODE
 0001:00002c20 0000000eH .text$__clang_call_terminate CODE
 0001:00002c30 00000000H .text                   CODE
 0001:00002c30 000008c8H .text$_ZN16TNuTeSuparaFrateC3EPN6System7Classes10TComponentE CODE
 0001:00003500 0000004aH .text$_ZN3Vcl5Forms5TFormC3EPN6System7Classes10TComponentE CODE
 0001:00003550 00000034H .text$_ZN3Vcl5Forms5TFormD0Ev CODE
 0001:00003590 0000013dH .text$_ZN16TNuTeSuparaFrate14zarButtonClickEPN6System7TObjectE CODE
 0001:000036d0 000003dbH .text$_ZN16TNuTeSuparaFrate15casaButtonClickEPN6System7TObjectE CODE
 0001:00003ab0 0000004aH .text$_ZN3Vcl8Stdctrls7TButtonC3EPN6System7Classes10TComponentE CODE
 0001:00003b00 00000221H .text$_ZN16TNuTeSuparaFrate9Btn1ClickEPN6System7TObjectE CODE
 0001:00003d30 00000221H .text$_ZN16TNuTeSuparaFrate9Btn2ClickEPN6System7TObjectE CODE
 0001:00003f60 00000221H .text$_ZN16TNuTeSuparaFrate9Btn3ClickEPN6System7TObjectE CODE
 0001:00004190 00000221H .text$_ZN16TNuTeSuparaFrate9Btn4ClickEPN6System7TObjectE CODE
 0001:000043c0 00000544H .text$_ZN16TNuTeSuparaFrate15mutaButtonClickEPN6System7TObjectE CODE
 0001:00004910 00000761H .text$_ZN16TNuTeSuparaFrate9Btn5ClickEPN6System7TObjectE CODE
 0001:00005080 00000761H .text$_ZN16TNuTeSuparaFrate9Btn6ClickEPN6System7TObjectE CODE
 0001:000057f0 00000761H .text$_ZN16TNuTeSuparaFrate9Btn7ClickEPN6System7TObjectE CODE
 0001:00005f60 00000761H .text$_ZN16TNuTeSuparaFrate9Btn8ClickEPN6System7TObjectE CODE
 0001:000066d0 0000003aH .text$_ZN16TNuTeSuparaFrate19normalizeazaPozitieEi CODE
 0001:00006710 000000ceH .text$_ZN16TNuTeSuparaFrate19ProcesareCasaServerEN6System13UnicodeStringEi CODE
 0001:000067e0 00000121H .text$_ZN16TNuTeSuparaFrate16MutarePionServerEN6System13UnicodeStringEii CODE
 0001:00006910 0000095aH .text$_ZN16TNuTeSuparaFrate23ServerSocket1ClientReadEPN6System7TObjectEPNS0_3Win8Scktcomp16TCustomWinSocketE CODE
 0001:00007270 00000272H .text$_ZN16TNuTeSuparaFrate16buttonStartClickEPN6System7TObjectE CODE
 0001:000074f0 0000004aH .text$_ZN16TNuTeSuparaFrateD0Ev CODE
 0001:00007540 00000055H .text$_ZN3Vcl5Forms5TFormC3EPN6System7Classes10TComponentEi CODE
 0001:000075a0 00000063H .text$_ZN3Vcl5Forms5TFormC3EPN6System7Classes10TComponentEii CODE
 0001:00007610 000001f5H .text$_ZN7PozitieD2Ev   CODE
 0001:00007810 000000b2H .text$_ZN6System11AnsiStringTILt0EED2Ev CODE
 0001:000078d0 0000000cH .text$__dtor__ZZN6System11AnsiStringTILt0EED1EvE13__force_inst1 CODE
 0001:000078e0 0000000cH .text$__dtor__ZZN6System11AnsiStringTILt0EED1EvE13__force_inst2 CODE
 0001:000078ec 00000000H .text                   CODE
 0001:000078f0 0000001cH .text$_ZN3ZarC2Ev       CODE
 0001:00007910 0000001cH .text$_ZN3ZarC1Ev       CODE
 0001:00007930 00000036H .text$_ZN3Zar6aruncaEv  CODE
 0001:00007970 00000036H .text$_ZN3Zar10getValoareEv CODE
 0001:000079b0 0000347cH .text                   CODE
 0001:0000ae30 000000d5H .text$_ZN6System8Sysutils11ERangeErrorC3ENS_13UnicodeStringE CODE
 0001:0000af10 00000048H .text$_ZN6System8Sysutils11ERangeErrorD0Ev CODE
 0001:0000af60 000000a5H .text$_ZN6System8Sysutils9EIntErrorC3ENS_13UnicodeStringE CODE
 0001:0000b010 00000075H .text$_ZN6System8Sysutils9EExternalC3ENS_13UnicodeStringE CODE
 0001:0000b090 0000003eH .text$_ZN6System8Sysutils9EIntErrorD0Ev CODE
 0001:0000b0d0 00000034H .text$_ZN6System8Sysutils9EExternalD0Ev CODE
 0001:0000b110 00000844H .text                   CODE
 0001:0000b960 0000042dH .text$_ZNSt3__112__hash_tableINS_17__hash_value_typeIPN6System7Typinfo9TTypeInfoEPSt9type_infoEENS_22__unordered_map_hasherIS5_S8_NS_4hashIS5_EENS_8equal_toIS5_EELb1EEENS_21__unordered_map_equalIS5_S8_SD_SB_Lb1EEENS_9allocatorIS8_EEE25__emplace_unique_key_argsIS5_JRKNS_21piecewise_construct_tENS_5tupleIJRKS5_EEENSO_IJEEEEEENS_4pairINS_15__hash_iteratorIPNS_11__hash_nodeIS8_PvEEEEbEERKT_DpOT0_ CODE
 0001:0000bd90 00000031H .text$_ZSt28__throw_bad_array_new_lengthB6v15007v CODE
 0001:0000bdd0 00000233H .text$_ZNSt3__112__hash_tableINS_17__hash_value_typeIPN6System7Typinfo9TTypeInfoEPSt9type_infoEENS_22__unordered_map_hasherIS5_S8_NS_4hashIS5_EENS_8equal_toIS5_EELb1EEENS_21__unordered_map_equalIS5_S8_SD_SB_Lb1EEENS_9allocatorIS8_EEE11__do_rehashILb1EEEvy CODE
 0001:0000c010 000035fcH .text                   CODE
 0002:00000000 00000008H .rdata$.refptr._MINGW_INSTALL_DEBUG_MATHERR DATA
 0002:00000008 00000008H .rdata$.refptr.__dyn_tls_init_callback DATA
 0002:00000010 00000008H .rdata$.refptr.__globallocalestatus DATA
 0002:00000018 00000008H .rdata$.refptr.__image_base__ DATA
 0002:00000020 00000008H .rdata$.refptr.__imp___winitenv DATA
 0002:00000028 00000008H .rdata$.refptr.__mingw_app_type DATA
 0002:00000030 00000008H .rdata$.refptr.__mingw_initltsdrot_force DATA
 0002:00000038 00000008H .rdata$.refptr.__mingw_initltsdyn_force DATA
 0002:00000040 00000008H .rdata$.refptr.__mingw_initltssuo_force DATA
 0002:00000048 00000008H .rdata$.refptr.__mingw_oldexcpt_handler DATA
 0002:00000050 00000008H .rdata$.refptr.__native_startup_lock DATA
 0002:00000058 00000008H .rdata$.refptr.__native_startup_state DATA
 0002:00000060 00000008H .rdata$.refptr.__xc_a   DATA
 0002:00000068 00000008H .rdata$.refptr.__xc_z   DATA
 0002:00000070 00000008H .rdata$.refptr.__xi_a   DATA
 0002:00000078 00000008H .rdata$.refptr.__xi_z   DATA
 0002:00000080 00000008H .rdata$.refptr._commode DATA
 0002:00000088 00000008H .rdata$.refptr._dowildcard DATA
 0002:00000090 00000008H .rdata$.refptr._fmode   DATA
 0002:00000098 00000008H .rdata$.refptr._hInstance DATA
 0002:000000a0 00000008H .rdata$.refptr._newmode DATA
 0002:000000a8 00000542H .rdata                  DATA
 0002:000005f0 00000008H .rdata$.refptr.NuTeSuparaFrate DATA
 0002:000005f8 00000008H .rdata$.refptr._ZTRN6System8Sysutils9ExceptionE DATA
 0002:00000600 00000008H .rdata$.refptr._ZTV16TNuTeSuparaFrate DATA
 0002:00000608 00000008H .rdata$.refptr._ZTVN6System8Sysutils9ExceptionE DATA
 0002:00000610 00000010H .rdata                  DATA
 0002:00000620 00000440H .rdata$_ZTV16TNuTeSuparaFrate DATA
 0002:00000a60 000003c0H .rdata                  DATA
 0002:00000e20 0000003cH .rdata$_ZTR16TNuTeSuparaFrate DATA
 0002:00000e60 00000032H .rdata$_ZTX16TNuTeSuparaFrate DATA
 0002:00000ea0 0000088aH .rdata$_ZTF16TNuTeSuparaFrate DATA
 0002:00001730 000000c7H .rdata$_ZTM16TNuTeSuparaFrate DATA
 0002:000017f7 00000019H .rdata                  DATA
 0002:00001810 00000008H .rdata$.refptr._ZN6System10_init_instE DATA
 0002:00001818 00000008H .rdata$.refptr._ZTVN3Vcl5Forms5TFormE DATA
 0002:00001820 00000008H .rdata$.refptr._ZTVN3Vcl8Stdctrls7TButtonE DATA
 0002:00001828 00000008H .rdata$.refptr._ZTVN6System7Classes11TStringListE DATA
 0002:00001830 0000007eH .rdata                  DATA
 0002:000018b0 00000008H .rdata$.refptr.__imp__tzset DATA
 0002:000018b8 00000008H .rdata$.refptr.__mingw_module_is_dll DATA
 0002:000018c0 00000008H .rdata$.refptr.__CTOR_LIST__ DATA
 0002:000018c8 00000038H .rdata                  DATA
 0002:00001900 00000008H .rdata$.refptr._CRT_MT  DATA
 0002:00001908 00000255H .rdata                  DATA
 0002:00001b60 00000008H .rdata$.refptr.__RUNTIME_PSEUDO_RELOC_LIST_END__ DATA
 0002:00001b68 00000008H .rdata$.refptr.__RUNTIME_PSEUDO_RELOC_LIST__ DATA
 0002:00001b70 00000001H .rdata                  DATA
 0002:00001b78 00000008H .rdata$.refptr._ZTRN6System8Sysutils11ERangeErrorE DATA
 0002:00001b80 00000008H .rdata$.refptr._ZTVN6System8Sysutils11ERangeErrorE DATA
 0002:00001b88 00000151H .rdata                  DATA
 0002:00001cd9 00000019H .rdata$_ZTSSt20bad_array_new_length DATA
 0002:00001cf2 0000000dH .rdata$_ZTSSt9bad_alloc DATA
 0002:00001cff 0000000dH .rdata$_ZTSSt9exception DATA
 0002:00001d10 00000010H .rdata$_ZTISt9exception DATA
 0002:00001d20 00000018H .rdata$_ZTISt9bad_alloc DATA
 0002:00001d38 00000018H .rdata$_ZTISt20bad_array_new_length DATA
 0002:00001d50 00000008H .rdata$.refptr.__EMBT_INIT_LIST_BEGIN__ DATA
 0002:00001d58 00000008H .rdata$.refptr.__EMBT_INIT_LIST_END__ DATA
 0002:00001d60 00000008H .rdata$.refptr.__isDLL  DATA
 0002:00001d68 00000008H .rdata$.refptr.__isGUI  DATA
 0002:00001d70 00000008H .rdata$.refptr.__isVCLPackage DATA
 0002:00001d78 000003a0H .rdata                  DATA
 0002:00002178 00000008H .CRT$XCA                DATA
 0002:00002180 00000008H .CRT$XCAA               DATA
 0002:00002188 00000008H .CRT$XCZ                DATA
 0002:00002190 00000008H .CRT$XDA                DATA
 0002:00002198 00000008H .CRT$XDZ                DATA
 0002:000021a0 00000008H .CRT$XIA                DATA
 0002:000021a8 00000008H .CRT$XIAA               DATA
 0002:000021b0 00000008H .CRT$XIZ                DATA
 0002:000021b8 00000008H .CRT$XLA                DATA
 0002:000021c0 00000008H .CRT$XLC                DATA
 0002:000021c8 00000008H .CRT$XLD                DATA
 0002:000021d0 00000008H .CRT$XLZ                DATA
 0002:000021e0 00000008H .ctors.65435            DATA
 0002:000021e8 00000010H .ctors.65534            DATA
 0002:00002208 00000008H .dtors.65435            DATA
 0002:000086c4 000001ecH .xdata                  DATA
 0002:000088b0 00000040H .xdata$_ZN7PozitieC2Ev  DATA
 0002:000088f0 00000024H .xdata$_ZN7Pozitie11adaugaLabelEPN3Vcl8Stdctrls6TLabelEi DATA
 0002:00008914 00000020H .xdata$_ZN7Pozitie17actualizeazaLabelEiiN6System13UnicodeStringE DATA
 0002:00008934 00000040H .xdata$_ZN7PozitieC2Ev  DATA
 0002:00008974 00000024H .xdata$_ZN7Pozitie11adaugaLabelEPN3Vcl8Stdctrls6TLabelEi DATA
 0002:00008998 00000020H .xdata$_ZN7Pozitie17actualizeazaLabelEiiN6System13UnicodeStringE DATA
 0002:000089b8 000000d0H .xdata$wWinMain         DATA
 0002:00008a88 00000058H .xdata$_ZN16TNuTeSuparaFrateC3EPN6System7Classes10TComponentE DATA
 0002:00008ae0 0000002cH .xdata$_ZN16TNuTeSuparaFrate14zarButtonClickEPN6System7TObjectE DATA
 0002:00008b0c 00000058H .xdata$_ZN16TNuTeSuparaFrate15casaButtonClickEPN6System7TObjectE DATA
 0002:00008b64 00000050H .xdata$_ZN16TNuTeSuparaFrate9Btn1ClickEPN6System7TObjectE DATA
 0002:00008bb4 00000050H .xdata$_ZN16TNuTeSuparaFrate9Btn2ClickEPN6System7TObjectE DATA
 0002:00008c04 00000050H .xdata$_ZN16TNuTeSuparaFrate9Btn3ClickEPN6System7TObjectE DATA
 0002:00008c54 00000050H .xdata$_ZN16TNuTeSuparaFrate9Btn4ClickEPN6System7TObjectE DATA
 0002:00008ca4 0000005cH .xdata$_ZN16TNuTeSuparaFrate15mutaButtonClickEPN6System7TObjectE DATA
 0002:00008d00 000000bcH .xdata$_ZN16TNuTeSuparaFrate9Btn5ClickEPN6System7TObjectE DATA
 0002:00008dbc 000000bcH .xdata$_ZN16TNuTeSuparaFrate9Btn6ClickEPN6System7TObjectE DATA
 0002:00008e78 000000bcH .xdata$_ZN16TNuTeSuparaFrate9Btn7ClickEPN6System7TObjectE DATA
 0002:00008f34 000000bcH .xdata$_ZN16TNuTeSuparaFrate9Btn8ClickEPN6System7TObjectE DATA
 0002:00008ff0 00000034H .xdata$_ZN16TNuTeSuparaFrate19ProcesareCasaServerEN6System13UnicodeStringEi DATA
 0002:00009024 0000002cH .xdata$_ZN16TNuTeSuparaFrate16MutarePionServerEN6System13UnicodeStringEii DATA
 0002:00009050 0000014cH .xdata$_ZN16TNuTeSuparaFrate23ServerSocket1ClientReadEPN6System7TObjectEPNS0_3Win8Scktcomp16TCustomWinSocketE DATA
 0002:0000919c 00000060H .xdata$_ZN16TNuTeSuparaFrate16buttonStartClickEPN6System7TObjectE DATA
 0002:000091fc 00000020H .xdata$_ZN6System11AnsiStringTILt0EED2Ev DATA
 0002:0000921c 00000058H .xdata$_ZN16TNuTeSuparaFrateC3EPN6System7Classes10TComponentE DATA
 0002:00009274 0000000cH .xdata$_ZN3Vcl5Forms5TFormC3EPN6System7Classes10TComponentE DATA
 0002:00009280 0000000cH .xdata$_ZN3Vcl5Forms5TFormD0Ev DATA
 0002:0000928c 0000002cH .xdata$_ZN16TNuTeSuparaFrate14zarButtonClickEPN6System7TObjectE DATA
 0002:000092b8 00000058H .xdata$_ZN16TNuTeSuparaFrate15casaButtonClickEPN6System7TObjectE DATA
 0002:00009310 0000000cH .xdata$_ZN3Vcl8Stdctrls7TButtonC3EPN6System7Classes10TComponentE DATA
 0002:0000931c 00000050H .xdata$_ZN16TNuTeSuparaFrate9Btn1ClickEPN6System7TObjectE DATA
 0002:0000936c 00000050H .xdata$_ZN16TNuTeSuparaFrate9Btn2ClickEPN6System7TObjectE DATA
 0002:000093bc 00000050H .xdata$_ZN16TNuTeSuparaFrate9Btn3ClickEPN6System7TObjectE DATA
 0002:0000940c 00000050H .xdata$_ZN16TNuTeSuparaFrate9Btn4ClickEPN6System7TObjectE DATA
 0002:0000945c 0000005cH .xdata$_ZN16TNuTeSuparaFrate15mutaButtonClickEPN6System7TObjectE DATA
 0002:000094b8 000000bcH .xdata$_ZN16TNuTeSuparaFrate9Btn5ClickEPN6System7TObjectE DATA
 0002:00009574 000000bcH .xdata$_ZN16TNuTeSuparaFrate9Btn6ClickEPN6System7TObjectE DATA
 0002:00009630 000000bcH .xdata$_ZN16TNuTeSuparaFrate9Btn7ClickEPN6System7TObjectE DATA
 0002:000096ec 000000bcH .xdata$_ZN16TNuTeSuparaFrate9Btn8ClickEPN6System7TObjectE DATA
 0002:000097a8 00000034H .xdata$_ZN16TNuTeSuparaFrate19ProcesareCasaServerEN6System13UnicodeStringEi DATA
 0002:000097dc 0000002cH .xdata$_ZN16TNuTeSuparaFrate16MutarePionServerEN6System13UnicodeStringEii DATA
 0002:00009808 0000014cH .xdata$_ZN16TNuTeSuparaFrate23ServerSocket1ClientReadEPN6System7TObjectEPNS0_3Win8Scktcomp16TCustomWinSocketE DATA
 0002:00009954 00000060H .xdata$_ZN16TNuTeSuparaFrate16buttonStartClickEPN6System7TObjectE DATA
 0002:000099b4 0000000cH .xdata$_ZN16TNuTeSuparaFrateD0Ev DATA
 0002:000099c0 0000000cH .xdata$_ZN3Vcl5Forms5TFormC3EPN6System7Classes10TComponentEi DATA
 0002:000099cc 00000010H .xdata$_ZN3Vcl5Forms5TFormC3EPN6System7Classes10TComponentEii DATA
 0002:000099dc 0000000cH .xdata$_ZN7PozitieD2Ev  DATA
 0002:000099e8 00000020H .xdata$_ZN6System11AnsiStringTILt0EED2Ev DATA
 0002:00009a08 00000008H .xdata$_ZN3ZarC2Ev      DATA
 0002:00009a10 00000008H .xdata$_ZN3ZarC1Ev      DATA
 0002:00009a18 00000008H .xdata$_ZN3Zar6aruncaEv DATA
 0002:00009a20 00000008H .xdata$_ZN3Zar10getValoareEv DATA
 0002:00009a28 0000083cH .xdata                  DATA
 0002:0000a264 0000002cH .xdata$_ZN6System8Sysutils11ERangeErrorC3ENS_13UnicodeStringE DATA
 0002:0000a290 00000028H .xdata$_ZN6System11AnsiStringTILt0EED2Ev DATA
 0002:0000a2b8 00000028H .xdata$_ZN6System8Sysutils9EIntErrorC3ENS_13UnicodeStringE DATA
 0002:0000a2e0 00000020H .xdata$_ZN6System8Sysutils9EExternalC3ENS_13UnicodeStringE DATA
 0002:0000a300 0000002cH .xdata$_ZN6System8Sysutils11ERangeErrorC3ENS_13UnicodeStringE DATA
 0002:0000a32c 0000000cH .xdata$_ZN6System8Sysutils11ERangeErrorD0Ev DATA
 0002:0000a338 00000028H .xdata$_ZN6System8Sysutils9EIntErrorC3ENS_13UnicodeStringE DATA
 0002:0000a360 00000020H .xdata$_ZN6System8Sysutils9EExternalC3ENS_13UnicodeStringE DATA
 0002:0000a380 0000000cH .xdata$_ZN6System8Sysutils9EIntErrorD0Ev DATA
 0002:0000a38c 0000000cH .xdata$_ZN6System8Sysutils9EExternalD0Ev DATA
 0002:0000a398 000000d0H .xdata                  DATA
 0002:0000a468 00000078H .xdata$_ZNSt3__112__hash_tableINS_17__hash_value_typeIPN6System7Typinfo9TTypeInfoEPSt9type_infoEENS_22__unordered_map_hasherIS5_S8_NS_4hashIS5_EENS_8equal_toIS5_EELb1EEENS_21__unordered_map_equalIS5_S8_SD_SB_Lb1EEENS_9allocatorIS8_EEE25__emplace_unique_key_argsIS5_JRKNS_21piecewise_construct_tENS_5tupleIJRKS5_EEENSO_IJEEEEEENS_4pairINS_15__hash_iteratorIPNS_11__hash_nodeIS8_PvEEEEbEERKT_DpOT0_ DATA
 0002:0000a4e0 00000008H .xdata$_ZSt28__throw_bad_array_new_lengthB6v15007v DATA
 0002:0000a4e8 00000010H .xdata$_ZNSt3__112__hash_tableINS_17__hash_value_typeIPN6System7Typinfo9TTypeInfoEPSt9type_infoEENS_22__unordered_map_hasherIS5_S8_NS_4hashIS5_EENS_8equal_toIS5_EELb1EEENS_21__unordered_map_equalIS5_S8_SD_SB_Lb1EEENS_9allocatorIS8_EEE11__do_rehashILb1EEEvy DATA
 0002:0000a4f8 000007e4H .xdata                  DATA
 0002:0000acdc 00000038H .xdata$_ZN6System8Sysutils11ERangeErrorC3ENS_13UnicodeStringE DATA
 0002:0000ad14 00000020H .xdata$_ZN6System11AnsiStringTILt0EED2Ev DATA
 0002:0000ad34 0000004cH .xdata$_ZN6System8Sysutils9EIntErrorC3ENS_13UnicodeStringE DATA
 0002:0000ad80 00000038H .xdata$_ZN6System8Sysutils9EExternalC3ENS_13UnicodeStringE DATA
 0002:0000adb8 0000027cH .xdata                  DATA
 0003:00000000 0000022cH .data                   DATA
 0003:00000230 00000198H .bss                    DATA
 0003:000003c8 00000008H .bss$NuTeSuparaFrate    DATA
 0003:000003d0 00000008H .bss$_ZGVZN6System11AnsiStringTILt0EED1EvE13__force_inst1 DATA
 0003:000003d8 00000008H .bss$_ZGVZN6System11AnsiStringTILt0EED1EvE13__force_inst2 DATA
 0003:000003e0 00000008H .bss$_ZZN6System11AnsiStringTILt0EED1EvE13__force_inst1 DATA
 0003:000003e8 00000008H .bss$_ZZN6System11AnsiStringTILt0EED1EvE13__force_inst2 DATA
 0004:00000000 0000021cH .pdata                  DATA
 0004:0000021c 0000000cH .pdata$_ZN7PozitieC2Ev  DATA
 0004:00000228 0000000cH .pdata$_ZN7Pozitie11adaugaLabelEPN3Vcl8Stdctrls6TLabelEi DATA
 0004:00000234 0000000cH .pdata$_ZN7Pozitie17actualizeazaLabelEiiN6System13UnicodeStringE DATA
 0004:00000240 0000000cH .pdata$wWinMain         DATA
 0004:0000024c 0000000cH .pdata$_ZN16TNuTeSuparaFrateC3EPN6System7Classes10TComponentE DATA
 0004:00000258 0000000cH .pdata$_ZN3Vcl5Forms5TFormC3EPN6System7Classes10TComponentE DATA
 0004:00000264 0000000cH .pdata$_ZN3Vcl5Forms5TFormD0Ev DATA
 0004:00000270 0000000cH .pdata$_ZN16TNuTeSuparaFrate14zarButtonClickEPN6System7TObjectE DATA
 0004:0000027c 0000000cH .pdata$_ZN16TNuTeSuparaFrate15casaButtonClickEPN6System7TObjectE DATA
 0004:00000288 0000000cH .pdata$_ZN3Vcl8Stdctrls7TButtonC3EPN6System7Classes10TComponentE DATA
 0004:00000294 0000000cH .pdata$_ZN16TNuTeSuparaFrate9Btn1ClickEPN6System7TObjectE DATA
 0004:000002a0 0000000cH .pdata$_ZN16TNuTeSuparaFrate9Btn2ClickEPN6System7TObjectE DATA
 0004:000002ac 0000000cH .pdata$_ZN16TNuTeSuparaFrate9Btn3ClickEPN6System7TObjectE DATA
 0004:000002b8 0000000cH .pdata$_ZN16TNuTeSuparaFrate9Btn4ClickEPN6System7TObjectE DATA
 0004:000002c4 0000000cH .pdata$_ZN16TNuTeSuparaFrate15mutaButtonClickEPN6System7TObjectE DATA
 0004:000002d0 0000000cH .pdata$_ZN16TNuTeSuparaFrate9Btn5ClickEPN6System7TObjectE DATA
 0004:000002dc 0000000cH .pdata$_ZN16TNuTeSuparaFrate9Btn6ClickEPN6System7TObjectE DATA
 0004:000002e8 0000000cH .pdata$_ZN16TNuTeSuparaFrate9Btn7ClickEPN6System7TObjectE DATA
 0004:000002f4 0000000cH .pdata$_ZN16TNuTeSuparaFrate9Btn8ClickEPN6System7TObjectE DATA
 0004:00000300 0000000cH .pdata$_ZN16TNuTeSuparaFrate19ProcesareCasaServerEN6System13UnicodeStringEi DATA
 0004:0000030c 0000000cH .pdata$_ZN16TNuTeSuparaFrate16MutarePionServerEN6System13UnicodeStringEii DATA
 0004:00000318 0000000cH .pdata$_ZN16TNuTeSuparaFrate23ServerSocket1ClientReadEPN6System7TObjectEPNS0_3Win8Scktcomp16TCustomWinSocketE DATA
 0004:00000324 0000000cH .pdata$_ZN16TNuTeSuparaFrate16buttonStartClickEPN6System7TObjectE DATA
 0004:00000330 0000000cH .pdata$_ZN16TNuTeSuparaFrateD0Ev DATA
 0004:0000033c 0000000cH .pdata$_ZN3Vcl5Forms5TFormC3EPN6System7Classes10TComponentEi DATA
 0004:00000348 0000000cH .pdata$_ZN3Vcl5Forms5TFormC3EPN6System7Classes10TComponentEii DATA
 0004:00000354 0000000cH .pdata$_ZN7PozitieD2Ev  DATA
 0004:00000360 0000000cH .pdata$_ZN6System11AnsiStringTILt0EED2Ev DATA
 0004:0000036c 0000000cH .pdata$_ZN3ZarC2Ev      DATA
 0004:00000378 0000000cH .pdata$_ZN3ZarC1Ev      DATA
 0004:00000384 0000000cH .pdata$_ZN3Zar6aruncaEv DATA
 0004:00000390 0000000cH .pdata$_ZN3Zar10getValoareEv DATA
 0004:0000039c 0000060cH .pdata                  DATA
 0004:000009a8 0000000cH .pdata$_ZN6System8Sysutils11ERangeErrorC3ENS_13UnicodeStringE DATA
 0004:000009b4 0000000cH .pdata$_ZN6System8Sysutils11ERangeErrorD0Ev DATA
 0004:000009c0 0000000cH .pdata$_ZN6System8Sysutils9EIntErrorC3ENS_13UnicodeStringE DATA
 0004:000009cc 0000000cH .pdata$_ZN6System8Sysutils9EExternalC3ENS_13UnicodeStringE DATA
 0004:000009d8 0000000cH .pdata$_ZN6System8Sysutils9EIntErrorD0Ev DATA
 0004:000009e4 0000000cH .pdata$_ZN6System8Sysutils9EExternalD0Ev DATA
 0004:000009f0 0000009cH .pdata                  DATA
 0004:00000a8c 0000000cH .pdata$_ZNSt3__112__hash_tableINS_17__hash_value_typeIPN6System7Typinfo9TTypeInfoEPSt9type_infoEENS_22__unordered_map_hasherIS5_S8_NS_4hashIS5_EENS_8equal_toIS5_EELb1EEENS_21__unordered_map_equalIS5_S8_SD_SB_Lb1EEENS_9allocatorIS8_EEE25__emplace_unique_key_argsIS5_JRKNS_21piecewise_construct_tENS_5tupleIJRKS5_EEENSO_IJEEEEEENS_4pairINS_15__hash_iteratorIPNS_11__hash_nodeIS8_PvEEEEbEERKT_DpOT0_ DATA
 0004:00000a98 0000000cH .pdata$_ZSt28__throw_bad_array_new_lengthB6v15007v DATA
 0004:00000aa4 0000000cH .pdata$_ZNSt3__112__hash_tableINS_17__hash_value_typeIPN6System7Typinfo9TTypeInfoEPSt9type_infoEENS_22__unordered_map_hasherIS5_S8_NS_4hashIS5_EENS_8equal_toIS5_EELb1EEENS_21__unordered_map_equalIS5_S8_SD_SB_Lb1EEENS_9allocatorIS8_EEE11__do_rehashILb1EEEvy DATA
 0004:00000ab0 00000630H .pdata                  DATA
 0005:00000000 0000002cH .embtexi                DATA
 0006:00000000 00000008H .embti$x                DATA
 0006:00000008 00000080H .embti$y                DATA
 0006:00000088 00000008H .embti$z                DATA
 0007:00000000 0000002cH .embtini                DATA
 0008:00000000 00000108H .embtinit               DATA
 0009:00000000 00000008H .tls                    DATA
 0009:00000008 00000008H .tls$ZZZ                DATA
 0009:00000010 00000001H .tls$zzz                DATA
 000a:00000000 0000037cH .rsrc$01                DATA
 000a:00000380 00023f08H .rsrc$02                DATA

  Address         Publics by Value              Rva+Base               Lib:Object

 0000:00000000       .absolut                   0000000000000000     <absolute>
 0000:ffffffb0       vtAfterConstruction        00000000ffffffb0     <absolute>
 0000:ffffffb8       vtBeforeDestruction        00000000ffffffb8     <absolute>
 0000:ffffffd0       vtNewInstance              00000000ffffffd0     <absolute>
 0000:ffffffd8       vtFreeInstance             00000000ffffffd8     <absolute>
 0000:00000000       __ImageBase                0000000140000000     <linker-defined>
 0000:00000000       __ImageBase                0000000140000000     <linker-defined>
 0000:00000000       __ImageBase                0000000140000000     <linker-defined>
 0001:00000100       WinMainCRTStartup          0000000140001100     crt2u.o
 0001:00000350       mainCRTStartup             0000000140001350     crt2u.o
 0001:00000380       atexit                     0000000140001380     crt2u.o
 0001:00000620       __System__GetTls           0000000140001620     crtbegin.o
 0001:00000636       _ZN7Sysinit7_GetTlsEv      0000000140001636     crtbegin.o
 0001:00000650       .weak._ZN7Sysinit7_GetTlsEv.default 0000000140001650     sysinit.o
 0001:000006b0       _ZN7Sysinit17SetDliNotifyHook2EPFPv15dliNotificationP13DelayLoadInfoE 00000001400016b0     sysinit.o
 0001:000006c0       _ZN7Sysinit14DliNotifyHook2Ev 00000001400016c0     sysinit.o
 0001:000006d0       _ZN7Sysinit18SetDliFailureHook2EPFPv15dliNotificationP13DelayLoadInfoE 00000001400016d0     sysinit.o
 0001:000006e0       _ZN7Sysinit15DliFailureHook2Ev 00000001400016e0     sysinit.o
 0001:000006f0       _ZN7Sysinit17_DelayLoadHelper2ERPvS0_ 00000001400016f0     sysinit.o
 0001:00000700       _ZN7Sysinit21UnloadDelayLoadedDLL2EPc 0000000140001700     sysinit.o
 0001:00000710       _ZN7Sysinit20LoadAllImportsForDllEPc 0000000140001710     sysinit.o
 0001:00000720       _ZN7Sysinit7VclInitEbbyb   0000000140001720     sysinit.o
 0001:00000800       _ZN7Sysinit7VclExitEv      0000000140001800     sysinit.o
 0001:00000850       _ZN7Sysinit8_InitPkgEyiPv  0000000140001850     sysinit.o
 0001:000008d0       _ZN7Sysinit12_PackageLoadEPN6System16PackageInfoTableE 00000001400018d0     sysinit.o
 0001:000008f0       _ZN7Sysinit14_PackageUnloadEPN6System16PackageInfoTableE 00000001400018f0     sysinit.o
 0001:00000910       _ZN7Sysinit8_InitLibEPN6System12TInitContextEPNS0_16PackageInfoTableEyjPv 0000000140001910     sysinit.o
 0001:000009c0       _ZN7Sysinit8_InitExeEPv    00000001400019c0     sysinit.o
 0001:00000a50       _ZN7Sysinit18__delayLoadHelper2Ev 0000000140001a50     sysinit.o
 0001:00000d30       _ZN7Sysinit24__FUnloadDelayLoadedDLL2Ev 0000000140001d30     sysinit.o
 0001:000013e0       _ZN7Sysinit24__HrLoadAllImportsForDllEv 00000001400023e0     sysinit.o
 0001:00001870       _ZN7Sysinit12FinalizationEv 0000000140002870     sysinit.o
 0001:00001890       _ZN7Sysinit14initializationEv 0000000140002890     sysinit.o
 0001:00002220       _ZN7PozitieC2Ev            0000000140003220     Pozitie.o
 0001:00002960       _ZN7PozitieC1Ev            0000000140003960     Pozitie.o
 0001:00002970       _ZN7Pozitie13adaugaPozitieEPN3Vcl8Extctrls6TShapeEi 0000000140003970     Pozitie.o
 0001:00002980       _ZN7Pozitie11adaugaLabelEPN3Vcl8Stdctrls6TLabelEi 0000000140003980     Pozitie.o
 0001:00002a00       _ZN7Pozitie10getPozitieEi  0000000140003a00     Pozitie.o
 0001:00002a10       _ZN7Pozitie8getLabelEi     0000000140003a10     Pozitie.o
 0001:00002a30       _ZN7Pozitie6getZarEv       0000000140003a30     Pozitie.o
 0001:00002a40       _ZN7Pozitie4mutaEii        0000000140003a40     Pozitie.o
 0001:00002a70       _ZN7Pozitie17actualizeazaLabelEiiN6System13UnicodeStringE 0000000140003a70     Pozitie.o
 0001:00002b00       wWinMain                   0000000140003b00     Project1.o
 0001:00002c20       __clang_call_terminate     0000000140003c20     Project1.o
 0001:00002c30       _ZN16TNuTeSuparaFrateC3EPN6System7Classes10TComponentE 0000000140003c30     Unit1.o
 0001:00003500       _ZN3Vcl5Forms5TFormC3EPN6System7Classes10TComponentE 0000000140004500     Unit1.o
 0001:00003550       _ZN3Vcl5Forms5TFormD0Ev    0000000140004550     Unit1.o
 0001:00003590       _ZN16TNuTeSuparaFrate14zarButtonClickEPN6System7TObjectE 0000000140004590     Unit1.o
 0001:000036d0       _ZN16TNuTeSuparaFrate15casaButtonClickEPN6System7TObjectE 00000001400046d0     Unit1.o
 0001:00003ab0       _ZN3Vcl8Stdctrls7TButtonC3EPN6System7Classes10TComponentE 0000000140004ab0     Unit1.o
 0001:00003b00       _ZN16TNuTeSuparaFrate9Btn1ClickEPN6System7TObjectE 0000000140004b00     Unit1.o
 0001:00003d30       _ZN16TNuTeSuparaFrate9Btn2ClickEPN6System7TObjectE 0000000140004d30     Unit1.o
 0001:00003f60       _ZN16TNuTeSuparaFrate9Btn3ClickEPN6System7TObjectE 0000000140004f60     Unit1.o
 0001:00004190       _ZN16TNuTeSuparaFrate9Btn4ClickEPN6System7TObjectE 0000000140005190     Unit1.o
 0001:000043c0       _ZN16TNuTeSuparaFrate15mutaButtonClickEPN6System7TObjectE 00000001400053c0     Unit1.o
 0001:00004910       _ZN16TNuTeSuparaFrate9Btn5ClickEPN6System7TObjectE 0000000140005910     Unit1.o
 0001:00005080       _ZN16TNuTeSuparaFrate9Btn6ClickEPN6System7TObjectE 0000000140006080     Unit1.o
 0001:000057f0       _ZN16TNuTeSuparaFrate9Btn7ClickEPN6System7TObjectE 00000001400067f0     Unit1.o
 0001:00005f60       _ZN16TNuTeSuparaFrate9Btn8ClickEPN6System7TObjectE 0000000140006f60     Unit1.o
 0001:000066d0       _ZN16TNuTeSuparaFrate19normalizeazaPozitieEi 00000001400076d0     Unit1.o
 0001:00006710       _ZN16TNuTeSuparaFrate19ProcesareCasaServerEN6System13UnicodeStringEi 0000000140007710     Unit1.o
 0001:000067e0       _ZN16TNuTeSuparaFrate16MutarePionServerEN6System13UnicodeStringEii 00000001400077e0     Unit1.o
 0001:00006910       _ZN16TNuTeSuparaFrate23ServerSocket1ClientReadEPN6System7TObjectEPNS0_3Win8Scktcomp16TCustomWinSocketE 0000000140007910     Unit1.o
 0001:00007270       _ZN16TNuTeSuparaFrate16buttonStartClickEPN6System7TObjectE 0000000140008270     Unit1.o
 0001:000074f0       _ZN16TNuTeSuparaFrateD0Ev  00000001400084f0     Unit1.o
 0001:00007540       _ZN3Vcl5Forms5TFormC3EPN6System7Classes10TComponentEi 0000000140008540     Unit1.o
 0001:000075a0       _ZN3Vcl5Forms5TFormC3EPN6System7Classes10TComponentEii 00000001400085a0     Unit1.o
 0001:00007610       _ZN7PozitieD2Ev            0000000140008610     Unit1.o
 0001:00007810       _ZN6System11AnsiStringTILt0EED2Ev 0000000140008810     Unit1.o
 0001:000078f0       _ZN3ZarC2Ev                00000001400088f0     Zar.o
 0001:00007910       _ZN3ZarC1Ev                0000000140008910     Zar.o
 0001:00007930       _ZN3Zar6aruncaEv           0000000140008930     Zar.o
 0001:00007970       _ZN3Zar10getValoareEv      0000000140008970     Zar.o
 0001:000079b0       _ZN6System8Internal7Strhlpr15UnicodeFromAnsiERNS_13UnicodeStringERNS_11AnsiStringTILt65535EEE 00000001400089b0     rtl:System.Internal.StrHlpr.o
 0001:000079d0       _ZN6System8Internal7Strhlpr16UnicodeFromPCharERNS_13UnicodeStringEPcb 00000001400089d0     rtl:System.Internal.StrHlpr.o
 0001:00007a60       _ZN6System8Internal7Strhlpr15UnicodeFromUTF8ERNS_13UnicodeStringEPKc 0000000140008a60     rtl:System.Internal.StrHlpr.o
 0001:00007a70       _ZN6System8Internal7Strhlpr20UnicodeFromPWideCharERNS_13UnicodeStringEPw 0000000140008a70     rtl:System.Internal.StrHlpr.o
 0001:00007a90       _ZN6System8Internal7Strhlpr13UnicodeAppendERNS_13UnicodeStringES3_ 0000000140008a90     rtl:System.Internal.StrHlpr.o
 0001:00007ab0       _ZN6System8Internal7Strhlpr10UnicodeCatERNS_13UnicodeStringES3_ 0000000140008ab0     rtl:System.Internal.StrHlpr.o
 0001:00007ad0       _ZN6System8Internal7Strhlpr13UnicodeDeleteERNS_13UnicodeStringEii 0000000140008ad0     rtl:System.Internal.StrHlpr.o
 0001:00007ae0       _ZN6System8Internal7Strhlpr16UnicodeSetLengthERNS_13UnicodeStringEi 0000000140008ae0     rtl:System.Internal.StrHlpr.o
 0001:00007af0       _ZN6System8Internal7Strhlpr10UnicodePosERNS_13UnicodeStringES3_ 0000000140008af0     rtl:System.Internal.StrHlpr.o
 0001:00007b10       _ZN6System8Internal7Strhlpr11UnicodeCopyERNS_13UnicodeStringEii 0000000140008b10     rtl:System.Internal.StrHlpr.o
 0001:00007b30       _ZN6System8Internal7Strhlpr13UnicodeInsertERNS_13UnicodeStringES3_i 0000000140008b30     rtl:System.Internal.StrHlpr.o
 0001:00007b50       _ZN6System8Internal7Strhlpr13UnicodeAssignERNS_13UnicodeStringES3_ 0000000140008b50     rtl:System.Internal.StrHlpr.o
 0001:00007b70       _ZN6System8Internal7Strhlpr11UnicodeFreeERNS_13UnicodeStringE 0000000140008b70     rtl:System.Internal.StrHlpr.o
 0001:00007b80       _ZN6System8Internal7Strhlpr12UnicodeEqualERNS_13UnicodeStringES3_ 0000000140008b80     rtl:System.Internal.StrHlpr.o
 0001:00007ba0       _ZN6System8Internal7Strhlpr11UnicodeLessERNS_13UnicodeStringES3_ 0000000140008ba0     rtl:System.Internal.StrHlpr.o
 0001:00007bc0       _ZN6System8Internal7Strhlpr14UnicodeGreaterERNS_13UnicodeStringES3_ 0000000140008bc0     rtl:System.Internal.StrHlpr.o
 0001:00007be0       _ZN6System8Internal7Strhlpr10AnsiAppendERNS_11AnsiStringTILt65535EEES4_ 0000000140008be0     rtl:System.Internal.StrHlpr.o
 0001:00007c00       _ZN6System8Internal7Strhlpr7AnsiCatERNS_11AnsiStringTILt65535EEES4_ 0000000140008c00     rtl:System.Internal.StrHlpr.o
 0001:00007c20       _ZN6System8Internal7Strhlpr10AnsiDeleteERNS_11AnsiStringTILt65535EEEii 0000000140008c20     rtl:System.Internal.StrHlpr.o
 0001:00007c30       _ZN6System8Internal7Strhlpr13AnsiSetLengthERNS_11AnsiStringTILt65535EEEi 0000000140008c30     rtl:System.Internal.StrHlpr.o
 0001:00007c50       _ZN6System8Internal7Strhlpr7AnsiPosERNS_11AnsiStringTILt65535EEES4_ 0000000140008c50     rtl:System.Internal.StrHlpr.o
 0001:00007c70       _ZN6System8Internal7Strhlpr8AnsiCopyERNS_11AnsiStringTILt65535EEEii 0000000140008c70     rtl:System.Internal.StrHlpr.o
 0001:00007c90       _ZN6System8Internal7Strhlpr10AnsiInsertERNS_11AnsiStringTILt65535EEES4_i 0000000140008c90     rtl:System.Internal.StrHlpr.o
 0001:00007cb0       _ZN6System8Internal7Strhlpr9AnsiEqualERNS_11AnsiStringTILt65535EEES4_ 0000000140008cb0     rtl:System.Internal.StrHlpr.o
 0001:00007cd0       _ZN6System8Internal7Strhlpr11AnsiGreaterERNS_11AnsiStringTILt65535EEES4_ 0000000140008cd0     rtl:System.Internal.StrHlpr.o
 0001:00007cf0       _ZN6System8Internal7Strhlpr8AnsiLessERNS_11AnsiStringTILt65535EEES4_ 0000000140008cf0     rtl:System.Internal.StrHlpr.o
 0001:00007d10       _ZN6System8Internal7Strhlpr10AnsiAssignERNS_11AnsiStringTILt65535EEES4_ 0000000140008d10     rtl:System.Internal.StrHlpr.o
 0001:00007d30       _ZN6System8Internal7Strhlpr8AnsiFreeERNS_11AnsiStringTILt65535EEE 0000000140008d30     rtl:System.Internal.StrHlpr.o
 0001:00007d40       _ZN6System8Internal7Strhlpr10WideAssignERNS_10WideStringES3_ 0000000140008d40     rtl:System.Internal.StrHlpr.o
 0001:00007d60       _ZN6System8Internal7Strhlpr8WideFreeERNS_10WideStringE 0000000140008d60     rtl:System.Internal.StrHlpr.o
 0001:00007d70       _ZN6System8Internal7Strhlpr12WideFromAnsiERNS_10WideStringERNS_11AnsiStringTILt65535EEE 0000000140008d70     rtl:System.Internal.StrHlpr.o
 0001:00007d90       _ZN6System8Internal7Strhlpr15WideFromUnicodeERNS_10WideStringERNS_13UnicodeStringE 0000000140008d90     rtl:System.Internal.StrHlpr.o
 0001:00007db0       _ZN6System8Internal7Strhlpr13WideFromPCharERNS_10WideStringEPcb 0000000140008db0     rtl:System.Internal.StrHlpr.o
 0001:00007e40       _ZN6System8Internal7Strhlpr9WideEqualERNS_10WideStringES3_ 0000000140008e40     rtl:System.Internal.StrHlpr.o
 0001:00007e60       _ZN6System8Internal7Strhlpr8WideLessERNS_10WideStringES3_ 0000000140008e60     rtl:System.Internal.StrHlpr.o
 0001:00007e80       _ZN6System8Internal7Strhlpr11WideGreaterERNS_10WideStringES3_ 0000000140008e80     rtl:System.Internal.StrHlpr.o
 0001:00007ea0       _ZN6System8Internal7Strhlpr7WideCatERNS_10WideStringES3_ 0000000140008ea0     rtl:System.Internal.StrHlpr.o
 0001:00007ec0       _ZN6System8Internal7Strhlpr10WideLengthERNS_10WideStringE 0000000140008ec0     rtl:System.Internal.StrHlpr.o
 0001:00007ee0       _ZN6System8Internal7Strhlpr7WidePosERNS_10WideStringES3_ 0000000140008ee0     rtl:System.Internal.StrHlpr.o
 0001:00007f00       _ZN6System8Internal7Strhlpr13WideSetLengthERNS_10WideStringEi 0000000140008f00     rtl:System.Internal.StrHlpr.o
 0001:00007f10       _ZN6System8Internal7Strhlpr10WideDeleteERNS_10WideStringEii 0000000140008f10     rtl:System.Internal.StrHlpr.o
 0001:00007f20       _ZN6System8Internal7Strhlpr10WideInsertERNS_10WideStringES3_i 0000000140008f20     rtl:System.Internal.StrHlpr.o
 0001:00007f40       _ZN6System8Internal7Strhlpr8WideCopyERNS_10WideStringEii 0000000140008f40     rtl:System.Internal.StrHlpr.o
 0001:00007f60       _ZN6System8Internal7Strhlpr10WideAppendERNS_10WideStringES3_ 0000000140008f60     rtl:System.Internal.StrHlpr.o
 0001:00007f80       _ZN6System8Internal7Strhlpr12WideFromUTF8ERNS_10WideStringEPKc 0000000140008f80     rtl:System.Internal.StrHlpr.o
 0001:00007ff0       _ZN6System8Internal7Strhlpr15UnicodeFromWideERNS_13UnicodeStringERNS_10WideStringE 0000000140008ff0     rtl:System.Internal.StrHlpr.o
 0001:00008010       _ZN6System8Internal7Strhlpr12FinalizationEv 0000000140009010     rtl:System.Internal.StrHlpr.o
 0001:00008020       _ZN6System8Internal7Strhlpr14initializationEv 0000000140009020     rtl:System.Internal.StrHlpr.o
 0001:00008030       __getmainargs              0000000140009030     libucrt:lib64_libucrt_extra_a-ucrtbase_compat.o
 0001:000080c0       __wgetmainargs             00000001400090c0     libucrt:lib64_libucrt_extra_a-ucrtbase_compat.o
 0001:00008150       _onexit                    0000000140009150     libucrt:lib64_libucrt_extra_a-ucrtbase_compat.o
 0001:000081a0       at_quick_exit              00000001400091a0     libucrt:lib64_libucrt_extra_a-ucrtbase_compat.o
 0001:000081e0       _amsg_exit                 00000001400091e0     libucrt:lib64_libucrt_extra_a-ucrtbase_compat.o
 0001:00008220       _get_output_format         0000000140009220     libucrt:lib64_libucrt_extra_a-ucrtbase_compat.o
 0001:00008230       _tzset                     0000000140009230     libucrt:lib64_libucrt_extra_a-ucrtbase_compat.o
 0001:00008270       tzset                      0000000140009270     libucrt:lib64_libucrt_extra_a-ucrtbase_compat.o
 0001:00008280       __ms_fwprintf              0000000140009280     libucrt:lib64_libucrt_extra_a-ucrtbase_compat.o
 0001:000082e0       __do_global_dtors          00000001400092e0     libmingw32:lib64_libmingw32_a-gccmain.o
 0001:00008320       __do_global_ctors          0000000140009320     libmingw32:lib64_libmingw32_a-gccmain.o
 0001:000083d0       __main                     00000001400093d0     libmingw32:lib64_libmingw32_a-gccmain.o
 0001:00008400       wmain                      0000000140009400     libmingw32:lib64_libmingw32_a-ucrtexewin.o
 0001:000085f0       __dyn_tls_init             00000001400095f0     libmingw32:lib64_libmingw32_a-tlssup.o
 0001:000086d0       __tlregdtor                00000001400096d0     libmingw32:lib64_libmingw32_a-tlssup.o
 0001:00008770       _matherr                   0000000140009770     libmingw32:lib64_libmingw32_a-merr.o
 0001:00008890       _wsetargv                  0000000140009890     libmingw32:lib64_libmingw32_a-udllargc.o
 0001:000088a0       _fpreset                   00000001400098a0     libmingw32:lib64_libmingw32_a-CRT_fp10.o
 0001:000088a0       fpreset                    00000001400098a0     libmingw32:lib64_libmingw32_a-CRT_fp10.o
 0001:000088b0       _pei386_runtime_relocator  00000001400098b0     libmingw32:lib64_libmingw32_a-pseudo-reloc.o
 0001:00009190       __mingw_raise_matherr      000000014000a190     libmingw32:lib64_libmingw32_a-usermatherr.o
 0001:00009210       __mingw_setusermatherr     000000014000a210     libmingw32:lib64_libmingw32_a-usermatherr.o
 0001:00009240       _gnu_exception_handler     000000014000a240     libmingw32:lib64_libmingw32_a-crt_handler.o
 0001:00009520       _ZNK6System14AnsiStringBase6GetRecEv 000000014000a520     rtle:dstring.o
 0001:00009530       _ZN6System14AnsiStringBase6GetRecEv 000000014000a530     rtle:dstring.o
 0001:00009540       _ZNK6System14AnsiStringBase6LengthEv 000000014000a540     rtle:dstring.o
 0001:00009550       _ZNK6System14AnsiStringBase17ThrowIfOutOfRangeEi 000000014000a550     rtle:dstring.o
 0001:000095e0       _ZN6System14AnsiStringBaseC2EPKci 000000014000a5e0     rtle:dstring.o
 0001:000095e0       _ZN6System14AnsiStringBaseC1EPKci 000000014000a5e0     rtle:dstring.o
 0001:00009600       _ZN6System14AnsiStringBaseC2ERKS0_ 000000014000a600     rtle:dstring.o
 0001:00009600       _ZN6System14AnsiStringBaseC1ERKS0_ 000000014000a600     rtle:dstring.o
 0001:00009630       _ZN6System14AnsiStringBaseC2ERKNS_10WideStringEi 000000014000a630     rtle:dstring.o
 0001:00009630       _ZN6System14AnsiStringBaseC1ERKNS_10WideStringEi 000000014000a630     rtle:dstring.o
 0001:00009650       _ZN6System14AnsiStringBaseC2ERKNS_13UnicodeStringEi 000000014000a650     rtle:dstring.o
 0001:00009650       _ZN6System14AnsiStringBaseC1ERKNS_13UnicodeStringEi 000000014000a650     rtle:dstring.o
 0001:00009670       _ZN6System14AnsiStringBaseC2EPKcii 000000014000a670     rtle:dstring.o
 0001:00009670       _ZN6System14AnsiStringBaseC1EPKcii 000000014000a670     rtle:dstring.o
 0001:000096e0       _ZN6System14AnsiStringBase9SetLengthEii 000000014000a6e0     rtle:dstring.o
 0001:00009710       _ZN6System14AnsiStringBase15_AnsiFromPWCharERS0_PKwii 000000014000a710     rtle:dstring.o
 0001:00009730       _ZN6System14AnsiStringBaseC2EPKwii 000000014000a730     rtle:dstring.o
 0001:00009730       _ZN6System14AnsiStringBaseC1EPKwii 000000014000a730     rtle:dstring.o
 0001:00009780       _ZN6System14AnsiStringBaseC2EPKDsii 000000014000a780     rtle:dstring.o
 0001:00009780       _ZN6System14AnsiStringBaseC1EPKDsii 000000014000a780     rtle:dstring.o
 0001:000097d0       _ZN6System14AnsiStringBaseC2EPKDiii 000000014000a7d0     rtle:dstring.o
 0001:000097d0       _ZN6System14AnsiStringBaseC1EPKDiii 000000014000a7d0     rtle:dstring.o
 0001:00009890       _ZN6System14AnsiStringBaseaSERKS0_ 000000014000a890     rtle:dstring.o
 0001:000098b0       _ZN6System14AnsiStringBaseC2Ewi 000000014000a8b0     rtle:dstring.o
 0001:000098b0       _ZN6System14AnsiStringBaseC1Ewi 000000014000a8b0     rtle:dstring.o
 0001:000098d0       _ZN6System14AnsiStringBaseC2EDii 000000014000a8d0     rtle:dstring.o
 0001:000098d0       _ZN6System14AnsiStringBaseC1EDii 000000014000a8d0     rtle:dstring.o
 0001:00009990       _ZN6System14AnsiStringBaseC2Edi 000000014000a990     rtle:dstring.o
 0001:00009990       _ZN6System14AnsiStringBaseC1Edi 000000014000a990     rtle:dstring.o
 0001:00009a60       _ZN6System14AnsiStringBaseD2Ev 000000014000aa60     rtle:dstring.o
 0001:00009a60       _ZN6System14AnsiStringBaseD1Ev 000000014000aa60     rtle:dstring.o
 0001:00009a80       _ZN6System14AnsiStringBase8_AnsiCatERS0_RKS0_ 000000014000aa80     rtle:dstring.o
 0001:00009a90       _ZN6System14AnsiStringBase8_AnsiCatERS0_RKS0_S3_ 000000014000aa90     rtle:dstring.o
 0001:00009aa0       _ZNK6System14AnsiStringBaseeqERKS0_ 000000014000aaa0     rtle:dstring.o
 0001:00009ad0       _ZNK6System14AnsiStringBase11AnsiCompareERKS0_ 000000014000aad0     rtle:dstring.o
 0001:00009b10       _ZNK6System14AnsiStringBaseneERKS0_ 000000014000ab10     rtle:dstring.o
 0001:00009b40       _ZNK6System14AnsiStringBaseltERKS0_ 000000014000ab40     rtle:dstring.o
 0001:00009b70       _ZNK6System14AnsiStringBasegtERKS0_ 000000014000ab70     rtle:dstring.o
 0001:00009ba0       _ZNK6System14AnsiStringBase13AnsiCompareICERKS0_ 000000014000aba0     rtle:dstring.o
 0001:00009bb0       _ZN6System14AnsiStringBase12StringOfCharEci 000000014000abb0     rtle:dstring.o
 0001:00009c10       _ZN6System14AnsiStringBase7LoadStrEii 000000014000ac10     rtle:dstring.o
 0001:00009ca0       _ZN6System14AnsiStringBase7LoadStrEP11HINSTANCE__ii 000000014000aca0     rtle:dstring.o
 0001:00009ce0       _ZN6System14AnsiStringBase11LoadStringAEP11HINSTANCE__ii 000000014000ace0     rtle:dstring.o
 0001:00009e80       _ZN6System14AnsiStringBase10FmtLoadStrEiPKNS_7TVarRecEii 000000014000ae80     rtle:dstring.o
 0001:00009f20       _ZN6System14AnsiStringBase6FormatERKS0_PKNS_7TVarRecEii 000000014000af20     rtle:dstring.o
 0001:00009f90       _ZN6System14AnsiStringBase11FormatFloatERKS0_RKei 000000014000af90     rtle:dstring.o
 0001:0000a050       _ZN6System14AnsiStringBase7vprintfEiPKcPc 000000014000b050     rtle:dstring.o
 0001:0000a0c0       _ZN6System14AnsiStringBase11cat_vprintfEiPKcPc 000000014000b0c0     rtle:dstring.o
 0001:0000a140       _ZN6System14AnsiStringBase11FloatToStrFEeNS0_18TStringFloatFormatEiii 000000014000b140     rtle:dstring.o
 0001:0000a1f0       _ZN6System14AnsiStringBase8IntToHexEiii 000000014000b1f0     rtle:dstring.o
 0001:0000a280       _ZN6System14AnsiStringBase9CurrToStrERKNS_8CurrencyEi 000000014000b280     rtle:dstring.o
 0001:0000a310       _ZN6System14AnsiStringBase10CurrToStrFERKNS_8CurrencyENS0_18TStringFloatFormatEii 000000014000b310     rtle:dstring.o
 0001:0000a3b0       _ZNK6System14AnsiStringBase15WideCharBufSizeEi 000000014000b3b0     rtle:dstring.o
 0001:0000a3f0       _ZNK6System14AnsiStringBase8WideCharEPwii 000000014000b3f0     rtle:dstring.o
 0001:0000a430       _ZN6System14AnsiStringBase7Insert1ERKS0_i 000000014000b430     rtle:dstring.o
 0001:0000a450       _ZN6System14AnsiStringBase7Insert0ERKS0_i 000000014000b450     rtle:dstring.o
 0001:0000a5a0       _ZN6System14AnsiStringBase4swapERS0_ 000000014000b5a0     rtle:dstring.o
 0001:0000a5d0       _ZN6System14AnsiStringBase7Delete1Eii 000000014000b5d0     rtle:dstring.o
 0001:0000a5f0       _ZN6System14AnsiStringBase7Delete0Eii 000000014000b5f0     rtle:dstring.o
 0001:0000a710       _ZNK6System14AnsiStringBase4Pos1ERKS0_ 000000014000b710     rtle:dstring.o
 0001:0000a730       _ZNK6System14AnsiStringBase4Pos0ERKS0_ 000000014000b730     rtle:dstring.o
 0001:0000a750       _ZNK6System14AnsiStringBase9LowerCaseEi 000000014000b750     rtle:dstring.o
 0001:0000a7b0       _ZNK6System14AnsiStringBase9UpperCaseEi 000000014000b7b0     rtle:dstring.o
 0001:0000a810       _ZNK6System14AnsiStringBase4TrimEi 000000014000b810     rtle:dstring.o
 0001:0000a870       _ZNK6System14AnsiStringBase8TrimLeftEi 000000014000b870     rtle:dstring.o
 0001:0000a8d0       _ZNK6System14AnsiStringBase9TrimRightEi 000000014000b8d0     rtle:dstring.o
 0001:0000a930       _ZNK6System14AnsiStringBase10SubString1Eii 000000014000b930     rtle:dstring.o
 0001:0000a9e0       _ZNK6System14AnsiStringBase10SubString0Eii 000000014000b9e0     rtle:dstring.o
 0001:0000aa80       _ZNK6System14AnsiStringBase5ToIntEv 000000014000ba80     rtle:dstring.o
 0001:0000aad0       _ZNK6System14AnsiStringBase8ToIntDefEi 000000014000bad0     rtle:dstring.o
 0001:0000ab30       _ZNK6System14AnsiStringBase8ToDoubleEv 000000014000bb30     rtle:dstring.o
 0001:0000ab90       _ZNK6System14AnsiStringBase12IsDelimiter1ERKS0_i 000000014000bb90     rtle:dstring.o
 0001:0000aba0       _ZNK6System14AnsiStringBase12IsDelimiter0ERKS0_i 000000014000bba0     rtle:dstring.o
 0001:0000ac30       _ZNK6System14AnsiStringBase8AnsiPos1ERKS0_ 000000014000bc30     rtle:dstring.o
 0001:0000ac40       _ZNK6System14AnsiStringBase8AnsiPos0ERKS0_ 000000014000bc40     rtle:dstring.o
 0001:0000ac60       _ZNK6System14AnsiStringBase16IsPathDelimiter1Ei 000000014000bc60     rtle:dstring.o
 0001:0000ac70       _ZNK6System14AnsiStringBase16IsPathDelimiter0Ei 000000014000bc70     rtle:dstring.o
 0001:0000ac80       _ZNK6System14AnsiStringBase14LastDelimiter1ERKS0_ 000000014000bc80     rtle:dstring.o
 0001:0000ac90       _ZNK6System14AnsiStringBase14LastDelimiter0ERKS0_ 000000014000bc90     rtle:dstring.o
 0001:0000ad20       _ZNK6System14AnsiStringBase9ByteType1Ei 000000014000bd20     rtle:dstring.o
 0001:0000ad40       _ZNK6System14AnsiStringBase9ByteType0Ei 000000014000bd40     rtle:dstring.o
 0001:0000ad60       _ZNK6System14AnsiStringBase11IsLeadByte1Ei 000000014000bd60     rtle:dstring.o
 0001:0000ad80       _ZNK6System14AnsiStringBase11IsLeadByte0Ei 000000014000bd80     rtle:dstring.o
 0001:0000ada0       _ZNK6System14AnsiStringBase12IsTrailByte1Ei 000000014000bda0     rtle:dstring.o
 0001:0000adc0       _ZNK6System14AnsiStringBase12IsTrailByte0Ei 000000014000bdc0     rtle:dstring.o
 0001:0000ade0       _ZNK6System14AnsiStringBase7BytesOfEv 000000014000bde0     rtle:dstring.o
 0001:0000ae00       _ZNK6System14AnsiStringBase12AnsiLastCharEv 000000014000be00     rtle:dstring.o
 0001:0000ae30       _ZN6System8Sysutils11ERangeErrorC3ENS_13UnicodeStringE 000000014000be30     rtle:dstring.o
 0001:0000af10       _ZN6System8Sysutils11ERangeErrorD0Ev 000000014000bf10     rtle:dstring.o
 0001:0000af60       _ZN6System8Sysutils9EIntErrorC3ENS_13UnicodeStringE 000000014000bf60     rtle:dstring.o
 0001:0000b010       _ZN6System8Sysutils9EExternalC3ENS_13UnicodeStringE 000000014000c010     rtle:dstring.o
 0001:0000b090       _ZN6System8Sysutils9EIntErrorD0Ev 000000014000c090     rtle:dstring.o
 0001:0000b0d0       _ZN6System8Sysutils9EExternalD0Ev 000000014000c0d0     rtle:dstring.o
 0001:0000b110       _ZN6System18LoadResourceStringEPKNS_13TResStringRecE 000000014000c110     rtle:syssupp.o
 0001:0000b130       _ZN6System19CheckSafecallResultEl 000000014000c130     rtle:syssupp.o
 0001:0000b140       _ZN6System16InterLockedExchgEPPvS0_ 000000014000c140     rtle:syssupp.o
 0001:0000b150       .weak._ZN6System17TAggregatedObject13GetControllerEv.default._ZN6System18LoadResourceStringEPKNS_13TResStringRecE 000000014000c150     rtle:syssupp.o
 0001:0000b150       .weak._ZN6System17TAggregatedObject13GetControllerEv.default._ZN6System18LoadResourceStringEPKNS_13TResStringRecE 000000014000c150     rtle:syssupp.o
 0001:0000b160       __dynamic_delphi_cast      000000014000c160     rtle:syssupp.o
 0001:0000b1d0       __delphi_type_info         000000014000c1d0     rtle:syssupp.o
 0001:0000b540       __dynamic_delphi_type_info 000000014000c540     rtle:syssupp.o
 0001:0000b580       System_InstWeakClear       000000014000c580     rtle:syssupp.o
 0001:0000b590       System_InstWeakCopy        000000014000c590     rtle:syssupp.o
 0001:0000b5a0       System_AsgClosureObj       000000014000c5a0     rtle:syssupp.o
 0001:0000b5b0       System_ClosureAddWeakRef   000000014000c5b0     rtle:syssupp.o
 0001:0000b5c0       System_ClosureRemoveWeakRef 000000014000c5c0     rtle:syssupp.o
 0001:0000b5d0       System_CopyClosure         000000014000c5d0     rtle:syssupp.o
 0001:0000b5e0       bcp_storeStrong            000000014000c5e0     rtle:syssupp.o
 0001:0000b660       bcp_initStrong             000000014000c660     rtle:syssupp.o
 0001:0000b6e0       bcp_addref                 000000014000c6e0     rtle:syssupp.o
 0001:0000b730       bcp_release                000000014000c730     rtle:syssupp.o
 0001:0000b7a0       bcp_initWeak               000000014000c7a0     rtle:syssupp.o
 0001:0000b820       bcp_releaseWeak            000000014000c820     rtle:syssupp.o
 0001:0000b890       bcp_storeWeak              000000014000c890     rtle:syssupp.o
 0001:0000b900       bcp_closureAddref          000000014000c900     rtle:syssupp.o
 0001:0000b910       bcp_closureRelease         000000014000c910     rtle:syssupp.o
 0001:0000b920       bcp_closureCopy            000000014000c920     rtle:syssupp.o
 0001:0000b930       bcp_closureAsg             000000014000c930     rtle:syssupp.o
 0001:0000b940       _Z17DebugHlpr_HRCHECKIKcEllPT_S2_i 000000014000c940     rtle:syssupp.o
 0001:0000b960       _ZNSt3__112__hash_tableINS_17__hash_value_typeIPN6System7Typinfo9TTypeInfoEPSt9type_infoEENS_22__unordered_map_hasherIS5_S8_NS_4hashIS5_EENS_8equal_toIS5_EELb1EEENS_21__unordered_map_equalIS5_S8_SD_SB_Lb1EEENS_9allocatorIS8_EEE25__emplace_unique_key_argsIS5_JRKNS_21piecewise_construct_tENS_5tupleIJRKS5_EEENSO_IJEEEEEENS_4pairINS_15__hash_iteratorIPNS_11__hash_nodeIS8_PvEEEEbEERKT_DpOT0_ 000000014000c960     rtle:syssupp.o
 0001:0000bd90       _ZSt28__throw_bad_array_new_lengthB6v15007v 000000014000cd90     rtle:syssupp.o
 0001:0000bdd0       _ZNSt3__112__hash_tableINS_17__hash_value_typeIPN6System7Typinfo9TTypeInfoEPSt9type_infoEENS_22__unordered_map_hasherIS5_S8_NS_4hashIS5_EENS_8equal_toIS5_EELb1EEENS_21__unordered_map_equalIS5_S8_SD_SB_Lb1EEENS_9allocatorIS8_EEE11__do_rehashILb1EEEvy 000000014000cdd0     rtle:syssupp.o
 0001:0000c010       _ZNK6System13UnicodeString6GetRecEv 000000014000d010     rtle:ustring.o
 0001:0000c020       _ZN6System13UnicodeString6GetRecEv 000000014000d020     rtle:ustring.o
 0001:0000c030       _ZNK6System13UnicodeString6LengthEv 000000014000d030     rtle:ustring.o
 0001:0000c040       _ZNK6System13UnicodeString17ThrowIfOutOfRangeEi 000000014000d040     rtle:ustring.o
 0001:0000c0d0       _ZN6System13UnicodeStringC1Ev 000000014000d0d0     rtle:ustring.o
 0001:0000c0d0       _ZN6System13UnicodeStringC2Ev 000000014000d0d0     rtle:ustring.o
 0001:0000c0e0       _ZN6System13UnicodeStringC1EPKc 000000014000d0e0     rtle:ustring.o
 0001:0000c0e0       _ZN6System13UnicodeStringC2EPKc 000000014000d0e0     rtle:ustring.o
 0001:0000c0f0       _ZN6System13UnicodeStringC1ERKS0_ 000000014000d0f0     rtle:ustring.o
 0001:0000c0f0       _ZN6System13UnicodeStringC2ERKS0_ 000000014000d0f0     rtle:ustring.o
 0001:0000c120       _ZN6System13UnicodeStringC2ERKNS_10WideStringE 000000014000d120     rtle:ustring.o
 0001:0000c120       _ZN6System13UnicodeStringC1ERKNS_10WideStringE 000000014000d120     rtle:ustring.o
 0001:0000c130       _ZN6System13UnicodeStringC2EPKwi 000000014000d130     rtle:ustring.o
 0001:0000c130       _ZN6System13UnicodeStringC1EPKwi 000000014000d130     rtle:ustring.o
 0001:0000c1b0       _ZN6System13UnicodeString9SetLengthEi 000000014000d1b0     rtle:ustring.o
 0001:0000c1d0       _ZN6System13UnicodeStringC2EPKw 000000014000d1d0     rtle:ustring.o
 0001:0000c1d0       _ZN6System13UnicodeStringC1EPKw 000000014000d1d0     rtle:ustring.o
 0001:0000c240       _ZN6System13UnicodeStringC2EPKDsi 000000014000d240     rtle:ustring.o
 0001:0000c240       _ZN6System13UnicodeStringC1EPKDsi 000000014000d240     rtle:ustring.o
 0001:0000c2b0       _ZN6System13UnicodeStringC1EPKDii 000000014000d2b0     rtle:ustring.o
 0001:0000c2b0       _ZN6System13UnicodeStringC2EPKDii 000000014000d2b0     rtle:ustring.o
 0001:0000c3c0       _ZN6System13UnicodeStringC2EPKci 000000014000d3c0     rtle:ustring.o
 0001:0000c3c0       _ZN6System13UnicodeStringC1EPKci 000000014000d3c0     rtle:ustring.o
 0001:0000c420       _ZN6System13UnicodeStringC2Ed 000000014000d420     rtle:ustring.o
 0001:0000c420       _ZN6System13UnicodeStringC1Ed 000000014000d420     rtle:ustring.o
 0001:0000c490       _ZN6System13UnicodeStringaSERKS0_ 000000014000d490     rtle:ustring.o
 0001:0000c4b0       _ZN6System13UnicodeStringD1Ev 000000014000d4b0     rtle:ustring.o
 0001:0000c4b0       _ZN6System13UnicodeStringD2Ev 000000014000d4b0     rtle:ustring.o
 0001:0000c4d0       _ZN6System13UnicodeStringpLERKS0_ 000000014000d4d0     rtle:ustring.o
 0001:0000c4f0       _ZNK6System13UnicodeStringplERKS0_ 000000014000d4f0     rtle:ustring.o
 0001:0000c560       _ZNK6System13UnicodeStringeqERKS0_ 000000014000d560     rtle:ustring.o
 0001:0000c570       _ZNK6System13UnicodeStringneERKS0_ 000000014000d570     rtle:ustring.o
 0001:0000c580       _ZNK6System13UnicodeStringltERKS0_ 000000014000d580     rtle:ustring.o
 0001:0000c590       _ZNK6System13UnicodeStringgtERKS0_ 000000014000d590     rtle:ustring.o
 0001:0000c5a0       _ZNK6System13UnicodeStringleERKS0_ 000000014000d5a0     rtle:ustring.o
 0001:0000c5b0       _ZNK6System13UnicodeStringgeERKS0_ 000000014000d5b0     rtle:ustring.o
 0001:0000c5c0       _ZNK6System13UnicodeString7CompareERKS0_ 000000014000d5c0     rtle:ustring.o
 0001:0000c610       _ZNK6System13UnicodeString9CompareICERKS0_ 000000014000d610     rtle:ustring.o
 0001:0000c670       _ZN6System13UnicodeString12StringOfCharEwi 000000014000d670     rtle:ustring.o
 0001:0000c7a0       _ZN6System13UnicodeString7LoadStrEi 000000014000d7a0     rtle:ustring.o
 0001:0000c7c0       _ZN6System13UnicodeString7LoadStrEP11HINSTANCE__i 000000014000d7c0     rtle:ustring.o
 0001:0000c800       _ZN6System13UnicodeString11LoadStringAEP11HINSTANCE__i 000000014000d800     rtle:ustring.o
 0001:0000caa0       _ZN6System13UnicodeString10FmtLoadStrEiPKNS_7TVarRecEi 000000014000daa0     rtle:ustring.o
 0001:0000cac0       _ZN6System13UnicodeString6FormatERKS0_PKNS_7TVarRecEi 000000014000dac0     rtle:ustring.o
 0001:0000cae0       _ZN6System13UnicodeString11FormatFloatERKS0_RKe 000000014000dae0     rtle:ustring.o
 0001:0000cb00       _ZN6System13UnicodeString7vprintfEPKwPc 000000014000db00     rtle:ustring.o
 0001:0000cb90       _ZN6System13UnicodeString11cat_vprintfEPKwPc 000000014000db90     rtle:ustring.o
 0001:0000cc30       _ZN6System13UnicodeString6printfEPKwz 000000014000dc30     rtle:ustring.o
 0001:0000cce0       _ZN6System13UnicodeString7sprintfEPKwz 000000014000dce0     rtle:ustring.o
 0001:0000cd70       _ZN6System13UnicodeString10cat_printfEPKwz 000000014000dd70     rtle:ustring.o
 0001:0000ce30       _ZN6System13UnicodeString11cat_sprintfEPKwz 000000014000de30     rtle:ustring.o
 0001:0000cee0       _ZN6System13UnicodeString11FloatToStrFEeNS0_18TStringFloatFormatEii 000000014000dee0     rtle:ustring.o
 0001:0000cf00       _ZN6System13UnicodeString8IntToHexEii 000000014000df00     rtle:ustring.o
 0001:0000cf20       _ZN6System13UnicodeString9CurrToStrENS_8CurrencyE 000000014000df20     rtle:ustring.o
 0001:0000cf40       _ZN6System13UnicodeString10CurrToStrFENS_8CurrencyENS0_18TStringFloatFormatEi 000000014000df40     rtle:ustring.o
 0001:0000cf60       _ZN6System13UnicodeString6UniqueEv 000000014000df60     rtle:ustring.o
 0001:0000cf80       _ZN6System13UnicodeString7Insert1ERKS0_i 000000014000df80     rtle:ustring.o
 0001:0000cfa0       _ZN6System13UnicodeString7Insert0ERKS0_i 000000014000dfa0     rtle:ustring.o
 0001:0000cfc0       _ZN6System13UnicodeString7Delete1Eii 000000014000dfc0     rtle:ustring.o
 0001:0000cfe0       _ZN6System13UnicodeString7Delete0Eii 000000014000dfe0     rtle:ustring.o
 0001:0000d000       _ZNK6System13UnicodeString4Pos1ERKS0_ 000000014000e000     rtle:ustring.o
 0001:0000d010       _ZNK6System13UnicodeString4Pos0ERKS0_ 000000014000e010     rtle:ustring.o
 0001:0000d020       _ZNK6System13UnicodeString9LowerCaseEv 000000014000e020     rtle:ustring.o
 0001:0000d040       _ZNK6System13UnicodeString9UpperCaseEv 000000014000e040     rtle:ustring.o
 0001:0000d060       _ZNK6System13UnicodeString4TrimEv 000000014000e060     rtle:ustring.o
 0001:0000d080       _ZNK6System13UnicodeString8TrimLeftEv 000000014000e080     rtle:ustring.o
 0001:0000d0a0       _ZNK6System13UnicodeString9TrimRightEv 000000014000e0a0     rtle:ustring.o
 0001:0000d0c0       _ZNK6System13UnicodeString10SubString1Eii 000000014000e0c0     rtle:ustring.o
 0001:0000d170       _ZNK6System13UnicodeString10SubString0Eii 000000014000e170     rtle:ustring.o
 0001:0000d220       _ZNK6System13UnicodeString5ToIntEv 000000014000e220     rtle:ustring.o
 0001:0000d230       _ZNK6System13UnicodeString8ToIntDefEi 000000014000e230     rtle:ustring.o
 0001:0000d240       _ZNK6System13UnicodeString8ToDoubleEv 000000014000e240     rtle:ustring.o
 0001:0000d250       _ZNK6System13UnicodeString12IsDelimiter1ERKS0_i 000000014000e250     rtle:ustring.o
 0001:0000d260       _ZNK6System13UnicodeString12IsDelimiter0ERKS0_i 000000014000e260     rtle:ustring.o
 0001:0000d280       _ZNK6System13UnicodeString16IsPathDelimiter1Ei 000000014000e280     rtle:ustring.o
 0001:0000d290       _ZNK6System13UnicodeString16IsPathDelimiter0Ei 000000014000e290     rtle:ustring.o
 0001:0000d2a0       _ZNK6System13UnicodeString14LastDelimiter1ERKS0_ 000000014000e2a0     rtle:ustring.o
 0001:0000d2b0       _ZNK6System13UnicodeString14LastDelimiter0ERKS0_ 000000014000e2b0     rtle:ustring.o
 0001:0000d2d0       _ZNK6System13UnicodeString9ByteType1Ei 000000014000e2d0     rtle:ustring.o
 0001:0000d2f0       _ZNK6System13UnicodeString9ByteType0Ei 000000014000e2f0     rtle:ustring.o
 0001:0000d310       _ZNK6System13UnicodeString16IsLeadSurrogate1Ei 000000014000e310     rtle:ustring.o
 0001:0000d330       _ZNK6System13UnicodeString16IsLeadSurrogate0Ei 000000014000e330     rtle:ustring.o
 0001:0000d350       _ZNK6System13UnicodeString17IsTrailSurrogate1Ei 000000014000e350     rtle:ustring.o
 0001:0000d370       _ZNK6System13UnicodeString17IsTrailSurrogate0Ei 000000014000e370     rtle:ustring.o
 0001:0000d390       _ZNK6System13UnicodeString7BytesOfEv 000000014000e390     rtle:ustring.o
 0001:0000d3b0       _ZN6SystemplEPKcRKNS_13UnicodeStringE 000000014000e3b0     rtle:ustring.o
 0001:0000d420       _ZN6SystemplEPKwRKNS_13UnicodeStringE 000000014000e420     rtle:ustring.o
 0001:0000d4d0       _ZN6SystemplEPKDsRKNS_13UnicodeStringE 000000014000e4d0     rtle:ustring.o
 0001:0000d580       _ZN6SystemplEPKDiRKNS_13UnicodeStringE 000000014000e580     rtle:ustring.o
 0001:0000d6d0       _ZNK6System13UnicodeString9FirstCharEv 000000014000e6d0     rtle:ustring.o
 0001:0000d6e0       _ZNK6System13UnicodeString8LastCharEv 000000014000e6e0     rtle:ustring.o
 0001:0000d6f0       _ZN6System13UnicodeString9FirstCharEv 000000014000e6f0     rtle:ustring.o
 0001:0000d700       _ZN6System13UnicodeString8LastCharEv 000000014000e700     rtle:ustring.o
 0001:0000d710       _ZN6System13UnicodeString4swapERS0_ 000000014000e710     rtle:ustring.o
 0001:0000d740       _ZN6System9to_stringERNS_13UnicodeStringEb 000000014000e740     rtle:ustring.o
 0001:0000d7b0       _ZN6System9to_stringERNS_13UnicodeStringEc 000000014000e7b0     rtle:ustring.o
 0001:0000d850       _ZN6System9to_stringERNS_13UnicodeStringEa 000000014000e850     rtle:ustring.o
 0001:0000d8c0       _ZN6System9to_stringERNS_13UnicodeStringEh 000000014000e8c0     rtle:ustring.o
 0001:0000d930       _ZN6System9to_stringERNS_13UnicodeStringEs 000000014000e930     rtle:ustring.o
 0001:0000d9a0       _ZN6System9to_stringERNS_13UnicodeStringEt 000000014000e9a0     rtle:ustring.o
 0001:0000da10       _ZN6System9to_stringERNS_13UnicodeStringEi 000000014000ea10     rtle:ustring.o
 0001:0000da80       _ZN6System9to_stringERNS_13UnicodeStringEj 000000014000ea80     rtle:ustring.o
 0001:0000daf0       _ZN6System9to_stringERNS_13UnicodeStringEl 000000014000eaf0     rtle:ustring.o
 0001:0000db60       _ZN6System9to_stringERNS_13UnicodeStringEm 000000014000eb60     rtle:ustring.o
 0001:0000dbd0       _ZN6System9to_stringERNS_13UnicodeStringEw 000000014000ebd0     rtle:ustring.o
 0001:0000dc40       _ZN6System9to_stringERNS_13UnicodeStringEx 000000014000ec40     rtle:ustring.o
 0001:0000dcb0       _ZN6System9to_stringERNS_13UnicodeStringEy 000000014000ecb0     rtle:ustring.o
 0001:0000dd20       _ZN6System9to_stringERNS_13UnicodeStringEf 000000014000ed20     rtle:ustring.o
 0001:0000dd90       _ZN6System9to_stringERNS_13UnicodeStringEfRKNS_8Sysutils15TFormatSettingsE 000000014000ed90     rtle:ustring.o
 0001:0000de00       _ZN6System9to_stringERNS_13UnicodeStringEd 000000014000ee00     rtle:ustring.o
 0001:0000de70       _ZN6System9to_stringERNS_13UnicodeStringEdRKNS_8Sysutils15TFormatSettingsE 000000014000ee70     rtle:ustring.o
 0001:0000dee0       _ZN6System9to_stringERNS_13UnicodeStringEe 000000014000eee0     rtle:ustring.o
 0001:0000df50       _ZN6System9to_stringERNS_13UnicodeStringEeRKNS_8Sysutils15TFormatSettingsE 000000014000ef50     rtle:ustring.o
 0001:0000dfc0       _ZN6System11from_stringERKNS_13UnicodeStringERb 000000014000efc0     rtle:ustring.o
 0001:0000dfd0       _ZN6System11from_stringERKNS_13UnicodeStringERe 000000014000efd0     rtle:ustring.o
 0001:0000dfe0       _ZN6System11from_stringERKNS_13UnicodeStringERKNS_8Sysutils15TFormatSettingsERe 000000014000efe0     rtle:ustring.o
 0001:0000e000       _ZN6System11from_stringERKNS_13UnicodeStringERi 000000014000f000     rtle:ustring.o
 0001:0000e010       _ZN6System11from_stringERKNS_13UnicodeStringERx 000000014000f010     rtle:ustring.o
 0001:0000e020       _ZN6System11from_stringERKNS_13UnicodeStringERj 000000014000f020     rtle:ustring.o
 0001:0000e030       _ZN6System11from_stringERKNS_13UnicodeStringERy 000000014000f030     rtle:ustring.o
 0001:0000e060       __ClassCreate              000000014000f060     rtle:classcre64.o
 0001:0000e06b       __ClassDestroy             000000014000f06b     rtle:classcre64.o
 0001:0000e071       __AfterConstruction        000000014000f071     rtle:classcre64.o
 0001:0000e07a       __BeforeDestruction        000000014000f07a     rtle:classcre64.o
 0001:0000e08c       __currMul__                000000014000f08c     rtle:classcre64.o
 0001:0000e0b0       fprintf                    000000014000f0b0     libucrt:lib64_libucrt_extra_a-ucrt_fprintf.o
 0001:0000e110       ___w64_mingwthr_add_key_dtor 000000014000f110     libmingw32:lib64_libmingw32_a-tlsthrd.o
 0001:0000e1d0       ___w64_mingwthr_remove_key_dtor 000000014000f1d0     libmingw32:lib64_libmingw32_a-tlsthrd.o
 0001:0000e2b0       __mingw_TLScallback        000000014000f2b0     libmingw32:lib64_libmingw32_a-tlsthrd.o
 0001:0000e470       _ValidateImageBase         000000014000f470     libmingw32:lib64_libmingw32_a-pesect.o
 0001:0000e520       _FindPESection             000000014000f520     libmingw32:lib64_libmingw32_a-pesect.o
 0001:0000e600       _FindPESectionByName       000000014000f600     libmingw32:lib64_libmingw32_a-pesect.o
 0001:0000e710       __mingw_GetSectionForAddress 000000014000f710     libmingw32:lib64_libmingw32_a-pesect.o
 0001:0000e780       __mingw_GetSectionCount    000000014000f780     libmingw32:lib64_libmingw32_a-pesect.o
 0001:0000e7e0       _FindPESectionExec         000000014000f7e0     libmingw32:lib64_libmingw32_a-pesect.o
 0001:0000e8e0       _GetPEImageBase            000000014000f8e0     libmingw32:lib64_libmingw32_a-pesect.o
 0001:0000e930       _IsNonwritableInCurrentImage 000000014000f930     libmingw32:lib64_libmingw32_a-pesect.o
 0001:0000e9d0       __mingw_enum_import_library_names 000000014000f9d0     libmingw32:lib64_libmingw32_a-pesect.o
 0001:0000eb1c       ___chkstk_ms               000000014000fb1c     libclang_rt.builtins-x86_64:chkstk.S.obj
 0001:0000eb50       vfprintf                   000000014000fb50     libucrt:lib64_libucrt_extra_a-ucrt_vfprintf.o
 0001:0000eb90       vsnprintf                  000000014000fb90     libucrt:lib64_libucrt_extra_a-ucrt_vsnprintf.o
 0001:0000ebe0       sprintf                    000000014000fbe0     libucrt:lib64_libucrt_extra_a-ucrt_sprintf.o
 0001:0000edf0       _ZN6System8Internal7Initcpp15InitializeUnitsEPNS1_20TUnitDescriptorBlockES3_ 000000014000fdf0     rtl:System.Internal.InitCPP.o
 0001:0000ee40       _ZN6System8Internal7Initcpp13FinalizeUnitsEPNS1_20TUnitDescriptorBlockES3_ 000000014000fe40     rtl:System.Internal.InitCPP.o
 0001:0000ee90       _ZN6System8Internal7Initcpp15InitializeUnitsEPPNS1_20TUnitDescriptorBlockES4_ 000000014000fe90     rtl:System.Internal.InitCPP.o
 0001:0000eee0       _ZN6System8Internal7Initcpp13FinalizeUnitsEPPNS1_20TUnitDescriptorBlockES4_ 000000014000fee0     rtl:System.Internal.InitCPP.o
 0001:0000ef30       _ZN6System8Internal7Initcpp15InitializeUnitsEPNS1_15TUnitDescriptorES3_ 000000014000ff30     rtl:System.Internal.InitCPP.o
 0001:0000ef40       _ZN6System8Internal7Initcpp13FinalizeUnitsEPNS1_15TUnitDescriptorES3_ 000000014000ff40     rtl:System.Internal.InitCPP.o
 0001:0000ef50       _ZN6System8Internal7Initcpp15CalculateDegreeEPNS1_20TUnitDescriptorBlockES3_ 000000014000ff50     rtl:System.Internal.InitCPP.o
 0001:0000ef80       _ZN6System8Internal7Initcpp15CalculateDegreeEPPNS1_20TUnitDescriptorBlockES4_ 000000014000ff80     rtl:System.Internal.InitCPP.o
 0001:0000efb0       _ZN6System8Internal7Initcpp18InitializeRootUnitEPNS1_15TUnitDescriptorE 000000014000ffb0     rtl:System.Internal.InitCPP.o
 0001:0000f190       _ZN6System8Internal7Initcpp16FinalizeRootUnitEPNS1_15TUnitDescriptorE 0000000140010190     rtl:System.Internal.InitCPP.o
 0001:0000f260       _ZN6System8Internal7Initcpp12FinalizationEv 0000000140010260     rtl:System.Internal.InitCPP.o
 0001:0000f270       _ZN6System8Internal7Initcpp14initializationEv 0000000140010270     rtl:System.Internal.InitCPP.o
 0001:0000f350       _Z15__hook_delphiehv       0000000140010350     libmingw32:lib64_libmingw32_a-hook_delphieh.o
 0001:0000f470       _internal_malloc           0000000140010470     libmingw32:lib64_libmingw32_a-hook_delphimm.o
 0001:0000f490       _internal_allocmem         0000000140010490     libmingw32:lib64_libmingw32_a-hook_delphimm.o
 0001:0000f4b0       _internal_free             00000001400104b0     libmingw32:lib64_libmingw32_a-hook_delphimm.o
 0001:0000f4e0       _internal_realloc          00000001400104e0     libmingw32:lib64_libmingw32_a-hook_delphimm.o
 0001:0000f570       _internal_free_heaps       0000000140010570     libmingw32:lib64_libmingw32_a-hook_delphimm.o
 0001:0000f580       _internal_regmem           0000000140010580     libmingw32:lib64_libmingw32_a-hook_delphimm.o
 0001:0000f590       _internal_unreg_mem        0000000140010590     libmingw32:lib64_libmingw32_a-hook_delphimm.o
 0001:0000f5a0       _Z15__hook_delphimmv       00000001400105a0     libmingw32:lib64_libmingw32_a-hook_delphimm.o
 0001:0000f610       _ZN6System23_DelphiExceptionHandlerEPNS_16TExceptionRecordEyPvS2_ 0000000140010610     rtl:rtl290.bpl
 0001:0000f620       _ZN6System9_RunErrorEh     0000000140010620     rtl:rtl290.bpl
 0001:0000f630       _ZN6System14RegisterModuleEPNS_10TLibModuleE 0000000140010630     rtl:rtl290.bpl
 0001:0000f640       _ZN6System16UnregisterModuleEPNS_10TLibModuleE 0000000140010640     rtl:rtl290.bpl
 0001:0000f650       _ZN6System13FindHInstanceEPv 0000000140010650     rtl:rtl290.bpl
 0001:0000f660       _ZN6System11_DoneExceptEv  0000000140010660     rtl:rtl290.bpl
 0001:0000f670       _ZN6System17_DestroyExceptionEP18TExceptionPointersy 0000000140010670     rtl:rtl290.bpl
 0001:0000f680       _ZN6System12_PackageLoadEPNS_16PackageInfoTableEPNS_10TLibModuleE 0000000140010680     rtl:rtl290.bpl
 0001:0000f690       _ZN6System14_PackageUnloadEPNS_16PackageInfoTableEPNS_10TLibModuleE 0000000140010690     rtl:rtl290.bpl
 0001:0000f6a0       _ZN6System9_StartLibEPNS_12TInitContextEPNS_16PackageInfoTableEPNS_10TLibModuleEPvPFviS6_EyjS6_ 00000001400106a0     rtl:rtl290.bpl
 0001:0000f6b0       _ZN6System9_StartExeEPNS_16PackageInfoTableEPNS_10TLibModuleE 00000001400106b0     rtl:rtl290.bpl
 0001:0000f6c0       _ZN6System14initializationEv 00000001400106c0     rtl:rtl290.bpl
 0001:0000f6d0       _ZN3Vcl8Controls8TControl7GetTextEv 00000001400106d0     vcl:vcl290.bpl
 0001:0000f6e0       _ZN3Vcl8Controls8TControl7SetTextEN6System13UnicodeStringE 00000001400106e0     vcl:vcl290.bpl
 0001:0000f6f0       _ZN3Vcl5Forms12TApplication10InitializeEv 00000001400106f0     vcl:vcl290.bpl
 0001:0000f700       _ZN3Vcl5Forms12TApplication20SetMainFormOnTaskBarEb 0000000140010700     vcl:vcl290.bpl
 0001:0000f710       _ZN3Vcl5Forms12TApplication10CreateFormEN6System7Classes15TComponentClassEPv 0000000140010710     vcl:vcl290.bpl
 0001:0000f720       _ZN3Vcl5Forms12TApplication3RunEv 0000000140010720     vcl:vcl290.bpl
 0001:0000f730       _ZN3Vcl5Forms12TApplication13ShowExceptionEPN6System8Sysutils9ExceptionE 0000000140010730     vcl:vcl290.bpl
 0001:0000f740       _ZN6System8Sysutils9ExceptionC3ENS_13UnicodeStringE 0000000140010740     rtl:rtl290.bpl
 0001:0000f750       _ZN6System8Sysutils9ExceptionD0Ev 0000000140010750     rtl:rtl290.bpl
 0001:0000f760       _ZN3Vcl5Forms11TCustomFormC3EPN6System7Classes10TComponentE 0000000140010760     vcl:vcl290.bpl
 0001:0000f770       _ZN6System8Sysutils8IntToStrEi 0000000140010770     rtl:rtl290.bpl
 0001:0000f780       _ZN3Vcl5Forms11TCustomFormD0Ev 0000000140010780     vcl:vcl290.bpl
 0001:0000f790       _ZN3Vcl5Forms11TCustomForm4ShowEv 0000000140010790     vcl:vcl290.bpl
 0001:0000f7a0       _ZN3Vcl8Controls8TControl8SetWidthEi 00000001400107a0     vcl:vcl290.bpl
 0001:0000f7b0       _ZN3Vcl8Controls8TControl9SetHeightEi 00000001400107b0     vcl:vcl290.bpl
 0001:0000f7c0       _ZN3Vcl5Forms11TCustomForm11SetPositionENS0_9TPositionE 00000001400107c0     vcl:vcl290.bpl
 0001:0000f7d0       _ZN3Vcl8Stdctrls13TCustomButtonC3EPN6System7Classes10TComponentE 00000001400107d0     vcl:vcl290.bpl
 0001:0000f7e0       _ZN3Vcl8Controls8TControl7SetLeftEi 00000001400107e0     vcl:vcl290.bpl
 0001:0000f7f0       _ZN3Vcl8Controls8TControl6SetTopEi 00000001400107f0     vcl:vcl290.bpl
 0001:0000f800       _ZN3Vcl8Graphics6TBrush8GetColorEv 0000000140010800     vcl:vcl290.bpl
 0001:0000f810       _ZN3Vcl7Dialogs11ShowMessageEN6System13UnicodeStringE 0000000140010810     vcl:vcl290.bpl
 0001:0000f820       _ZN3Vcl8Graphics6TBrush8SetColorEN6System7Uitypes6TColorE 0000000140010820     vcl:vcl290.bpl
 0001:0000f830       _ZN6System3Win8Scktcomp16TServerWinSocket20GetActiveConnectionsEv 0000000140010830     rtl:rtl290.bpl
 0001:0000f840       _ZN6System3Win8Scktcomp16TServerWinSocket14GetConnectionsEi 0000000140010840     rtl:rtl290.bpl
 0001:0000f850       _ZN6System3Win8Scktcomp16TCustomWinSocket8SendTextENS_11AnsiStringTILt0EEE 0000000140010850     rtl:rtl290.bpl
 0001:0000f860       _ZN3Vcl5Forms11TCustomForm4HideEv 0000000140010860     vcl:vcl290.bpl
 0001:0000f870       _ZN6System3Win8Scktcomp16TCustomWinSocket11ReceiveTextEv 0000000140010870     rtl:rtl290.bpl
 0001:0000f880       _ZN6System7Classes11TStringListC3Ev 0000000140010880     rtl:rtl290.bpl
 0001:0000f890       _ZN6System7Classes8TStrings16SetDelimitedTextENS_13UnicodeStringE 0000000140010890     rtl:rtl290.bpl
 0001:0000f8a0       _ZN6System8Sysutils8StrToIntENS_13UnicodeStringE 00000001400108a0     rtl:rtl290.bpl
 0001:0000f8b0       _ZN3Vcl5Forms11TCustomFormC3EPN6System7Classes10TComponentEi 00000001400108b0     vcl:vcl290.bpl
 0001:0000f8c0       _ZN3Vcl5Forms11TCustomFormC3EPN6System7Classes10TComponentEii 00000001400108c0     vcl:vcl290.bpl
 0001:0000f8d0       _ZN6System7TObject6EqualsEPS0_ 00000001400108d0     rtl:rtl290.bpl
 0001:0000f8e0       _ZN6System7TObject11GetHashCodeEv 00000001400108e0     rtl:rtl290.bpl
 0001:0000f8f0       _ZN6System7TObject8ToStringEv 00000001400108f0     rtl:rtl290.bpl
 0001:0000f900       _ZN6System7Classes10TComponent17SafeCallExceptionEPNS_7TObjectEPv 0000000140010900     rtl:rtl290.bpl
 0001:0000f910       _ZN3Vcl5Forms11TCustomForm17AfterConstructionEv 0000000140010910     vcl:vcl290.bpl
 0001:0000f920       _ZN3Vcl5Forms11TCustomForm17BeforeDestructionEv 0000000140010920     vcl:vcl290.bpl
 0001:0000f930       _ZN6System7TObject8DispatchEPv 0000000140010930     rtl:rtl290.bpl
 0001:0000f940       _ZN3Vcl5Forms11TCustomForm14DefaultHandlerEPv 0000000140010940     vcl:vcl290.bpl
 0001:0000f950       _ZN6System7TObject11NewInstanceEv 0000000140010950     rtl:rtl290.bpl
 0001:0000f960       _ZN6System7TObject12FreeInstanceEv 0000000140010960     rtl:rtl290.bpl
 0001:0000f970       _ZN3Vcl8Controls11TWinControl8AssignToEPN6System7Classes11TPersistentE 0000000140010970     vcl:vcl290.bpl
 0001:0000f980       _ZN3Vcl5Forms11TCustomForm16DefinePropertiesEPN6System7Classes6TFilerE 0000000140010980     vcl:vcl290.bpl
 0001:0000f990       _ZN6System7Classes11TPersistent6AssignEPS1_ 0000000140010990     rtl:rtl290.bpl
 0001:0000f9a0       _ZN3Vcl8Controls11TWinControl13AsyncScheduleEPN6System7Classes16TBaseAsyncResultE 00000001400109a0     vcl:vcl290.bpl
 0001:0000f9b0       _ZN3Vcl5Forms11TCustomForm6LoadedEv 00000001400109b0     vcl:vcl290.bpl
 0001:0000f9c0       _ZN3Vcl5Forms11TCustomForm12NotificationEPN6System7Classes10TComponentENS3_10TOperationE 00000001400109c0     vcl:vcl290.bpl
 0001:0000f9d0       _ZN3Vcl5Forms11TCustomForm9ReadStateEPN6System7Classes7TReaderE 00000001400109d0     vcl:vcl290.bpl
 0001:0000f9e0       _ZN6System7Classes10TComponent10CanObserveEi 00000001400109e0     rtl:rtl290.bpl
 0001:0000f9f0       _ZN6System7Classes10TComponent13ObserverAddedEiNS_15DelphiInterfaceINS0_9IObserverEEE 00000001400109f0     rtl:rtl290.bpl
 0001:0000fa00       _ZN6System7Classes10TComponent12GetObserversEv 0000000140010a00     rtl:rtl290.bpl
 0001:0000fa10       _ZN3Vcl8Controls8TControl7SetNameEN6System13UnicodeStringE 0000000140010a10     vcl:vcl290.bpl
 0001:0000fa20       _ZN6System7Classes10TComponent14UpdateRegistryEbNS_13UnicodeStringES2_ 0000000140010a20     rtl:rtl290.bpl
 0001:0000fa30       _ZN3Vcl5Forms11TCustomForm14ValidateRenameEPN6System7Classes10TComponentENS2_13UnicodeStringES6_ 0000000140010a30     vcl:vcl290.bpl
 0001:0000fa40       _ZN6System7Classes10TComponent10WriteStateEPNS0_7TWriterE 0000000140010a40     rtl:rtl290.bpl
 0001:0000fa50       _ZN3Vcl5Forms11TCustomForm14QueryInterfaceERK5_GUIDPv 0000000140010a50     vcl:vcl290.bpl
 0001:0000fa60       _ZN6System7Classes10TComponent12UpdateActionEPNS0_12TBasicActionE 0000000140010a60     rtl:rtl290.bpl
 0001:0000fa70       _ZN3Vcl5Forms11TCustomForm12GetDesignDpiEv 0000000140010a70     vcl:vcl290.bpl
 0001:0000fa80       _ZN3Vcl8Controls8TControl19GetParentCurrentDpiEv 0000000140010a80     vcl:vcl290.bpl
 0001:0000fa90       _ZN3Vcl8Controls8TControl13GetCurrentPPIEv 0000000140010a90     vcl:vcl290.bpl
 0001:0000faa0       _ZN3Vcl8Controls11TWinControl17GetDPIForDesignerEv 0000000140010aa0     vcl:vcl290.bpl
 0001:0000fab0       _ZN3Vcl8Controls11TWinControl9CanResizeERiS2_ 0000000140010ab0     vcl:vcl290.bpl
 0001:0000fac0       _ZN3Vcl8Controls11TWinControl11CanAutoSizeERiS2_ 0000000140010ac0     vcl:vcl290.bpl
 0001:0000fad0       _ZN3Vcl8Controls11TWinControl17ConstrainedResizeERiS2_S2_S2_ 0000000140010ad0     vcl:vcl290.bpl
 0001:0000fae0       _ZN3Vcl8Controls8TControl18CreateTouchManagerEv 0000000140010ae0     vcl:vcl290.bpl
 0001:0000faf0       _ZN3Vcl5Forms20TScrollingWinControl9DoGestureERKNS_8Controls17TGestureEventInfoERb 0000000140010af0     vcl:vcl290.bpl
 0001:0000fb00       _ZN3Vcl5Forms20TScrollingWinControl19DoGetGestureOptionsERN6System3SetINS_8Controls19TInteractiveGestureELS5_0ELS5_4EEERNS3_INS4_25TInteractiveGestureOptionELS8_0ELS8_4EEE 0000000140010b00     vcl:vcl290.bpl
 0001:0000fb10       _ZN3Vcl8Controls11TWinControl22DoStyleElementsChangedEv 0000000140010b10     vcl:vcl290.bpl
 0001:0000fb20       _ZN3Vcl8Controls8TControl9GetActionEv 0000000140010b20     vcl:vcl290.bpl
 0001:0000fb30       _ZN3Vcl8Controls11TWinControl15GetClientOriginEv 0000000140010b30     vcl:vcl290.bpl
 0001:0000fb40       _ZN3Vcl5Forms11TCustomForm13GetClientRectEv 0000000140010b40     vcl:vcl290.bpl
 0001:0000fb50       _ZN3Vcl8Controls11TWinControl16GetDeviceContextERP6HWND__ 0000000140010b50     vcl:vcl290.bpl
 0001:0000fb60       _ZN3Vcl8Controls8TControl10GetEnabledEv 0000000140010b60     vcl:vcl290.bpl
 0001:0000fb70       _ZN3Vcl5Forms11TCustomForm11GetFloatingEv 0000000140010b70     vcl:vcl290.bpl
 0001:0000fb80       _ZN3Vcl8Controls8TControl24GetFloatingDockSiteClassEv 0000000140010b80     vcl:vcl290.bpl
 0001:0000fb90       _ZN3Vcl5Forms11TCustomForm12RequestAlignEv 0000000140010b90     vcl:vcl290.bpl
 0001:0000fba0       _ZN3Vcl8Controls8TControl19DefaultScalingFlagsEv 0000000140010ba0     vcl:vcl290.bpl
 0001:0000fbb0       _ZN3Vcl8Controls8TControl11SetAutoSizeEb 0000000140010bb0     vcl:vcl290.bpl
 0001:0000fbc0       _ZN3Vcl8Controls8TControl11SetDragModeEN6System7Uitypes9TDragModeE 0000000140010bc0     vcl:vcl290.bpl
 0001:0000fbd0       _ZN3Vcl8Controls8TControl10SetEnabledEb 0000000140010bd0     vcl:vcl290.bpl
 0001:0000fbe0       _ZN3Vcl5Forms11TCustomForm9SetParentEPNS_8Controls11TWinControlE 0000000140010be0     vcl:vcl290.bpl
 0001:0000fbf0       _ZN3Vcl5Forms11TCustomForm17SetParentBiDiModeEb 0000000140010bf0     vcl:vcl290.bpl
 0001:0000fc00       _ZN3Vcl8Controls8TControl11SetBiDiModeEN6System7Classes9TBiDiModeE 0000000140010c00     vcl:vcl290.bpl
 0001:0000fc10       _ZN3Vcl8Controls8TControl16GetStyleElementsEv 0000000140010c10     vcl:vcl290.bpl
 0001:0000fc20       _ZN3Vcl8Controls8TControl16SetStyleElementsEN6System3SetINS0_13TStyleElementELS4_0ELS4_2EEE 0000000140010c20     vcl:vcl290.bpl
 0001:0000fc30       _ZN3Vcl8Controls8TControl12SetStyleNameEN6System13UnicodeStringE 0000000140010c30     vcl:vcl290.bpl
 0001:0000fc40       _ZN3Vcl5Forms11TCustomForm7WndProcERN6Winapi8Messages8TMessageE 0000000140010c40     vcl:vcl290.bpl
 0001:0000fc50       _ZN3Vcl5Forms11TCustomForm19UpdateStyleElementsEv 0000000140010c50     vcl:vcl290.bpl
 0001:0000fc60       _ZN3Vcl8Controls8TControl13GetDragImagesEv 0000000140010c60     vcl:vcl290.bpl
 0001:0000fc70       _ZN3Vcl8Controls11TWinControl24GetAllocatedWindowHandleEv 0000000140010c70     vcl:vcl290.bpl
 0001:0000fc80       _ZN3Vcl8Controls8TControl19IsCustomStyleActiveEv 0000000140010c80     vcl:vcl290.bpl
 0001:0000fc90       _ZN3Vcl8Controls8TControl17IsLightStyleColorEN6System7Uitypes6TColorE 0000000140010c90     vcl:vcl290.bpl
 0001:0000fca0       _ZN3Vcl5Forms11TCustomForm11ScaleForPPIEi 0000000140010ca0     vcl:vcl290.bpl
 0001:0000fcb0       _ZN3Vcl8Controls8TControl14InitiateActionEv 0000000140010cb0     vcl:vcl290.bpl
 0001:0000fcc0       _ZN3Vcl8Controls11TWinControl10InvalidateEv 0000000140010cc0     vcl:vcl290.bpl
 0001:0000fcd0       _ZN3Vcl8Controls11TWinControl7RepaintEv 0000000140010cd0     vcl:vcl290.bpl
 0001:0000fce0       _ZN3Vcl8Controls11TWinControl9SetBoundsEiiii 0000000140010ce0     vcl:vcl290.bpl
 0001:0000fcf0       _ZN3Vcl8Controls11TWinControl6UpdateEv 0000000140010cf0     vcl:vcl290.bpl
 0001:0000fd00       _ZN3Vcl8Controls8TControl16GetSystemMetricsEi 0000000140010d00     vcl:vcl290.bpl
 0001:0000fd10       _ZN3Vcl8Controls8TControl12GetStyleNameEv 0000000140010d10     vcl:vcl290.bpl
 0001:0000fd20       _ZN3Vcl8Controls11TWinControl21CanUseDoubleBufferingEv 0000000140010d20     vcl:vcl290.bpl
 0001:0000fd30       _ZN3Vcl8Controls11TWinControl17GetDoubleBufferedEv 0000000140010d30     vcl:vcl290.bpl
[...]
 0002:0000ad90       GCC_except_table114        000000014001cd90     rtle:ustring.o
 0002:0000ae68       $unwind$_ZN6System8Internal7Initcpp23SelectForInitializationEPNS1_20TUnitDescriptorBlockES3_ 000000014001ce68     rtl:System.Internal.InitCPP.o
 0002:0000ae6c       $unwind$_ZN6System8Internal7Initcpp23SelectForInitializationEPPNS1_20TUnitDescriptorBlockES4_ 000000014001ce6c     rtl:System.Internal.InitCPP.o
 0002:0000ae70       $unwind$_ZN6System8Internal7Initcpp15InitializeUnitsEPNS1_20TUnitDescriptorBlockES3_ 000000014001ce70     rtl:System.Internal.InitCPP.o
 0002:0000ae7c       $unwind$_ZN6System8Internal7Initcpp13FinalizeUnitsEPNS1_20TUnitDescriptorBlockES3_ 000000014001ce7c     rtl:System.Internal.InitCPP.o
 0002:0000ae84       $unwind$_ZN6System8Internal7Initcpp15InitializeUnitsEPPNS1_20TUnitDescriptorBlockES4_ 000000014001ce84     rtl:System.Internal.InitCPP.o
 0002:0000ae90       $unwind$_ZN6System8Internal7Initcpp13FinalizeUnitsEPPNS1_20TUnitDescriptorBlockES4_ 000000014001ce90     rtl:System.Internal.InitCPP.o
 0002:0000ae98       $unwind$_ZN6System8Internal7Initcpp15InitializeUnitsEPNS1_15TUnitDescriptorES3_ 000000014001ce98     rtl:System.Internal.InitCPP.o
 0002:0000aea0       $unwind$_ZN6System8Internal7Initcpp13FinalizeUnitsEPNS1_15TUnitDescriptorES3_ 000000014001cea0     rtl:System.Internal.InitCPP.o
 0002:0000aea8       $unwind$_ZN6System8Internal7Initcpp15CalculateDegreeEPNS1_20TUnitDescriptorBlockES3_ 000000014001cea8     rtl:System.Internal.InitCPP.o
 0002:0000aeac       $unwind$_ZN6System8Internal7Initcpp15CalculateDegreeEPPNS1_20TUnitDescriptorBlockES4_ 000000014001ceac     rtl:System.Internal.InitCPP.o
 0002:0000aeb0       $unwind$_ZN6System8Internal7Initcpp16FinalizeUnitListEPPPNS1_15TUnitDescriptorES5_ 000000014001ceb0     rtl:System.Internal.InitCPP.o
 0002:0000aeec       $unwind$_ZN6System8Internal7Initcpp18InitializeRootUnitEPNS1_15TUnitDescriptorE 000000014001ceec     rtl:System.Internal.InitCPP.o
 0002:0000afa0       $unwind$_ZN6System8Internal7Initcpp16FinalizeRootUnitEPNS1_15TUnitDescriptorE 000000014001cfa0     rtl:System.Internal.InitCPP.o
 0002:0000afdc       $unwind$_ZN6System8Internal7Initcpp12FinalizationEv 000000014001cfdc     rtl:System.Internal.InitCPP.o
 0002:0000afe0       $unwind$_ZN6System8Internal7Initcpp14initializationEv 000000014001cfe0     rtl:System.Internal.InitCPP.o
 0003:00000000       version_string             000000014001e000     crtbegin.o
 0003:000000e8       _ZN7Sysinit6ModuleE        000000014001e0e8     sysinit.o
 0003:00000120       _ZN7Sysinit7TlsProcE       000000014001e120     sysinit.o
 0003:00000140       _ZN7Sysinit21_dtors_delayhlp_65535E 000000014001e140     sysinit.o
 0003:00000160       initial_tznames            000000014001e160     libucrt:lib64_libucrt_extra_a-ucrtbase_compat.o
 0003:00000178       initial_timezone           000000014001e178     libucrt:lib64_libucrt_extra_a-ucrtbase_compat.o
 0003:00000188       initial_daylight           000000014001e188     libucrt:lib64_libucrt_extra_a-ucrtbase_compat.o
 0003:000001c8       initial_tzname0            000000014001e1c8     libucrt:lib64_libucrt_extra_a-ucrtbase_compat.o
 0003:000001cc       initial_tzname1            000000014001e1cc     libucrt:lib64_libucrt_extra_a-ucrtbase_compat.o
 0003:000001e0       __do_global_dtors.p        000000014001e1e0     libmingw32:lib64_libmingw32_a-gccmain.o
 0003:00000234       managedapp                 000000014001e234     crt2u.o
 0003:00000238       startinfo                  000000014001e238     crt2u.o
 0003:0000023c       argc                       000000014001e23c     crt2u.o
 0003:00000240       argv                       000000014001e240     crt2u.o
 0003:00000248       envp                       000000014001e248     crt2u.o
 0003:00000250       argret                     000000014001e250     crt2u.o
 0003:00000254       has_cctor                  000000014001e254     crt2u.o
 0003:00000258       mainret                    000000014001e258     crt2u.o
 0003:000002a0       _ZN7Sysinit2_1E            000000014001e2a0     sysinit.o
 0003:000002a8       _ZN7Sysinit9tlsBufferE     000000014001e2a8     sysinit.o
 0003:000002b0       _ZN7Sysinit9UseTlsAPIE     000000014001e2b0     sysinit.o
 0003:000002b8       .bss.delayhlp              000000014001e2b8     sysinit.o
 0003:000002b8       ..__puiHead                000000014001e2b8     sysinit.o
 0003:000002c0       _ZN6System8Internal7Strhlpr2_1E 000000014001e2c0     rtl:System.Internal.StrHlpr.o
 0003:000002c8       local__initenv             000000014001e2c8     libucrt:lib64_libucrt_extra_a-__initenv.o
 0003:000002d0       local__winitenv            000000014001e2d0     libucrt:lib64_libucrt_extra_a-__initenv.o
 0003:000002d8       initialized                000000014001e2d8     libmingw32:lib64_libmingw32_a-gccmain.o
 0003:00000310       _pei386_runtime_relocator.was_init 000000014001e310     libmingw32:lib64_libmingw32_a-pseudo-reloc.o
 0003:00000318       the_secs                   000000014001e318     libmingw32:lib64_libmingw32_a-pseudo-reloc.o
 0003:00000320       maxSections                000000014001e320     libmingw32:lib64_libmingw32_a-pseudo-reloc.o
 0003:00000328       stUserMathErr              000000014001e328     libmingw32:lib64_libmingw32_a-usermatherr.o
 0003:00000348       _ZZ18__delphi_type_infoE15type_info_mutex 000000014001e348     rtle:syssupp.o
 0003:00000350       _ZZ18__delphi_type_infoE13type_info_map 000000014001e350     rtle:syssupp.o
 0003:00000378       _ZGVZ18__delphi_type_infoE13type_info_map 000000014001e378     rtle:syssupp.o
 0003:00000388       __mingwthr_cs_init         000000014001e388     libmingw32:lib64_libmingw32_a-tlsthrd.o
 0003:00000390       __mingwthr_cs              000000014001e390     libmingw32:lib64_libmingw32_a-tlsthrd.o
 0003:000003b8       key_dtor_list              000000014001e3b8     libmingw32:lib64_libmingw32_a-tlsthrd.o
 0003:000003c4       _ZN6System8Internal7Initcpp2_1E 000000014001e3c4     rtl:System.Internal.InitCPP.o
 0004:0000006c       $pdata$_ZN7Sysinit19InterlockedExchangeERii 000000014001f06c     sysinit.o
 0004:00000078       $pdata$_ZN7Sysinit26InterlockedExchangePointerERPvS0_ 000000014001f078     sysinit.o
 0004:00000084       $pdata$_ZN7Sysinit17SetDliNotifyHook2EPFPv15dliNotificationP13DelayLoadInfoE 000000014001f084     sysinit.o
 0004:00000090       $pdata$_ZN7Sysinit14DliNotifyHook2Ev 000000014001f090     sysinit.o
 0004:0000009c       $pdata$_ZN7Sysinit18SetDliFailureHook2EPFPv15dliNotificationP13DelayLoadInfoE 000000014001f09c     sysinit.o
 0004:000000a8       $pdata$_ZN7Sysinit15DliFailureHook2Ev 000000014001f0a8     sysinit.o
 0004:000000b4       $pdata$_ZN7Sysinit17_DelayLoadHelper2ERPvS0_ 000000014001f0b4     sysinit.o
 0004:000000c0       $pdata$_ZN7Sysinit21UnloadDelayLoadedDLL2EPc 000000014001f0c0     sysinit.o
 0004:000000cc       $pdata$_ZN7Sysinit20LoadAllImportsForDllEPc 000000014001f0cc     sysinit.o
 0004:000000d8       $pdata$_ZN7Sysinit14AllocTlsBufferEi 000000014001f0d8     sysinit.o
 0004:000000e4       $pdata$_ZN7Sysinit10GetTlsSizeEv 000000014001f0e4     sysinit.o
 0004:000000f0       $pdata$_ZN7Sysinit13InitThreadTLSEv 000000014001f0f0     sysinit.o
 0004:000000fc       $pdata$_ZN7Sysinit14InitProcessTLSEv 000000014001f0fc     sysinit.o
 0004:00000108       $pdata$_ZN7Sysinit13ExitThreadTLSEv 000000014001f108     sysinit.o
 0004:00000114       $pdata$_ZN7Sysinit14ExitProcessTLSEv 000000014001f114     sysinit.o
 0004:00000120       $pdata$_ZN7Sysinit6isWineEv 000000014001f120     sysinit.o
 0004:0000012c       $pdata$_ZN7Sysinit7_GetTlsEv 000000014001f12c     sysinit.o
 0004:00000138       $pdata$_ZN7Sysinit16InitializeModuleEv 000000014001f138     sysinit.o
 0004:00000144       $pdata$_ZN7Sysinit18UninitializeModuleEv 000000014001f144     sysinit.o
 0004:00000150       $pdata$_ZN7Sysinit7VclInitEbbyb 000000014001f150     sysinit.o
 0004:0000015c       $pdata$_ZN7Sysinit7VclExitEv 000000014001f15c     sysinit.o
 0004:00000168       $pdata$_ZN7Sysinit14__dbkDummyProcEv 000000014001f168     sysinit.o
 0004:00000174       $pdata$_ZN7Sysinit14__dbkFCallArgsEPvS0_S0_S0_S0_S0_S0_S0_S0_S0_S0_S0_S0_S0_S0_S0_S0_S0_S0_S0_S0_S0_S0_S0_S0_S0_S0_S0_S0_S0_ 000000014001f174     sysinit.o
 0004:00000180       $pdata$_ZN7Sysinit19__dbk_fcall_wrapperEv 000000014001f180     sysinit.o
 0004:00000198       $pdata$_ZN7Sysinit8_InitPkgEyiPv 000000014001f198     sysinit.o
 0004:000001a4       $pdata$_ZN7Sysinit12_PackageLoadEPN6System16PackageInfoTableE 000000014001f1a4     sysinit.o
 0004:000001b0       $pdata$_ZN7Sysinit14_PackageUnloadEPN6System16PackageInfoTableE 000000014001f1b0     sysinit.o
 0004:000001bc       $pdata$_ZN7Sysinit8_InitLibEPN6System12TInitContextEPNS0_16PackageInfoTableEyjPv 000000014001f1bc     sysinit.o
 0004:000001c8       $pdata$_ZN7Sysinit8_InitExeEPv 000000014001f1c8     sysinit.o
 0004:000001d4       $pdata$delayhlp            000000014001f1d4     sysinit.o
 0004:00000204       $pdata$_ZN7Sysinit12FinalizationEv 000000014001f204     sysinit.o
 0004:00000210       $pdata$_ZN7Sysinit14initializationEv 000000014001f210     sysinit.o
 0004:0000039c       $pdata$_ZN6System8Internal7Strhlpr15UnicodeFromAnsiERNS_13UnicodeStringERNS_11AnsiStringTILt65535EEE 000000014001f39c     rtl:System.Internal.StrHlpr.o
 0004:000003a8       $pdata$_ZN6System8Internal7Strhlpr16UnicodeFromPCharERNS_13UnicodeStringEPcb 000000014001f3a8     rtl:System.Internal.StrHlpr.o
 0004:000003c0       $pdata$_ZN6System8Internal7Strhlpr15UnicodeFromUTF8ERNS_13UnicodeStringEPKc 000000014001f3c0     rtl:System.Internal.StrHlpr.o
 0004:000003cc       $pdata$_ZN6System8Internal7Strhlpr20UnicodeFromPWideCharERNS_13UnicodeStringEPw 000000014001f3cc     rtl:System.Internal.StrHlpr.o
 0004:000003d8       $pdata$_ZN6System8Internal7Strhlpr13UnicodeAppendERNS_13UnicodeStringES3_ 000000014001f3d8     rtl:System.Internal.StrHlpr.o
 0004:000003e4       $pdata$_ZN6System8Internal7Strhlpr10UnicodeCatERNS_13UnicodeStringES3_ 000000014001f3e4     rtl:System.Internal.StrHlpr.o
 0004:000003f0       $pdata$_ZN6System8Internal7Strhlpr13UnicodeDeleteERNS_13UnicodeStringEii 000000014001f3f0     rtl:System.Internal.StrHlpr.o
 0004:000003fc       $pdata$_ZN6System8Internal7Strhlpr16UnicodeSetLengthERNS_13UnicodeStringEi 000000014001f3fc     rtl:System.Internal.StrHlpr.o
 0004:00000408       $pdata$_ZN6System8Internal7Strhlpr10UnicodePosERNS_13UnicodeStringES3_ 000000014001f408     rtl:System.Internal.StrHlpr.o
 0004:00000414       $pdata$_ZN6System8Internal7Strhlpr11UnicodeCopyERNS_13UnicodeStringEii 000000014001f414     rtl:System.Internal.StrHlpr.o
 0004:00000420       $pdata$_ZN6System8Internal7Strhlpr13UnicodeInsertERNS_13UnicodeStringES3_i 000000014001f420     rtl:System.Internal.StrHlpr.o
 0004:0000042c       $pdata$_ZN6System8Internal7Strhlpr13UnicodeAssignERNS_13UnicodeStringES3_ 000000014001f42c     rtl:System.Internal.StrHlpr.o
 0004:00000438       $pdata$_ZN6System8Internal7Strhlpr11UnicodeFreeERNS_13UnicodeStringE 000000014001f438     rtl:System.Internal.StrHlpr.o
 0004:00000444       $pdata$_ZN6System8Internal7Strhlpr12UnicodeEqualERNS_13UnicodeStringES3_ 000000014001f444     rtl:System.Internal.StrHlpr.o
 0004:00000450       $pdata$_ZN6System8Internal7Strhlpr11UnicodeLessERNS_13UnicodeStringES3_ 000000014001f450     rtl:System.Internal.StrHlpr.o
 0004:0000045c       $pdata$_ZN6System8Internal7Strhlpr14UnicodeGreaterERNS_13UnicodeStringES3_ 000000014001f45c     rtl:System.Internal.StrHlpr.o
 0004:00000468       $pdata$_ZN6System8Internal7Strhlpr10AnsiAppendERNS_11AnsiStringTILt65535EEES4_ 000000014001f468     rtl:System.Internal.StrHlpr.o
 0004:00000474       $pdata$_ZN6System8Internal7Strhlpr7AnsiCatERNS_11AnsiStringTILt65535EEES4_ 000000014001f474     rtl:System.Internal.StrHlpr.o
 0004:00000480       $pdata$_ZN6System8Internal7Strhlpr10AnsiDeleteERNS_11AnsiStringTILt65535EEEii 000000014001f480     rtl:System.Internal.StrHlpr.o
 0004:0000048c       $pdata$_ZN6System8Internal7Strhlpr13AnsiSetLengthERNS_11AnsiStringTILt65535EEEi 000000014001f48c     rtl:System.Internal.StrHlpr.o
 0004:00000498       $pdata$_ZN6System8Internal7Strhlpr7AnsiPosERNS_11AnsiStringTILt65535EEES4_ 000000014001f498     rtl:System.Internal.StrHlpr.o
 0004:000004a4       $pdata$_ZN6System8Internal7Strhlpr8AnsiCopyERNS_11AnsiStringTILt65535EEEii 000000014001f4a4     rtl:System.Internal.StrHlpr.o
 0004:000004b0       $pdata$_ZN6System8Internal7Strhlpr10AnsiInsertERNS_11AnsiStringTILt65535EEES4_i 000000014001f4b0     rtl:System.Internal.StrHlpr.o
 0004:000004bc       $pdata$_ZN6System8Internal7Strhlpr9AnsiEqualERNS_11AnsiStringTILt65535EEES4_ 000000014001f4bc     rtl:System.Internal.StrHlpr.o
 0004:000004c8       $pdata$_ZN6System8Internal7Strhlpr11AnsiGreaterERNS_11AnsiStringTILt65535EEES4_ 000000014001f4c8     rtl:System.Internal.StrHlpr.o
 0004:000004d4       $pdata$_ZN6System8Internal7Strhlpr8AnsiLessERNS_11AnsiStringTILt65535EEES4_ 000000014001f4d4     rtl:System.Internal.StrHlpr.o
 0004:000004e0       $pdata$_ZN6System8Internal7Strhlpr10AnsiAssignERNS_11AnsiStringTILt65535EEES4_ 000000014001f4e0     rtl:System.Internal.StrHlpr.o
 0004:000004ec       $pdata$_ZN6System8Internal7Strhlpr8AnsiFreeERNS_11AnsiStringTILt65535EEE 000000014001f4ec     rtl:System.Internal.StrHlpr.o
 0004:000004f8       $pdata$_ZN6System8Internal7Strhlpr10WideAssignERNS_10WideStringES3_ 000000014001f4f8     rtl:System.Internal.StrHlpr.o
 0004:00000504       $pdata$_ZN6System8Internal7Strhlpr8WideFreeERNS_10WideStringE 000000014001f504     rtl:System.Internal.StrHlpr.o
 0004:00000510       $pdata$_ZN6System8Internal7Strhlpr12WideFromAnsiERNS_10WideStringERNS_11AnsiStringTILt65535EEE 000000014001f510     rtl:System.Internal.StrHlpr.o
 0004:0000051c       $pdata$_ZN6System8Internal7Strhlpr15WideFromUnicodeERNS_10WideStringERNS_13UnicodeStringE 000000014001f51c     rtl:System.Internal.StrHlpr.o
 0004:00000528       $pdata$_ZN6System8Internal7Strhlpr13WideFromPCharERNS_10WideStringEPcb 000000014001f528     rtl:System.Internal.StrHlpr.o
 0004:00000540       $pdata$_ZN6System8Internal7Strhlpr9WideEqualERNS_10WideStringES3_ 000000014001f540     rtl:System.Internal.StrHlpr.o
 0004:0000054c       $pdata$_ZN6System8Internal7Strhlpr8WideLessERNS_10WideStringES3_ 000000014001f54c     rtl:System.Internal.StrHlpr.o
 0004:00000558       $pdata$_ZN6System8Internal7Strhlpr11WideGreaterERNS_10WideStringES3_ 000000014001f558     rtl:System.Internal.StrHlpr.o
 0004:00000564       $pdata$_ZN6System8Internal7Strhlpr7WideCatERNS_10WideStringES3_ 000000014001f564     rtl:System.Internal.StrHlpr.o
 0004:00000570       $pdata$_ZN6System8Internal7Strhlpr10WideLengthERNS_10WideStringE 000000014001f570     rtl:System.Internal.StrHlpr.o
 0004:0000057c       $pdata$_ZN6System8Internal7Strhlpr7WidePosERNS_10WideStringES3_ 000000014001f57c     rtl:System.Internal.StrHlpr.o
 0004:00000588       $pdata$_ZN6System8Internal7Strhlpr13WideSetLengthERNS_10WideStringEi 000000014001f588     rtl:System.Internal.StrHlpr.o
 0004:00000594       $pdata$_ZN6System8Internal7Strhlpr10WideDeleteERNS_10WideStringEii 000000014001f594     rtl:System.Internal.StrHlpr.o
 0004:000005a0       $pdata$_ZN6System8Internal7Strhlpr10WideInsertERNS_10WideStringES3_i 000000014001f5a0     rtl:System.Internal.StrHlpr.o
 0004:000005ac       $pdata$_ZN6System8Internal7Strhlpr8WideCopyERNS_10WideStringEii 000000014001f5ac     rtl:System.Internal.StrHlpr.o
 0004:000005b8       $pdata$_ZN6System8Internal7Strhlpr10WideAppendERNS_10WideStringES3_ 000000014001f5b8     rtl:System.Internal.StrHlpr.o
 0004:000005c4       $pdata$_ZN6System8Internal7Strhlpr12WideFromUTF8ERNS_10WideStringEPKc 000000014001f5c4     rtl:System.Internal.StrHlpr.o
 0004:000005dc       $pdata$_ZN6System8Internal7Strhlpr15UnicodeFromWideERNS_13UnicodeStringERNS_10WideStringE 000000014001f5dc     rtl:System.Internal.StrHlpr.o
 0004:000005e8       $pdata$_ZN6System8Internal7Strhlpr12FinalizationEv 000000014001f5e8     rtl:System.Internal.StrHlpr.o
 0004:000005f4       $pdata$_ZN6System8Internal7Strhlpr14initializationEv 000000014001f5f4     rtl:System.Internal.StrHlpr.o
 0004:00000f6c       $pdata$_ZN6System8Internal7Initcpp23SelectForInitializationEPNS1_20TUnitDescriptorBlockES3_ 000000014001ff6c     rtl:System.Internal.InitCPP.o
 0004:00000f78       $pdata$_ZN6System8Internal7Initcpp23SelectForInitializationEPPNS1_20TUnitDescriptorBlockES4_ 000000014001ff78     rtl:System.Internal.InitCPP.o
 0004:00000f84       $pdata$_ZN6System8Internal7Initcpp15InitializeUnitsEPNS1_20TUnitDescriptorBlockES3_ 000000014001ff84     rtl:System.Internal.InitCPP.o
 0004:00000f90       $pdata$_ZN6System8Internal7Initcpp13FinalizeUnitsEPNS1_20TUnitDescriptorBlockES3_ 000000014001ff90     rtl:System.Internal.InitCPP.o
 0004:00000f9c       $pdata$_ZN6System8Internal7Initcpp15InitializeUnitsEPPNS1_20TUnitDescriptorBlockES4_ 000000014001ff9c     rtl:System.Internal.InitCPP.o
 0004:00000fa8       $pdata$_ZN6System8Internal7Initcpp13FinalizeUnitsEPPNS1_20TUnitDescriptorBlockES4_ 000000014001ffa8     rtl:System.Internal.InitCPP.o
 0004:00000fb4       $pdata$_ZN6System8Internal7Initcpp15InitializeUnitsEPNS1_15TUnitDescriptorES3_ 000000014001ffb4     rtl:System.Internal.InitCPP.o
 0004:00000fc0       $pdata$_ZN6System8Internal7Initcpp13FinalizeUnitsEPNS1_15TUnitDescriptorES3_ 000000014001ffc0     rtl:System.Internal.InitCPP.o
 0004:00000fcc       $pdata$_ZN6System8Internal7Initcpp15CalculateDegreeEPNS1_20TUnitDescriptorBlockES3_ 000000014001ffcc     rtl:System.Internal.InitCPP.o
 0004:00000fd8       $pdata$_ZN6System8Internal7Initcpp15CalculateDegreeEPPNS1_20TUnitDescriptorBlockES4_ 000000014001ffd8     rtl:System.Internal.InitCPP.o
 0004:00000fe4       $pdata$_ZN6System8Internal7Initcpp16FinalizeUnitListEPPPNS1_15TUnitDescriptorES5_ 000000014001ffe4     rtl:System.Internal.InitCPP.o
 0004:00000ffc       $pdata$_ZN6System8Internal7Initcpp18InitializeRootUnitEPNS1_15TUnitDescriptorE 000000014001fffc     rtl:System.Internal.InitCPP.o
 0004:00001038       $pdata$_ZN6System8Internal7Initcpp16FinalizeRootUnitEPNS1_15TUnitDescriptorE 0000000140020038     rtl:System.Internal.InitCPP.o
 0004:00001050       $pdata$_ZN6System8Internal7Initcpp12FinalizationEv 0000000140020050     rtl:System.Internal.InitCPP.o
 0004:0000105c       $pdata$_ZN6System8Internal7Initcpp14initializationEv 000000014002005c     rtl:System.Internal.InitCPP.o
 000a:00000380       $R000000                   0000000140026380     internal .obj file created from .res files
 000a:00004908       $R000001                   000000014002a908     internal .obj file created from .res files
 000a:00004b08       $R000002                   000000014002ab08     internal .obj file created from .res files
 000a:00006130       $R000003                   000000014002c130     internal .obj file created from .res files
 000a:00006fd8       $R000004                   000000014002cfd8     internal .obj file created from .res files
 000a:00007880       $R000005                   000000014002d880     internal .obj file created from .res files
 000a:00007de8       $R000006                   000000014002dde8     internal .obj file created from .res files
 000a:0000e2a8       $R000007                   00000001400342a8     internal .obj file created from .res files
 000a:0001ead0       $R000008                   0000000140044ad0     internal .obj file created from .res files
 000a:00022cf8       $R000009                   0000000140048cf8     internal .obj file created from .res files
 000a:00023680       $R00000A                   0000000140049680     internal .obj file created from .res files
 000a:00023ae8       $R00000B                   0000000140049ae8     internal .obj file created from .res files
 000a:00023b70       $R00000C                   0000000140049b70     internal .obj file created from .res files
 000a:00024280       $R00000D                   000000014004a280     internal .obj file created from .res files
